nomad-server-3    |     2018/10/01 01:17:13.977348 [DEBUG] worker: dequeued evaluation 525c6153-3d83-f16b-9801-a58f981d7a2d
nomad-client_2    |     2018/10/01 01:26:13.996188 [INFO] client: Not restarting task: task-1538357167-c28f3824eb4beb97cc399e9af31ded28c8199670 for alloc: 0a222851-e0dd-670f-4dae-ab1973f5ca14 
nomad-server-2    |     2018/10/01 01:18:58.641249 [DEBUG] worker: ack for evaluation 58feae10-5aa4-488f-b823-96f7af8a3f5e
nomad-client_1    |     2018/10/01 01:15:47.723191 [DEBUG] http: Request GET /v1/node/354efa2d-05bb-282f-2bf6-faa1bcaea7e6/allocations (12.4954ms)
nomad-server-1    |     2018/10/01 01:15:15.826428 [DEBUG] http: Request GET /v1/evaluations?index=114&wait=60000ms (3.5031982s)
nomad-server-3    |     2018/10/01 01:17:13.977621 [DEBUG] sched: <Eval "525c6153-3d83-f16b-9801-a58f981d7a2d" JobID: "example-1538356518-5906f3849d8c39f359238cd749b74a423f076e10" Namespace: "default">: Total changes: (place 0) (destructive 0) (inplace 0) (stop 0)
nomad-client_2    |     2018/10/01 01:26:13.996503 [INFO] client.gc: marking allocation 0a222851-e0dd-670f-4dae-ab1973f5ca14 for GC
nomad-server-2    |     2018/10/01 01:19:03.638320 [DEBUG] worker: dequeued evaluation 4b3ce0c7-8733-2a42-2604-cbd10c285973
nomad-client_1    |     2018/10/01 01:15:47.732547 [DEBUG] http: Request GET /v1/client/allocation/be680075-9c83-aa3b-b5c7-d7ebc95dcce0/stats (618.9s)
nomad-server-1    |     2018/10/01 01:15:15.828789 [DEBUG] http: Request GET /v1/evaluation/5894a8d2-2061-d9b3-ec91-94848b17a128 (1.7822ms)
nomad-server-3    |     2018/10/01 01:17:13.977895 [DEBUG] sched: <Eval "525c6153-3d83-f16b-9801-a58f981d7a2d" JobID: "example-1538356518-5906f3849d8c39f359238cd749b74a423f076e10" Namespace: "default">: setting status to complete
nomad-client_2    |     2018/10/01 01:26:14.223858 [DEBUG] client: updated allocations at index 534 (total 13) (pulled 0) (filtered 13)
nomad-server-2    |     2018/10/01 01:19:03.638460 [DEBUG] sched.core: deployment GC: scanning before index 0 (1h0m0s)
nomad-client_1    |     2018/10/01 01:15:47.745663 [DEBUG] http: Request GET /v1/node/354efa2d-05bb-282f-2bf6-faa1bcaea7e6/allocations (11.812ms)
nomad-server-1    |     2018/10/01 01:15:15.830310 [DEBUG] http: Request GET /v1/evaluation/5894a8d2-2061-d9b3-ec91-94848b17a128/allocations (193.6s)
nomad-server-3    |     2018/10/01 01:17:13.978404 [DEBUG] worker: dequeued evaluation 26bc7639-fd3d-e4e4-52c7-818d0599414d
nomad-client_2    |     2018/10/01 01:26:14.224111 [DEBUG] client: allocs: (added 0) (removed 0) (updated 0) (ignore 13)
nomad-server-2    |     2018/10/01 01:19:03.639408 [DEBUG] worker: ack for evaluation 4b3ce0c7-8733-2a42-2604-cbd10c285973
nomad-client_1    |     2018/10/01 01:15:48.655042 [DEBUG] client: updated allocations at index 176 (total 27) (pulled 1) (filtered 26)
nomad-server-1    |     2018/10/01 01:15:15.940709 [DEBUG] http: Request GET /v1/jobs?index=118&wait=60000ms (111.5326ms)
nomad-server-3    |     2018/10/01 01:17:13.978724 [DEBUG] sched: <Eval "26bc7639-fd3d-e4e4-52c7-818d0599414d" JobID: "example-1538356511-711f6a8759a36fbc1f042e694e810d77d7511092" Namespace: "default">: Total changes: (place 0) (destructive 0) (inplace 0) (stop 0)
nomad-client_2    |     2018/10/01 01:26:15.199166 [DEBUG] client: updated allocations at index 537 (total 14) (pulled 1) (filtered 13)
nomad-server-2    |     2018/10/01 01:19:08.639713 [DEBUG] worker: dequeued evaluation 19368903-c120-4195-e732-372e4762a6d7
nomad-client_1    |     2018/10/01 01:15:48.655246 [DEBUG] client: allocs: (added 1) (removed 0) (updated 0) (ignore 26)
nomad-server-1    |     2018/10/01 01:15:15.940808 [DEBUG] http: Request GET /v1/evaluations?index=119&wait=60000ms (111.5125ms)
nomad-server-3    |     2018/10/01 01:17:13.978752 [DEBUG] sched: <Eval "26bc7639-fd3d-e4e4-52c7-818d0599414d" JobID: "example-1538356511-711f6a8759a36fbc1f042e694e810d77d7511092" Namespace: "default">: setting status to complete
nomad-client_2    |     2018/10/01 01:26:15.199359 [DEBUG] client: allocs: (added 1) (removed 0) (updated 0) (ignore 13)
nomad-server-2    |     2018/10/01 01:19:08.639961 [DEBUG] sched.core: deployment GC: scanning before index 0 (1h0m0s)
nomad-client_1    |     2018/10/01 01:15:48.668593 [DEBUG] client: starting task runners for alloc 'e45d7380-f61b-3bba-5189-98b7fea30bf4'
nomad-server-1    |     2018/10/01 01:15:15.947868 [DEBUG] http: Request GET /v1/evaluations?index=120&wait=60000ms (1.1474ms)
nomad-server-3    |     2018/10/01 01:17:14.035433 [DEBUG] worker: updated evaluation <Eval "73101fee-a476-4c7f-d1ae-ff0bf8bb1b28" JobID: "example-1538356580-5787c18e353b3ece846569d20334b018ca42b440" Namespace: "default">
nomad-client_2    |     2018/10/01 01:26:15.215478 [DEBUG] client: starting task runners for alloc 'dd3b0254-4c88-95a4-e86f-79d40941620f'
nomad-server-2    |     2018/10/01 01:19:08.640812 [DEBUG] worker: ack for evaluation 19368903-c120-4195-e732-372e4762a6d7
nomad-client_1    |     2018/10/01 01:15:48.668755 [DEBUG] client: starting task context for 'task-1538356547-56a92506cb238cedccf8e26a6417f3e290344d60' (alloc 'e45d7380-f61b-3bba-5189-98b7fea30bf4')
nomad-server-1    |     2018/10/01 01:15:15.949312 [DEBUG] http: Request GET /v1/allocations?index=117&wait=60000ms (1.1336578s)
nomad-server-3    |     2018/10/01 01:17:14.036021 [DEBUG] worker: updated evaluation <Eval "6abadc48-4802-053c-9dad-5c49e5c92f60" JobID: "example-1538356577-cebef6ca6689e163a8e6bd428b95dacadc1df2e7" Namespace: "default">
nomad-client_2    |     2018/10/01 01:26:15.215746 [DEBUG] client: starting task context for 'task-1538357174-0443d930d1ae6ddc287b9c189fecf19d1a9c5433' (alloc 'dd3b0254-4c88-95a4-e86f-79d40941620f')
nomad-server-2    |     2018/10/01 01:19:13.638898 [DEBUG] worker: dequeued evaluation caa6f706-4f9a-7782-84d0-091b5a964ded
nomad-client_1    | 2018-10-01T01:15:48.681Z [DEBUG] plugin: starting plugin: path=/usr/bin/nomad args="[/usr/bin/nomad executor {"LogFile":"/opt/nomad/alloc/e45d7380-f61b-3bba-5189-98b7fea30bf4/task-1538356547-56a92506cb238cedccf8e26a6417f3e290344d60/executor.out","LogLevel":"DEBUG"}]"
nomad-server-1    |     2018/10/01 01:15:16.214292 [DEBUG] http: Request GET /v1/allocations?index=120&wait=60000ms (258.9284ms)
nomad-server-3    |     2018/10/01 01:17:14.038544 [DEBUG] worker: updated evaluation <Eval "debf4cc3-5bf0-c66b-d64c-3e85116eaf45" JobID: "example-1538356551-1b7eeaf475b2f5a5d002a8b7fed9e9611c23c135" Namespace: "default">
nomad-client_2    | 2018-10-01T01:26:15.228Z [DEBUG] plugin: starting plugin: path=/usr/bin/nomad args="[/usr/bin/nomad executor {"LogFile":"/opt/nomad/alloc/dd3b0254-4c88-95a4-e86f-79d40941620f/task-1538357174-0443d930d1ae6ddc287b9c189fecf19d1a9c5433/executor.out","LogLevel":"DEBUG"}]"
nomad-server-2    |     2018/10/01 01:19:13.640174 [DEBUG] sched.core: eval GC: scanning before index 263 (10s)
nomad-client_1    | 2018-10-01T01:15:48.681Z [DEBUG] plugin: waiting for RPC address: path=/usr/bin/nomad
nomad-server-1    |     2018/10/01 01:15:16.215188 [DEBUG] http: Request GET /v1/jobs?index=120&wait=60000ms (272.3016ms)
nomad-server-3    |     2018/10/01 01:17:14.038997 [DEBUG] worker: updated evaluation <Eval "776a3192-fda7-41e2-cadc-9ffde9ec89bf" JobID: "example-1538356504-52a36ca5a9592980d83e1f33d757892f80ab7cb8" Namespace: "default">
nomad-client_2    | 2018-10-01T01:26:15.228Z [DEBUG] plugin: waiting for RPC address: path=/usr/bin/nomad
nomad-server-2    |     2018/10/01 01:19:13.641063 [DEBUG] worker: ack for evaluation caa6f706-4f9a-7782-84d0-091b5a964ded
nomad-client_1    | 2018-10-01T01:15:48.697Z [DEBUG] plugin.nomad: plugin address: timestamp=2018-10-01T01:15:48.697Z address=/tmp/plugin022167481 network=unix
nomad-server-1    |     2018/10/01 01:15:16.832843 [DEBUG] http: Request GET /v1/evaluation/5894a8d2-2061-d9b3-ec91-94848b17a128 (506.3s)
nomad-server-3    |     2018/10/01 01:17:14.039540 [DEBUG] worker: updated evaluation <Eval "65ac90b7-5e36-63eb-a4e1-3b7a68798582" JobID: "example-1538356544-dd56892b031f2f828bf41ed5b067e30e837c5108" Namespace: "default">
nomad-client_2    | 2018-10-01T01:26:15.249Z [DEBUG] plugin.nomad: plugin address: timestamp=2018-10-01T01:26:15.248Z network=unix address=/tmp/plugin177013711
nomad-server-2    |     2018/10/01 01:19:18.638989 [DEBUG] worker: dequeued evaluation 9fbce6b5-08f2-fbb3-082e-493d4bfbfa62
nomad-client_1    |     2018/10/01 01:15:48.700903 [DEBUG] driver.raw_exec: started process with pid: 698
nomad-server-1    |     2018/10/01 01:15:16.834908 [DEBUG] http: Request GET /v1/evaluation/5894a8d2-2061-d9b3-ec91-94848b17a128/allocations (309.5s)
nomad-server-3    |     2018/10/01 01:17:14.039967 [DEBUG] worker: updated evaluation <Eval "26bc7639-fd3d-e4e4-52c7-818d0599414d" JobID: "example-1538356511-711f6a8759a36fbc1f042e694e810d77d7511092" Namespace: "default">
nomad-client_2    |     2018/10/01 01:26:15.258067 [DEBUG] driver.raw_exec: started process with pid: 2559
nomad-server-2    |     2018/10/01 01:19:18.639127 [DEBUG] sched.core: node GC: scanning before index 0 (1h0m0s)
nomad-client_1    |     2018/10/01 01:15:48.875039 [DEBUG] client: updated allocations at index 178 (total 27) (pulled 0) (filtered 27)
nomad-server-1    |     2018/10/01 01:15:18.615835 [DEBUG] http: Request GET /v1/allocations?index=122&wait=60000ms (2.3970384s)
nomad-server-3    |     2018/10/01 01:17:14.040178 [DEBUG] worker: ack for evaluation 6abadc48-4802-053c-9dad-5c49e5c92f60
nomad-client_2    |     2018/10/01 01:26:15.354399 [DEBUG] client: updated allocations at index 539 (total 14) (pulled 0) (filtered 14)
nomad-server-2    |     2018/10/01 01:19:18.639858 [DEBUG] worker: ack for evaluation 9fbce6b5-08f2-fbb3-082e-493d4bfbfa62
nomad-client_1    |     2018/10/01 01:15:48.875399 [DEBUG] client: allocs: (added 0) (removed 0) (updated 0) (ignore 27)
nomad-server-1    |     2018/10/01 01:15:18.617096 [DEBUG] http: Request GET /v1/jobs?index=122&wait=60000ms (2.400176s)
nomad-server-3    |     2018/10/01 01:17:14.040178 [DEBUG] worker: updated evaluation <Eval "525c6153-3d83-f16b-9801-a58f981d7a2d" JobID: "example-1538356518-5906f3849d8c39f359238cd749b74a423f076e10" Namespace: "default">
nomad-client_2    |     2018/10/01 01:26:15.354585 [DEBUG] client: allocs: (added 0) (removed 0) (updated 0) (ignore 14)
nomad-server-2    |     2018/10/01 01:19:23.638051 [DEBUG] worker: dequeued evaluation 49c6861a-efe2-e10c-a4b6-876a6d245de5
nomad-client_1    | 2018-10-01T01:15:50.967Z [DEBUG] plugin.nomad: 2018/10/01 01:15:50 [ERR] plugin: plugin server: accept unix /tmp/plugin723096098: use of closed network connection
nomad-server-1    |     2018/10/01 01:15:18.923634 [DEBUG] worker: dequeued evaluation 9e5e0655-f5ad-078b-ea72-9001de1c56a1
nomad-client_2    | 2018-10-01T01:26:17.615Z [DEBUG] plugin.nomad: 2018/10/01 01:26:17 [ERR] plugin: plugin server: accept unix /tmp/plugin311874148: use of closed network connection
nomad-server-3    |     2018/10/01 01:17:14.040433 [DEBUG] worker: ack for evaluation 776a3192-fda7-41e2-cadc-9ffde9ec89bf
nomad-server-2    |     2018/10/01 01:19:23.640648 [DEBUG] sched.core: job GC: scanning before index 263 (30s)
nomad-client_1    | 2018-10-01T01:15:50.970Z [DEBUG] plugin: plugin process exited: path=/usr/bin/nomad
nomad-server-1    |     2018/10/01 01:15:18.923741 [DEBUG] sched.core: node GC: scanning before index 0 (1h0m0s)
nomad-client_2    | 2018-10-01T01:26:17.617Z [DEBUG] plugin: plugin process exited: path=/usr/bin/nomad
nomad-server-3    |     2018/10/01 01:17:14.040186 [DEBUG] worker: updated evaluation <Eval "731c1b52-291b-4f31-2354-692d02f5a4aa" JobID: "example-1538356558-65a4ac1c139ca13714f74f4be773e83bd734fa39" Namespace: "default">
nomad-server-2    |     2018/10/01 01:19:23.641736 [DEBUG] worker: ack for evaluation 49c6861a-efe2-e10c-a4b6-876a6d245de5
nomad-client_1    |     2018/10/01 01:15:50.971112 [INFO] client: task "task-1538356544-dd56892b031f2f828bf41ed5b067e30e837c5108" for alloc "be680075-9c83-aa3b-b5c7-d7ebc95dcce0" completed successfully
nomad-server-1    |     2018/10/01 01:15:18.923730 [DEBUG] worker: dequeued evaluation 1abd7814-246f-df25-3148-adb2cba7062a
nomad-client_2    |     2018/10/01 01:26:17.617805 [INFO] client: task "task-1538357170-cffd30aa788ffa45de4e9f6db76c38800da417c2" for alloc "fe8dbaa0-ec33-b9cf-9289-c79bb78a6811" completed successfully
nomad-server-3    |     2018/10/01 01:17:14.040200 [DEBUG] worker: ack for evaluation 73101fee-a476-4c7f-d1ae-ff0bf8bb1b28
nomad-server-2    |     2018/10/01 01:19:24 [DEBUG] memberlist: Initiating push/pull sync with: 172.21.0.2:4648
nomad-client_1    |     2018/10/01 01:15:50.971180 [INFO] client: Not restarting task: task-1538356544-dd56892b031f2f828bf41ed5b067e30e837c5108 for alloc: be680075-9c83-aa3b-b5c7-d7ebc95dcce0 
nomad-server-1    |     2018/10/01 01:15:18.923863 [DEBUG] worker: ack for evaluation 9e5e0655-f5ad-078b-ea72-9001de1c56a1
nomad-client_2    |     2018/10/01 01:26:17.617849 [INFO] client: Not restarting task: task-1538357170-cffd30aa788ffa45de4e9f6db76c38800da417c2 for alloc: fe8dbaa0-ec33-b9cf-9289-c79bb78a6811 
nomad-server-3    |     2018/10/01 01:17:14.041004 [DEBUG] worker: ack for evaluation 65ac90b7-5e36-63eb-a4e1-3b7a68798582
nomad-server-2    |     2018/10/01 01:19:28.603038 [DEBUG] worker: dequeued evaluation 5cf3e3ec-ca07-6ea3-5295-20b53c21a7b0
nomad-client_1    |     2018/10/01 01:15:50.971441 [INFO] client.gc: marking allocation be680075-9c83-aa3b-b5c7-d7ebc95dcce0 for GC
nomad-server-1    |     2018/10/01 01:15:18.924624 [DEBUG] sched.core: job GC: scanning before index 4 (30s)
nomad-client_2    |     2018/10/01 01:26:17.618062 [INFO] client.gc: marking allocation fe8dbaa0-ec33-b9cf-9289-c79bb78a6811 for GC
nomad-server-3    |     2018/10/01 01:17:14.042207 [DEBUG] worker: ack for evaluation 731c1b52-291b-4f31-2354-692d02f5a4aa
nomad-server-2    |     2018/10/01 01:19:28.603259 [DEBUG] sched.core: node GC: scanning before index 0 (1h0m0s)
nomad-client_1    |     2018/10/01 01:15:51.250261 [DEBUG] client: updated allocations at index 179 (total 27) (pulled 0) (filtered 27)
nomad-server-1    |     2018/10/01 01:15:18.924956 [DEBUG] worker: ack for evaluation 1abd7814-246f-df25-3148-adb2cba7062a
nomad-client_2    |     2018/10/01 01:26:17.851430 [DEBUG] client: updated allocations at index 540 (total 14) (pulled 0) (filtered 14)
nomad-server-3    |     2018/10/01 01:17:14.042245 [DEBUG] worker: ack for evaluation 26bc7639-fd3d-e4e4-52c7-818d0599414d
nomad-server-2    |     2018/10/01 01:19:28.604208 [DEBUG] worker: ack for evaluation 5cf3e3ec-ca07-6ea3-5295-20b53c21a7b0
nomad-client_1    |     2018/10/01 01:15:51.250928 [DEBUG] client: allocs: (added 0) (removed 0) (updated 0) (ignore 27)
nomad-server-1    |     2018/10/01 01:15:19.447364 [DEBUG] http: Request GET /v1/jobs?index=123&wait=60000ms (828.7506ms)
nomad-client_2    |     2018/10/01 01:26:17.851693 [DEBUG] client: allocs: (added 0) (removed 0) (updated 0) (ignore 14)
nomad-server-3    |     2018/10/01 01:17:14.042923 [DEBUG] worker: ack for evaluation 525c6153-3d83-f16b-9801-a58f981d7a2d
nomad-client_1    |     2018/10/01 01:15:52.264489 [DEBUG] client: updated allocations at index 182 (total 28) (pulled 1) (filtered 27)
nomad-server-2    |     2018/10/01 01:19:33.604426 [DEBUG] worker: dequeued evaluation 11ba1b20-1a37-b9b8-d677-94c1f7aec40f
nomad-server-1    |     2018/10/01 01:15:19.449813 [DEBUG] http: Request PUT /v1/jobs (12.5294ms)
nomad-client_2    |     2018/10/01 01:26:18.850282 [DEBUG] client: updated allocations at index 543 (total 15) (pulled 1) (filtered 14)
nomad-server-3    |     2018/10/01 01:17:14.044901 [DEBUG] worker: ack for evaluation debf4cc3-5bf0-c66b-d64c-3e85116eaf45
nomad-client_1    |     2018/10/01 01:15:52.264680 [DEBUG] client: allocs: (added 1) (removed 0) (updated 0) (ignore 27)
nomad-server-2    |     2018/10/01 01:19:33.604714 [DEBUG] sched.core: eval GC: scanning before index 263 (10s)
nomad-server-1    |     2018/10/01 01:15:19.450158 [DEBUG] http: Request GET /v1/evaluations?index=121&wait=60000ms (3.4980212s)
nomad-client_2    |     2018/10/01 01:26:18.850538 [DEBUG] client: allocs: (added 1) (removed 0) (updated 0) (ignore 14)
nomad-server-3    |     2018/10/01 01:17:45 [DEBUG] memberlist: Initiating push/pull sync with: 172.21.0.3:4648
nomad-client_1    |     2018/10/01 01:15:52.277786 [DEBUG] client: starting task runners for alloc '7d118e78-2760-c058-fdb4-0636ca8adca7'
nomad-server-2    |     2018/10/01 01:19:33.606003 [DEBUG] worker: ack for evaluation 11ba1b20-1a37-b9b8-d677-94c1f7aec40f
nomad-server-1    |     2018/10/01 01:15:19.451628 [DEBUG] http: Request GET /v1/evaluation/89a12336-cc03-4b01-676e-0f897ecef174 (197s)
nomad-client_2    |     2018/10/01 01:26:18.864605 [DEBUG] client: starting task runners for alloc 'f0fe06a5-ef8a-bef8-17e4-fd6c67f005f8'
nomad-server-3    |     2018/10/01 01:17:46 [DEBUG] memberlist: TCP connection from=172.21.0.3:59220
nomad-client_1    |     2018/10/01 01:15:52.277905 [DEBUG] client: starting task context for 'task-1538356551-1b7eeaf475b2f5a5d002a8b7fed9e9611c23c135' (alloc '7d118e78-2760-c058-fdb4-0636ca8adca7')
nomad-server-2    |     2018/10/01 01:19:38.601846 [DEBUG] worker: dequeued evaluation 8b7e219a-86d2-11fc-3cf6-77e4198d9010
nomad-server-1    |     2018/10/01 01:15:19.453315 [DEBUG] http: Request GET /v1/evaluation/89a12336-cc03-4b01-676e-0f897ecef174/allocations (203.2s)
nomad-client_2    |     2018/10/01 01:26:18.864799 [DEBUG] client: starting task context for 'task-1538357178-9dfdc5a454dd0763b280fd0d2f49bd33419bd356' (alloc 'f0fe06a5-ef8a-bef8-17e4-fd6c67f005f8')
nomad-server-3    |     2018/10/01 01:17:53.745425 [DEBUG] worker: dequeued evaluation bb8c42e1-8fd1-9786-2373-c2272ed4f36b
nomad-client_1    | 2018-10-01T01:15:52.293Z [DEBUG] plugin: starting plugin: path=/usr/bin/nomad args="[/usr/bin/nomad executor {"LogFile":"/opt/nomad/alloc/7d118e78-2760-c058-fdb4-0636ca8adca7/task-1538356551-1b7eeaf475b2f5a5d002a8b7fed9e9611c23c135/executor.out","LogLevel":"DEBUG"}]"
nomad-server-2    |     2018/10/01 01:19:38.601973 [DEBUG] sched.core: deployment GC: scanning before index 0 (1h0m0s)
nomad-server-1    |     2018/10/01 01:15:19.565313 [DEBUG] http: Request GET /v1/allocations?index=123&wait=60000ms (945.0106ms)
nomad-client_2    | 2018-10-01T01:26:18.878Z [DEBUG] plugin: starting plugin: path=/usr/bin/nomad args="[/usr/bin/nomad executor {"LogFile":"/opt/nomad/alloc/f0fe06a5-ef8a-bef8-17e4-fd6c67f005f8/task-1538357178-9dfdc5a454dd0763b280fd0d2f49bd33419bd356/executor.out","LogLevel":"DEBUG"}]"
nomad-server-3    |     2018/10/01 01:17:53.745591 [DEBUG] sched.core: deployment GC: scanning before index 0 (1h0m0s)
nomad-client_1    | 2018-10-01T01:15:52.294Z [DEBUG] plugin: waiting for RPC address: path=/usr/bin/nomad
nomad-server-2    |     2018/10/01 01:19:38.603410 [DEBUG] worker: ack for evaluation 8b7e219a-86d2-11fc-3cf6-77e4198d9010
nomad-server-1    |     2018/10/01 01:15:19.567104 [DEBUG] http: Request GET /v1/jobs?index=124&wait=60000ms (115.9884ms)
nomad-client_2    | 2018-10-01T01:26:18.878Z [DEBUG] plugin: waiting for RPC address: path=/usr/bin/nomad
nomad-server-3    |     2018/10/01 01:17:53.746449 [DEBUG] worker: ack for evaluation bb8c42e1-8fd1-9786-2373-c2272ed4f36b
nomad-client_1    | 2018-10-01T01:15:52.311Z [DEBUG] plugin.nomad: plugin address: timestamp=2018-10-01T01:15:52.311Z address=/tmp/plugin451396290 network=unix
nomad-server-2    |     2018/10/01 01:19:43.601120 [DEBUG] worker: dequeued evaluation b846f587-fbc5-89aa-c4a5-3a6bce45d1e5
nomad-server-1    |     2018/10/01 01:15:19.570503 [DEBUG] http: Request GET /v1/evaluations?index=125&wait=60000ms (118.2973ms)
nomad-client_2    | 2018-10-01T01:26:18.896Z [DEBUG] plugin.nomad: plugin address: timestamp=2018-10-01T01:26:18.896Z address=/tmp/plugin363439634 network=unix
nomad-server-3    |     2018/10/01 01:17:58.710730 [DEBUG] worker: dequeued evaluation df743722-df6c-21ae-5c32-37ad6691d2b9
nomad-client_1    |     2018/10/01 01:15:52.315847 [DEBUG] driver.raw_exec: started process with pid: 717
nomad-server-2    |     2018/10/01 01:19:43.601202 [DEBUG] sched.core: node GC: scanning before index 0 (1h0m0s)
nomad-server-1    |     2018/10/01 01:15:19.577018 [DEBUG] http: Request GET /v1/evaluations?index=126&wait=60000ms (1.5251ms)
nomad-client_2    |     2018/10/01 01:26:18.900319 [DEBUG] driver.raw_exec: started process with pid: 2593
nomad-server-3    |     2018/10/01 01:17:58.711190 [DEBUG] sched.core: eval GC: scanning before index 263 (10s)
nomad-client_1    |     2018/10/01 01:15:52.443245 [DEBUG] client: updated allocations at index 184 (total 28) (pulled 0) (filtered 28)
nomad-server-2    |     2018/10/01 01:19:43.601760 [DEBUG] worker: ack for evaluation b846f587-fbc5-89aa-c4a5-3a6bce45d1e5
nomad-server-1    |     2018/10/01 01:15:19.815314 [DEBUG] http: Request GET /v1/jobs?index=126&wait=60000ms (245.2855ms)
nomad-client_2    |     2018/10/01 01:26:19.014237 [DEBUG] client: updated allocations at index 545 (total 15) (pulled 0) (filtered 15)
nomad-server-3    |     2018/10/01 01:17:58.712719 [DEBUG] worker: dequeued evaluation 398e697d-3f2c-7e87-71f1-2cd0b8a8c745
nomad-client_1    |     2018/10/01 01:15:52.444139 [DEBUG] client: allocs: (added 0) (removed 0) (updated 0) (ignore 28)
nomad-server-2    |     2018/10/01 01:19:45 [DEBUG] memberlist: TCP connection from=172.21.0.2:35634
nomad-server-1    |     2018/10/01 01:15:19.816749 [DEBUG] http: Request GET /v1/allocations?index=126&wait=60000ms (246.2622ms)
nomad-client_2    |     2018/10/01 01:26:19.014646 [DEBUG] client: allocs: (added 0) (removed 0) (updated 0) (ignore 15)
nomad-server-3    |     2018/10/01 01:17:58.712948 [DEBUG] sched.core: node GC: scanning before index 0 (1h0m0s)
nomad-client_1    |     2018/10/01 01:15:52.667153 [DEBUG] client: updated allocations at index 185 (total 28) (pulled 0) (filtered 28)
nomad-server-2    |     2018/10/01 01:19:46 [DEBUG] memberlist: TCP connection from=172.21.0.3:37364
nomad-server-1    |     2018/10/01 01:15:20.455636 [DEBUG] http: Request GET /v1/evaluation/89a12336-cc03-4b01-676e-0f897ecef174 (438.2s)
nomad-client_2    |     2018/10/01 01:26:19.208471 [DEBUG] client: updated allocations at index 546 (total 15) (pulled 0) (filtered 15)
nomad-server-3    |     2018/10/01 01:17:58.713492 [DEBUG] worker: ack for evaluation df743722-df6c-21ae-5c32-37ad6691d2b9
nomad-client_1    |     2018/10/01 01:15:52.667569 [DEBUG] client: allocs: (added 0) (removed 0) (updated 0) (ignore 28)
nomad-server-2    |     2018/10/01 01:19:48.602187 [DEBUG] worker: dequeued evaluation 30d832ad-288c-6252-c24c-d56c841085af
nomad-server-1    |     2018/10/01 01:15:20.457233 [DEBUG] http: Request GET /v1/evaluation/89a12336-cc03-4b01-676e-0f897ecef174/allocations (235.2s)
nomad-client_2    |     2018/10/01 01:26:19.208848 [DEBUG] client: allocs: (added 0) (removed 0) (updated 0) (ignore 15)
nomad-server-3    |     2018/10/01 01:17:58.713854 [DEBUG] worker: ack for evaluation 398e697d-3f2c-7e87-71f1-2cd0b8a8c745
nomad-client_1    | 2018-10-01T01:15:54.706Z [DEBUG] plugin.nomad: 2018/10/01 01:15:54 [ERR] plugin: plugin server: accept unix /tmp/plugin022167481: use of closed network connection
nomad-server-2    |     2018/10/01 01:19:48.602490 [DEBUG] sched.core: eval GC: scanning before index 263 (10s)
nomad-server-1    |     2018/10/01 01:15:22.213684 [DEBUG] http: Request GET /v1/jobs?index=128&wait=60000ms (2.3957174s)
nomad-client_2    | 2018-10-01T01:26:21.266Z [DEBUG] plugin.nomad: 2018/10/01 01:26:21 [ERR] plugin: plugin server: accept unix /tmp/plugin177013711: use of closed network connection
nomad-server-3    |     2018/10/01 01:18:03.710752 [DEBUG] worker: dequeued evaluation b7c05f1e-4ded-16f4-045f-4996ef9eaae1
nomad-client_1    | 2018-10-01T01:15:54.709Z [DEBUG] plugin: plugin process exited: path=/usr/bin/nomad
nomad-server-2    |     2018/10/01 01:19:48.603439 [DEBUG] worker: ack for evaluation 30d832ad-288c-6252-c24c-d56c841085af
nomad-server-1    |     2018/10/01 01:15:22.215061 [DEBUG] http: Request GET /v1/allocations?index=128&wait=60000ms (2.3938039s)
nomad-client_2    | 2018-10-01T01:26:21.268Z [DEBUG] plugin: plugin process exited: path=/usr/bin/nomad
nomad-server-3    |     2018/10/01 01:18:03.710994 [DEBUG] sched.core: job GC: scanning before index 263 (30s)
nomad-server-2    |     2018/10/01 01:19:53.601686 [DEBUG] worker: dequeued evaluation 149279eb-5fba-68a4-89ef-bd8a2f70686d
nomad-client_1    |     2018/10/01 01:15:54.709226 [INFO] client: task "task-1538356547-56a92506cb238cedccf8e26a6417f3e290344d60" for alloc "e45d7380-f61b-3bba-5189-98b7fea30bf4" completed successfully
nomad-server-1    |     2018/10/01 01:15:23.078955 [DEBUG] http: Request GET /v1/jobs?index=129&wait=60000ms (862.8077ms)
nomad-client_2    |     2018/10/01 01:26:21.268367 [INFO] client: task "task-1538357174-0443d930d1ae6ddc287b9c189fecf19d1a9c5433" for alloc "dd3b0254-4c88-95a4-e86f-79d40941620f" completed successfully
nomad-server-3    |     2018/10/01 01:18:03.710788 [DEBUG] worker: dequeued evaluation 8976f85b-c7c2-0412-7198-fdb3524ffcbf
nomad-server-2    |     2018/10/01 01:19:53.601875 [DEBUG] sched.core: eval GC: scanning before index 263 (10s)
nomad-client_1    |     2018/10/01 01:15:54.709261 [INFO] client: Not restarting task: task-1538356547-56a92506cb238cedccf8e26a6417f3e290344d60 for alloc: e45d7380-f61b-3bba-5189-98b7fea30bf4 
nomad-server-1    |     2018/10/01 01:15:23.083824 [DEBUG] http: Request PUT /v1/jobs (12.9853ms)
nomad-client_2    |     2018/10/01 01:26:21.268416 [INFO] client: Not restarting task: task-1538357174-0443d930d1ae6ddc287b9c189fecf19d1a9c5433 for alloc: dd3b0254-4c88-95a4-e86f-79d40941620f 
nomad-server-3    |     2018/10/01 01:18:03.711699 [DEBUG] sched.core: eval GC: scanning before index 263 (10s)
nomad-server-2    |     2018/10/01 01:19:53.603067 [DEBUG] worker: ack for evaluation 149279eb-5fba-68a4-89ef-bd8a2f70686d
nomad-client_1    |     2018/10/01 01:15:54.709549 [INFO] client.gc: marking allocation e45d7380-f61b-3bba-5189-98b7fea30bf4 for GC
nomad-server-1    |     2018/10/01 01:15:23.085773 [DEBUG] http: Request GET /v1/evaluations?index=127&wait=60000ms (3.5069461s)
nomad-client_2    |     2018/10/01 01:26:21.268657 [INFO] client.gc: marking allocation dd3b0254-4c88-95a4-e86f-79d40941620f for GC
nomad-server-3    |     2018/10/01 01:18:03.713014 [DEBUG] worker: ack for evaluation 8976f85b-c7c2-0412-7198-fdb3524ffcbf
nomad-server-2    |     2018/10/01 01:19:58.572633 [DEBUG] worker: dequeued evaluation b09b4c20-148d-f2bb-220c-9bb2d84c61ec
nomad-client_1    |     2018/10/01 01:15:54.781960 [DEBUG] client: updated allocations at index 186 (total 28) (pulled 0) (filtered 28)
nomad-server-1    |     2018/10/01 01:15:23.086638 [DEBUG] http: Request GET /v1/evaluation/21668ecb-fb49-039c-e050-fb2c5de45e9e (408s)
nomad-client_2    |     2018/10/01 01:26:21.435439 [DEBUG] client: updated allocations at index 547 (total 15) (pulled 0) (filtered 15)
nomad-server-3    |     2018/10/01 01:18:03.713014 [DEBUG] worker: ack for evaluation b7c05f1e-4ded-16f4-045f-4996ef9eaae1
nomad-server-2    |     2018/10/01 01:19:58.572918 [DEBUG] sched.core: job GC: scanning before index 263 (30s)
nomad-client_1    |     2018/10/01 01:15:54.782185 [DEBUG] client: allocs: (added 0) (removed 0) (updated 0) (ignore 28)
nomad-server-1    |     2018/10/01 01:15:23.088527 [DEBUG] http: Request GET /v1/evaluation/21668ecb-fb49-039c-e050-fb2c5de45e9e/allocations (428.9s)
nomad-client_2    |     2018/10/01 01:26:21.435570 [DEBUG] client: allocs: (added 0) (removed 0) (updated 0) (ignore 15)
nomad-server-3    |     2018/10/01 01:18:08.714449 [DEBUG] worker: dequeued evaluation b7c423f9-577a-beef-b7a4-69f7df8e8d61
nomad-server-2    |     2018/10/01 01:19:58.574954 [DEBUG] worker: ack for evaluation b09b4c20-148d-f2bb-220c-9bb2d84c61ec
nomad-client_1    |     2018/10/01 01:15:55.902394 [DEBUG] client: updated allocations at index 189 (total 29) (pulled 1) (filtered 28)
nomad-server-1    |     2018/10/01 01:15:23.198821 [DEBUG] http: Request GET /v1/jobs?index=130&wait=60000ms (117.6824ms)
nomad-client_2    |     2018/10/01 01:26:22.494287 [DEBUG] client: updated allocations at index 550 (total 16) (pulled 1) (filtered 15)
nomad-server-3    |     2018/10/01 01:18:08.714545 [DEBUG] sched.core: job GC: scanning before index 263 (30s)
nomad-server-2    |     2018/10/01 01:20:03.570551 [DEBUG] worker: dequeued evaluation d581fa1d-26b5-42b6-6be3-bef1b676f59f
nomad-client_1    |     2018/10/01 01:15:55.903060 [DEBUG] client: allocs: (added 1) (removed 0) (updated 0) (ignore 28)
nomad-server-1    |     2018/10/01 01:15:23.200406 [DEBUG] http: Request GET /v1/evaluations?index=131&wait=60000ms (112.1769ms)
nomad-client_2    |     2018/10/01 01:26:22.494779 [DEBUG] client: allocs: (added 1) (removed 0) (updated 0) (ignore 15)
nomad-server-3    |     2018/10/01 01:18:08.714985 [DEBUG] worker: dequeued evaluation 60d037eb-1d3d-c442-3f88-0e55eb1090b5
nomad-server-2    |     2018/10/01 01:20:03.570778 [DEBUG] sched.core: job GC: scanning before index 263 (30s)
nomad-client_1    |     2018/10/01 01:15:55.916244 [DEBUG] client: starting task runners for alloc 'abe1e575-7817-bdc9-d15e-94b7e05f7e57'
nomad-server-1    |     2018/10/01 01:15:23.208451 [DEBUG] http: Request GET /v1/evaluations?index=132&wait=60000ms (2.3983ms)
nomad-client_2    |     2018/10/01 01:26:22.509797 [DEBUG] client: starting task runners for alloc '1993400f-bf8e-7220-2a84-871192254d34'
nomad-server-3    |     2018/10/01 01:18:08.715099 [DEBUG] sched.core: deployment GC: scanning before index 0 (1h0m0s)
nomad-server-2    |     2018/10/01 01:20:03.571806 [DEBUG] worker: ack for evaluation d581fa1d-26b5-42b6-6be3-bef1b676f59f
nomad-client_1    |     2018/10/01 01:15:55.916525 [DEBUG] client: starting task context for 'task-1538356555-2b2af6c8c1fba856dd2c5e61b7690fbee22ed696' (alloc 'abe1e575-7817-bdc9-d15e-94b7e05f7e57')
nomad-server-1    |     2018/10/01 01:15:23.209029 [DEBUG] http: Request GET /v1/allocations?index=129&wait=60000ms (990.4713ms)
nomad-client_2    |     2018/10/01 01:26:22.510142 [DEBUG] client: starting task context for 'task-1538357181-45d6b51466a20cc0fd2673145a0874980ebb96d4' (alloc '1993400f-bf8e-7220-2a84-871192254d34')
nomad-server-3    |     2018/10/01 01:18:08.716568 [DEBUG] worker: ack for evaluation 60d037eb-1d3d-c442-3f88-0e55eb1090b5
nomad-server-2    |     2018/10/01 01:20:08.570525 [DEBUG] worker: dequeued evaluation 130d3500-e766-0e12-f72b-478dd5284987
nomad-client_1    | 2018-10-01T01:15:55.930Z [DEBUG] plugin: starting plugin: path=/usr/bin/nomad args="[/usr/bin/nomad executor {"LogFile":"/opt/nomad/alloc/abe1e575-7817-bdc9-d15e-94b7e05f7e57/task-1538356555-2b2af6c8c1fba856dd2c5e61b7690fbee22ed696/executor.out","LogLevel":"DEBUG"}]"
nomad-server-1    |     2018/10/01 01:15:23.421037 [DEBUG] http: Request GET /v1/jobs?index=132&wait=60000ms (215.3859ms)
nomad-server-3    |     2018/10/01 01:18:08.716672 [DEBUG] worker: ack for evaluation b7c423f9-577a-beef-b7a4-69f7df8e8d61
nomad-client_2    | 2018-10-01T01:26:22.523Z [DEBUG] plugin: starting plugin: path=/usr/bin/nomad args="[/usr/bin/nomad executor {"LogFile":"/opt/nomad/alloc/1993400f-bf8e-7220-2a84-871192254d34/task-1538357181-45d6b51466a20cc0fd2673145a0874980ebb96d4/executor.out","LogLevel":"DEBUG"}]"
nomad-server-2    |     2018/10/01 01:20:08.570752 [DEBUG] sched.core: eval GC: scanning before index 263 (10s)
nomad-client_1    | 2018-10-01T01:15:55.931Z [DEBUG] plugin: waiting for RPC address: path=/usr/bin/nomad
nomad-server-1    |     2018/10/01 01:15:23.422330 [DEBUG] http: Request GET /v1/allocations?index=132&wait=60000ms (209.2764ms)
nomad-server-3    |     2018/10/01 01:18:13.710538 [DEBUG] worker: dequeued evaluation e416bdc5-5231-6d8c-50c2-5ed8c242e956
nomad-client_2    | 2018-10-01T01:26:22.523Z [DEBUG] plugin: waiting for RPC address: path=/usr/bin/nomad
nomad-server-2    |     2018/10/01 01:20:08.572696 [DEBUG] worker: ack for evaluation 130d3500-e766-0e12-f72b-478dd5284987
nomad-client_1    | 2018-10-01T01:15:55.948Z [DEBUG] plugin.nomad: plugin address: timestamp=2018-10-01T01:15:55.948Z address=/tmp/plugin451233387 network=unix
nomad-server-1    |     2018/10/01 01:15:23.924682 [DEBUG] worker: dequeued evaluation ff8574c6-3db2-3bb5-5335-f1a06d8b301c
nomad-server-3    |     2018/10/01 01:18:13.710724 [DEBUG] sched.core: deployment GC: scanning before index 0 (1h0m0s)
nomad-client_2    | 2018-10-01T01:26:22.542Z [DEBUG] plugin.nomad: plugin address: timestamp=2018-10-01T01:26:22.542Z address=/tmp/plugin367382076 network=unix
nomad-server-2    |     2018/10/01 01:20:13.570050 [DEBUG] worker: dequeued evaluation 0a7db05f-986b-f3a3-d32a-73e4f5718444
nomad-client_1    |     2018/10/01 01:15:55.952068 [DEBUG] driver.raw_exec: started process with pid: 743
nomad-server-1    |     2018/10/01 01:15:23.925187 [DEBUG] worker: dequeued evaluation bfc1a754-b914-37c6-fde8-fa8c57fa0cad
nomad-server-3    |     2018/10/01 01:18:13.711242 [DEBUG] worker: dequeued evaluation 88a3fe85-0972-a78c-b46c-598a74dabea2
nomad-client_2    |     2018/10/01 01:26:22.548089 [DEBUG] driver.raw_exec: started process with pid: 2628
nomad-server-2    |     2018/10/01 01:20:13.570234 [DEBUG] sched.core: eval GC: scanning before index 263 (10s)
nomad-client_1    |     2018/10/01 01:15:56.266431 [DEBUG] client: updated allocations at index 191 (total 29) (pulled 0) (filtered 29)
nomad-server-1    |     2018/10/01 01:15:23.925402 [DEBUG] sched.core: node GC: scanning before index 0 (1h0m0s)
nomad-server-3    |     2018/10/01 01:18:13.711387 [DEBUG] sched.core: eval GC: scanning before index 263 (10s)
nomad-client_2    |     2018/10/01 01:26:22.759176 [DEBUG] client: updated allocations at index 552 (total 16) (pulled 0) (filtered 16)
nomad-server-2    |     2018/10/01 01:20:13.574315 [DEBUG] worker: ack for evaluation 0a7db05f-986b-f3a3-d32a-73e4f5718444
nomad-client_1    |     2018/10/01 01:15:56.266888 [DEBUG] client: allocs: (added 0) (removed 0) (updated 0) (ignore 29)
nomad-server-1    |     2018/10/01 01:15:23.925828 [DEBUG] sched.core: deployment GC: scanning before index 0 (1h0m0s)
nomad-server-3    |     2018/10/01 01:18:13.713154 [DEBUG] worker: ack for evaluation e416bdc5-5231-6d8c-50c2-5ed8c242e956
nomad-client_2    |     2018/10/01 01:26:22.759392 [DEBUG] client: allocs: (added 0) (removed 0) (updated 0) (ignore 16)
nomad-server-2    |     2018/10/01 01:20:18.572303 [DEBUG] worker: dequeued evaluation a81973e2-8dcd-6ea4-b556-93dba0725467
nomad-client_1    | 2018-10-01T01:15:58.288Z [DEBUG] plugin.nomad: 2018/10/01 01:15:58 [ERR] plugin: plugin server: accept unix /tmp/plugin451396290: use of closed network connection
nomad-server-1    |     2018/10/01 01:15:23.925936 [DEBUG] worker: ack for evaluation bfc1a754-b914-37c6-fde8-fa8c57fa0cad
nomad-server-3    |     2018/10/01 01:18:13.714066 [DEBUG] worker: ack for evaluation 88a3fe85-0972-a78c-b46c-598a74dabea2
nomad-client_2    | 2018-10-01T01:26:24.906Z [DEBUG] plugin.nomad: 2018/10/01 01:26:24 [ERR] plugin: plugin server: accept unix /tmp/plugin363439634: use of closed network connection
nomad-server-2    |     2018/10/01 01:20:18.572518 [DEBUG] sched.core: node GC: scanning before index 0 (1h0m0s)
nomad-client_1    |     2018/10/01 01:15:58.291657 [INFO] client: task "task-1538356551-1b7eeaf475b2f5a5d002a8b7fed9e9611c23c135" for alloc "7d118e78-2760-c058-fdb4-0636ca8adca7" completed successfully
nomad-server-1    |     2018/10/01 01:15:23.926622 [DEBUG] worker: ack for evaluation ff8574c6-3db2-3bb5-5335-f1a06d8b301c
nomad-server-3    |     2018/10/01 01:18:18.710032 [DEBUG] worker: dequeued evaluation 9f1ebe55-1f73-0496-c3e9-14921f463474
nomad-client_2    | 2018-10-01T01:26:24.908Z [DEBUG] plugin: plugin process exited: path=/usr/bin/nomad
nomad-server-2    |     2018/10/01 01:20:18.575683 [DEBUG] worker: ack for evaluation a81973e2-8dcd-6ea4-b556-93dba0725467
nomad-client_1    |     2018/10/01 01:15:58.291698 [INFO] client: Not restarting task: task-1538356551-1b7eeaf475b2f5a5d002a8b7fed9e9611c23c135 for alloc: 7d118e78-2760-c058-fdb4-0636ca8adca7 
nomad-server-1    |     2018/10/01 01:15:24.091355 [DEBUG] http: Request GET /v1/evaluation/21668ecb-fb49-039c-e050-fb2c5de45e9e (400s)
nomad-server-3    |     2018/10/01 01:18:18.710145 [DEBUG] sched.core: eval GC: scanning before index 263 (10s)
nomad-client_2    |     2018/10/01 01:26:24.908669 [INFO] client: task "task-1538357178-9dfdc5a454dd0763b280fd0d2f49bd33419bd356" for alloc "f0fe06a5-ef8a-bef8-17e4-fd6c67f005f8" completed successfully
nomad-server-2    |     2018/10/01 01:20:23.570590 [DEBUG] worker: dequeued evaluation 5ec61b21-d4ac-6faf-bebf-2a63c4c4173c
nomad-client_1    | 2018-10-01T01:15:58.291Z [DEBUG] plugin: plugin process exited: path=/usr/bin/nomad
nomad-server-1    |     2018/10/01 01:15:24.093835 [DEBUG] http: Request GET /v1/evaluation/21668ecb-fb49-039c-e050-fb2c5de45e9e/allocations (284.2s)
nomad-server-3    |     2018/10/01 01:18:18.710453 [DEBUG] worker: dequeued evaluation 090ff303-b03a-8ed7-4851-fe46477616fc
nomad-client_2    |     2018/10/01 01:26:24.908714 [INFO] client: Not restarting task: task-1538357178-9dfdc5a454dd0763b280fd0d2f49bd33419bd356 for alloc: f0fe06a5-ef8a-bef8-17e4-fd6c67f005f8 
nomad-server-2    |     2018/10/01 01:20:23.570793 [DEBUG] sched.core: eval GC: scanning before index 263 (10s)
nomad-client_1    |     2018/10/01 01:15:58.291955 [INFO] client.gc: marking allocation 7d118e78-2760-c058-fdb4-0636ca8adca7 for GC
nomad-server-1    |     2018/10/01 01:15:25.811982 [DEBUG] http: Request GET /v1/jobs?index=134&wait=60000ms (2.3889217s)
nomad-server-3    |     2018/10/01 01:18:18.710567 [DEBUG] sched.core: deployment GC: scanning before index 0 (1h0m0s)
nomad-client_2    |     2018/10/01 01:26:24.908991 [INFO] client.gc: marking allocation f0fe06a5-ef8a-bef8-17e4-fd6c67f005f8 for GC
nomad-server-2    |     2018/10/01 01:20:23.574674 [DEBUG] worker: ack for evaluation 5ec61b21-d4ac-6faf-bebf-2a63c4c4173c
nomad-client_1    |     2018/10/01 01:15:58.551184 [DEBUG] client: updated allocations at index 192 (total 29) (pulled 0) (filtered 29)
nomad-server-1    |     2018/10/01 01:15:25.815598 [DEBUG] http: Request GET /v1/allocations?index=134&wait=60000ms (2.3888554s)
nomad-server-3    |     2018/10/01 01:18:18.711093 [DEBUG] worker: ack for evaluation 090ff303-b03a-8ed7-4851-fe46477616fc
nomad-client_2    |     2018/10/01 01:26:25.251855 [DEBUG] client: updated allocations at index 553 (total 16) (pulled 0) (filtered 16)
nomad-server-2    |     2018/10/01 01:20:24 [DEBUG] memberlist: Initiating push/pull sync with: 172.21.0.3:4648
nomad-client_1    |     2018/10/01 01:15:58.551401 [DEBUG] client: allocs: (added 0) (removed 0) (updated 0) (ignore 29)
nomad-server-1    |     2018/10/01 01:15:26.712483 [DEBUG] http: Request GET /v1/jobs?index=135&wait=60000ms (898.152ms)
nomad-server-3    |     2018/10/01 01:18:18.711128 [DEBUG] worker: ack for evaluation 9f1ebe55-1f73-0496-c3e9-14921f463474
nomad-client_2    |     2018/10/01 01:26:25.252352 [DEBUG] client: allocs: (added 0) (removed 0) (updated 0) (ignore 16)
nomad-server-2    |     2018/10/01 01:20:33.529761 [DEBUG] worker: dequeued evaluation 7d1db27e-a870-f26a-1faa-ed9d05b703e9
nomad-client_1    |     2018/10/01 01:15:59.556893 [DEBUG] client: updated allocations at index 195 (total 30) (pulled 1) (filtered 29)
nomad-server-1    |     2018/10/01 01:15:26.714881 [DEBUG] http: Request PUT /v1/jobs (11.3292ms)
nomad-server-3    |     2018/10/01 01:18:23.710379 [DEBUG] worker: dequeued evaluation e92e9bde-063b-548c-e457-a07635976abc
nomad-client_2    |     2018/10/01 01:26:26.102897 [DEBUG] client: updated allocations at index 556 (total 17) (pulled 1) (filtered 16)
nomad-server-2    |     2018/10/01 01:20:33.529885 [DEBUG] sched.core: eval GC: scanning before index 263 (10s)
nomad-client_1    |     2018/10/01 01:15:59.557236 [DEBUG] client: allocs: (added 1) (removed 0) (updated 0) (ignore 29)
nomad-server-1    |     2018/10/01 01:15:26.715884 [DEBUG] http: Request GET /v1/evaluations?index=133&wait=60000ms (3.5028923s)
nomad-server-3    |     2018/10/01 01:18:23.711007 [DEBUG] sched.core: deployment GC: scanning before index 0 (1h0m0s)
nomad-client_2    |     2018/10/01 01:26:26.103055 [DEBUG] client: allocs: (added 1) (removed 0) (updated 0) (ignore 16)
nomad-server-2    |     2018/10/01 01:20:33.530779 [DEBUG] worker: ack for evaluation 7d1db27e-a870-f26a-1faa-ed9d05b703e9
nomad-client_1    |     2018/10/01 01:15:59.573088 [DEBUG] client: starting task runners for alloc '48d4e2d6-2671-1346-5f87-9628d880f406'
nomad-server-1    |     2018/10/01 01:15:26.716670 [DEBUG] http: Request GET /v1/evaluation/53de3fe2-8d9b-3cdd-56fc-d70aba158d1f (196.4s)
nomad-server-3    |     2018/10/01 01:18:23.713234 [DEBUG] worker: dequeued evaluation a2f1a4eb-f300-0fad-cb87-66c5a366ea54
nomad-client_2    |     2018/10/01 01:26:26.115959 [DEBUG] client: starting task runners for alloc 'b613fd34-6f29-2673-a5c7-ae0ed86c414c'
nomad-server-2    |     2018/10/01 01:20:45 [DEBUG] memberlist: TCP connection from=172.21.0.2:35690
nomad-client_1    |     2018/10/01 01:15:59.573334 [DEBUG] client: starting task context for 'task-1538356558-65a4ac1c139ca13714f74f4be773e83bd734fa39' (alloc '48d4e2d6-2671-1346-5f87-9628d880f406')
nomad-server-1    |     2018/10/01 01:15:26.718744 [DEBUG] http: Request GET /v1/evaluation/53de3fe2-8d9b-3cdd-56fc-d70aba158d1f/allocations (324s)
nomad-server-3    |     2018/10/01 01:18:23.713335 [DEBUG] sched.core: node GC: scanning before index 0 (1h0m0s)
nomad-client_2    |     2018/10/01 01:26:26.116092 [DEBUG] client: starting task context for 'task-1538357185-dd0982f3ac89b76f9b9662f218a1b3fac064b019' (alloc 'b613fd34-6f29-2673-a5c7-ae0ed86c414c')
nomad-server-2    |     2018/10/01 01:21:24 [DEBUG] memberlist: Initiating push/pull sync with: 172.21.0.3:4648
nomad-client_1    | 2018-10-01T01:15:59.586Z [DEBUG] plugin: starting plugin: path=/usr/bin/nomad args="[/usr/bin/nomad executor {"LogFile":"/opt/nomad/alloc/48d4e2d6-2671-1346-5f87-9628d880f406/task-1538356558-65a4ac1c139ca13714f74f4be773e83bd734fa39/executor.out","LogLevel":"DEBUG"}]"
nomad-server-3    |     2018/10/01 01:18:23.713916 [DEBUG] worker: ack for evaluation a2f1a4eb-f300-0fad-cb87-66c5a366ea54
nomad-server-1    |     2018/10/01 01:15:26.837605 [DEBUG] http: Request GET /v1/evaluations?index=137&wait=60000ms (120.1539ms)
nomad-client_2    | 2018-10-01T01:26:26.131Z [DEBUG] plugin: starting plugin: path=/usr/bin/nomad args="[/usr/bin/nomad executor {"LogFile":"/opt/nomad/alloc/b613fd34-6f29-2673-a5c7-ae0ed86c414c/task-1538357185-dd0982f3ac89b76f9b9662f218a1b3fac064b019/executor.out","LogLevel":"DEBUG"}]"
nomad-server-2    |     2018/10/01 01:22:24 [DEBUG] memberlist: Initiating push/pull sync with: 172.21.0.3:4648
nomad-client_1    | 2018-10-01T01:15:59.586Z [DEBUG] plugin: waiting for RPC address: path=/usr/bin/nomad
nomad-server-3    |     2018/10/01 01:18:23.714548 [DEBUG] worker: ack for evaluation e92e9bde-063b-548c-e457-a07635976abc
nomad-server-1    |     2018/10/01 01:15:26.838594 [DEBUG] http: Request GET /v1/jobs?index=136&wait=60000ms (122.4281ms)
nomad-client_2    | 2018-10-01T01:26:26.131Z [DEBUG] plugin: waiting for RPC address: path=/usr/bin/nomad
nomad-server-2    |     2018/10/01 01:22:38.389001 [DEBUG] worker: dequeued evaluation 1fec2eb3-6138-829f-08af-3777ca3eb84a
nomad-client_1    | 2018-10-01T01:15:59.603Z [DEBUG] plugin.nomad: plugin address: timestamp=2018-10-01T01:15:59.603Z address=/tmp/plugin867063896 network=unix
nomad-server-3    |     2018/10/01 01:18:24 [DEBUG] memberlist: TCP connection from=172.21.0.4:33372
nomad-server-1    |     2018/10/01 01:15:26.846638 [DEBUG] http: Request GET /v1/allocations?index=135&wait=60000ms (1.0263695s)
nomad-client_2    | 2018-10-01T01:26:26.151Z [DEBUG] plugin.nomad: plugin address: timestamp=2018-10-01T01:26:26.151Z address=/tmp/plugin745300519 network=unix
nomad-server-2    |     2018/10/01 01:22:38.389237 [DEBUG] sched.core: node GC: scanning before index 0 (1h0m0s)
nomad-client_1    |     2018/10/01 01:15:59.607917 [DEBUG] driver.raw_exec: started process with pid: 771
nomad-server-3    |     2018/10/01 01:18:28.674832 [DEBUG] worker: dequeued evaluation a78730b8-826c-e51e-ec29-b16f5f1342ef
nomad-server-1    |     2018/10/01 01:15:26.846743 [DEBUG] http: Request GET /v1/evaluations?index=138&wait=60000ms (3.4246ms)
nomad-client_2    |     2018/10/01 01:26:26.156347 [DEBUG] driver.raw_exec: started process with pid: 2656
nomad-server-2    |     2018/10/01 01:22:38.390835 [DEBUG] worker: ack for evaluation 1fec2eb3-6138-829f-08af-3777ca3eb84a
nomad-client_1    |     2018/10/01 01:15:59.741578 [DEBUG] client: updated allocations at index 197 (total 30) (pulled 0) (filtered 30)
nomad-server-3    |     2018/10/01 01:18:28.674922 [DEBUG] worker: dequeued evaluation da5f1764-ea15-a7ca-ee03-4b673539c811
nomad-server-1    |     2018/10/01 01:15:27.013471 [DEBUG] http: Request GET /v1/jobs?index=138&wait=60000ms (170.0321ms)
nomad-client_2    |     2018/10/01 01:26:26.405934 [DEBUG] client: updated allocations at index 558 (total 17) (pulled 0) (filtered 17)
nomad-server-2    |     2018/10/01 01:22:43.389520 [DEBUG] worker: dequeued evaluation 50fdf8f9-dcc4-ca50-7f9f-134d423af2a5
nomad-client_1    |     2018/10/01 01:15:59.744578 [DEBUG] client: allocs: (added 0) (removed 0) (updated 0) (ignore 30)
nomad-server-3    |     2018/10/01 01:18:28.675056 [DEBUG] sched.core: deployment GC: scanning before index 0 (1h0m0s)
nomad-server-1    |     2018/10/01 01:15:27.014566 [DEBUG] http: Request GET /v1/allocations?index=138&wait=60000ms (162.5578ms)
nomad-client_2    |     2018/10/01 01:26:26.406259 [DEBUG] client: allocs: (added 0) (removed 0) (updated 0) (ignore 17)
nomad-server-2    |     2018/10/01 01:22:43.389738 [DEBUG] sched.core: job GC: scanning before index 263 (30s)
nomad-client_1    | 2018-10-01T01:16:01.922Z [DEBUG] plugin.nomad: 2018/10/01 01:16:01 [ERR] plugin: plugin server: accept unix /tmp/plugin451233387: use of closed network connection
nomad-server-3    |     2018/10/01 01:18:28.675133 [DEBUG] sched.core: node GC: scanning before index 0 (1h0m0s)
nomad-server-1    |     2018/10/01 01:15:27.686937 [DEBUG] http: Request GET /v1/evaluation/53de3fe2-8d9b-3cdd-56fc-d70aba158d1f (723.1s)
nomad-client_2    | 2018-10-01T01:26:28.516Z [DEBUG] plugin.nomad: 2018/10/01 01:26:28 [ERR] plugin: plugin server: accept unix /tmp/plugin367382076: use of closed network connection
nomad-server-2    |     2018/10/01 01:22:43.391799 [DEBUG] worker: ack for evaluation 50fdf8f9-dcc4-ca50-7f9f-134d423af2a5
nomad-client_1    | 2018-10-01T01:16:01.924Z [DEBUG] plugin: plugin process exited: path=/usr/bin/nomad
nomad-server-3    |     2018/10/01 01:18:28.676076 [DEBUG] worker: ack for evaluation a78730b8-826c-e51e-ec29-b16f5f1342ef
nomad-server-1    |     2018/10/01 01:15:27.689721 [DEBUG] http: Request GET /v1/evaluation/53de3fe2-8d9b-3cdd-56fc-d70aba158d1f/allocations (368.7s)
nomad-client_2    | 2018-10-01T01:26:28.519Z [DEBUG] plugin: plugin process exited: path=/usr/bin/nomad
nomad-server-2    |     2018/10/01 01:22:45 [DEBUG] memberlist: TCP connection from=172.21.0.2:35810
nomad-client_1    |     2018/10/01 01:16:01.924998 [INFO] client: task "task-1538356555-2b2af6c8c1fba856dd2c5e61b7690fbee22ed696" for alloc "abe1e575-7817-bdc9-d15e-94b7e05f7e57" completed successfully
nomad-server-3    |     2018/10/01 01:18:28.676418 [DEBUG] worker: ack for evaluation da5f1764-ea15-a7ca-ee03-4b673539c811
nomad-server-1    |     2018/10/01 01:15:28.889438 [DEBUG] worker: dequeued evaluation 157a0c94-e51d-8f40-1fc4-32f69349f89b
nomad-client_2    |     2018/10/01 01:26:28.519424 [INFO] client: task "task-1538357181-45d6b51466a20cc0fd2673145a0874980ebb96d4" for alloc "1993400f-bf8e-7220-2a84-871192254d34" completed successfully
nomad-server-2    |     2018/10/01 01:22:46 [DEBUG] memberlist: TCP connection from=172.21.0.3:37540
nomad-client_1    |     2018/10/01 01:16:01.925134 [INFO] client: Not restarting task: task-1538356555-2b2af6c8c1fba856dd2c5e61b7690fbee22ed696 for alloc: abe1e575-7817-bdc9-d15e-94b7e05f7e57 
nomad-server-3    |     2018/10/01 01:18:33.674536 [DEBUG] worker: dequeued evaluation 0e074e66-af90-1d50-0682-323bf2819a69
nomad-server-1    |     2018/10/01 01:15:28.890070 [DEBUG] sched.core: deployment GC: scanning before index 0 (1h0m0s)
nomad-client_2    |     2018/10/01 01:26:28.519466 [INFO] client: Not restarting task: task-1538357181-45d6b51466a20cc0fd2673145a0874980ebb96d4 for alloc: 1993400f-bf8e-7220-2a84-871192254d34 
nomad-server-2    |     2018/10/01 01:22:48.389947 [DEBUG] worker: dequeued evaluation 082f4a74-533f-0518-b954-8cc901c7594e
nomad-client_1    |     2018/10/01 01:16:01.925515 [INFO] client.gc: marking allocation abe1e575-7817-bdc9-d15e-94b7e05f7e57 for GC
nomad-server-3    |     2018/10/01 01:18:33.674669 [DEBUG] sched.core: eval GC: scanning before index 263 (10s)
nomad-server-1    |     2018/10/01 01:15:28.890316 [DEBUG] worker: ack for evaluation 157a0c94-e51d-8f40-1fc4-32f69349f89b
nomad-client_2    |     2018/10/01 01:26:28.519702 [INFO] client.gc: marking allocation 1993400f-bf8e-7220-2a84-871192254d34 for GC
nomad-server-2    |     2018/10/01 01:22:48.390290 [DEBUG] sched.core: deployment GC: scanning before index 0 (1h0m0s)
nomad-client_1    |     2018/10/01 01:16:02.146180 [DEBUG] client: updated allocations at index 198 (total 30) (pulled 0) (filtered 30)
nomad-server-3    |     2018/10/01 01:18:33.675621 [DEBUG] worker: dequeued evaluation 08beac6d-d7d8-34ad-2f38-5f43a7c5fa30
nomad-server-1    |     2018/10/01 01:15:28.889562 [DEBUG] worker: dequeued evaluation 7c9331bb-4ae6-0707-8113-aafc4ccd0948
nomad-client_2    |     2018/10/01 01:26:28.783842 [DEBUG] client: updated allocations at index 559 (total 17) (pulled 0) (filtered 17)
nomad-server-2    |     2018/10/01 01:22:48.391941 [DEBUG] worker: ack for evaluation 082f4a74-533f-0518-b954-8cc901c7594e
