nomad-server-1    |     2018/10/01 01:11:39 [INFO] raft: pipelining replication to peer {Voter e155ba47-6d75-70ae-bd51-84042aebcc0e 172.21.0.4:4647}
nomad-client_2    |     2018/10/01 01:15:19.815010 [DEBUG] client: updated allocations at index 128 (total 0) (pulled 0) (filtered 0)
nomad-client_1    |     2018/10/01 01:11:41.590299 [DEBUG] client.fingerprint_manager: detected fingerprints [arch cgroup cpu host network nomad signal storage]
nomad-server-3    |     2018/10/01 01:12:44.103196 [DEBUG] sched.core: deployment GC: scanning before index 0 (1h0m0s)
nomad-server-2    |     2018/10/01 01:12:32.774560 [DEBUG] worker: submitted plan at index 31 for evaluation 5116c845-6d06-9eb4-1a4e-1bbf1f0bdaea
nomad-server-1    |     2018/10/01 01:11:39 [DEBUG] serf: messageJoinType: 422f78be5dfc.global
nomad-client_2    |     2018/10/01 01:15:19.815284 [DEBUG] client: allocs: (added 0) (removed 0) (updated 0) (ignore 0)
nomad-client_1    |     2018/10/01 01:11:41.590696 [DEBUG] driver.docker: using client connection initialized from environment
nomad-server-3    |     2018/10/01 01:12:44.103867 [DEBUG] worker: ack for evaluation 69dc6533-57ea-9045-fc35-9e078a1488fb
nomad-server-2    |     2018/10/01 01:12:32.774622 [DEBUG] sched: <Eval "5116c845-6d06-9eb4-1a4e-1bbf1f0bdaea" JobID: "example-1538356352-75136e6de4536a82113023c903e36cc1eaca76a4" Namespace: "default">: setting status to complete
nomad-server-1    |     2018/10/01 01:11:39 [DEBUG] serf: messageJoinType: 93afe3398f8c.global
nomad-client_2    |     2018/10/01 01:15:22.264953 [DEBUG] client: updated allocations at index 129 (total 0) (pulled 0) (filtered 0)
nomad-client_1    |     2018/10/01 01:11:41.590729 [DEBUG] driver.docker: using client connection initialized from environment
nomad-server-3    |     2018/10/01 01:12:44.104202 [DEBUG] sched.core: eval GC: scanning before index 4 (10s)
nomad-server-2    |     2018/10/01 01:12:32.778007 [DEBUG] worker: updated evaluation <Eval "5116c845-6d06-9eb4-1a4e-1bbf1f0bdaea" JobID: "example-1538356352-75136e6de4536a82113023c903e36cc1eaca76a4" Namespace: "default">
nomad-server-1    |     2018/10/01 01:11:39.172184 [DEBUG] leader: reconciling job summaries at index: 0
nomad-client_2    |     2018/10/01 01:15:22.265285 [DEBUG] client: allocs: (added 0) (removed 0) (updated 0) (ignore 0)
nomad-client_1    |     2018/10/01 01:11:41.591221 [DEBUG] client.fingerprint_manager: fingerprinting driver rkt every 15s
nomad-server-3    |     2018/10/01 01:12:44.104854 [DEBUG] worker: ack for evaluation 19a46a07-dd64-6454-9915-3d53835226b4
nomad-server-2    |     2018/10/01 01:12:32.778956 [DEBUG] worker: ack for evaluation 5116c845-6d06-9eb4-1a4e-1bbf1f0bdaea
nomad-server-1    |     2018/10/01 01:11:39 [DEBUG] serf: messageJoinType: 93afe3398f8c.global
nomad-client_2    |     2018/10/01 01:15:23.199997 [DEBUG] client: updated allocations at index 132 (total 0) (pulled 0) (filtered 0)
nomad-client_1    |     2018/10/01 01:11:41.591269 [DEBUG] client.fingerprint_manager: fingerprinting driver mock_driver every 500ms
nomad-server-3    |     2018/10/01 01:12:45 [DEBUG] memberlist: Initiating push/pull sync with: 172.21.0.3:4648
nomad-server-2    |     2018/10/01 01:12:34.922496 [DEBUG] worker: dequeued evaluation a8dc4c19-c058-5ffa-96e3-6a971af485dd
nomad-server-1    |     2018/10/01 01:11:44.174317 [DEBUG] worker: dequeued evaluation 25528d54-2bc5-8d52-5706-70e9ba734400
nomad-client_2    |     2018/10/01 01:15:23.200356 [DEBUG] client: allocs: (added 0) (removed 0) (updated 0) (ignore 0)
nomad-client_1    |     2018/10/01 01:11:41.591302 [DEBUG] client.fingerprint_manager: health checking driver mock_driver every 1s
nomad-server-3    |     2018/10/01 01:12:49.103279 [DEBUG] worker: dequeued evaluation 6a1f8c1b-ae43-04b6-9315-bdb3109ef91d
nomad-server-2    |     2018/10/01 01:12:35.024266 [DEBUG] sched: <Eval "a8dc4c19-c058-5ffa-96e3-6a971af485dd" JobID: "example-1538356354-887f9449a4683dd9eaf6513e062793ba0b2f547e" Namespace: "default">: Total changes: (place 1) (destructive 0) (inplace 0) (stop 0)
nomad-server-1    |     2018/10/01 01:11:44.174622 [DEBUG] sched.core: node GC: scanning before index 0 (1h0m0s)
nomad-client_2    |     2018/10/01 01:15:23.470623 [DEBUG] client: updated allocations at index 134 (total 0) (pulled 0) (filtered 0)
nomad-client_1    |     2018/10/01 01:11:41.591360 [DEBUG] driver.docker: could not connect to docker daemon at unix:///var/run/docker.sock: Get http://unix.sock/version: dial unix /var/run/docker.sock: connect: no such file or directory
nomad-server-3    |     2018/10/01 01:12:49.103608 [DEBUG] sched.core: eval GC: scanning before index 4 (10s)
nomad-server-2    | Desired Changes for "group-1538356354-887f9449a4683dd9eaf6513e062793ba0b2f547e": (place 1) (inplace 0) (destructive 0) (stop 0) (migrate 0) (ignore 0) (canary 0)
nomad-server-1    |     2018/10/01 01:11:44.175553 [DEBUG] worker: ack for evaluation 25528d54-2bc5-8d52-5706-70e9ba734400
nomad-client_2    |     2018/10/01 01:15:23.470985 [DEBUG] client: allocs: (added 0) (removed 0) (updated 0) (ignore 0)
nomad-client_1    |     2018/10/01 01:11:41.591435 [DEBUG] driver.exec: exec driver is enabled
nomad-server-3    |     2018/10/01 01:12:49.104990 [DEBUG] worker: ack for evaluation 6a1f8c1b-ae43-04b6-9315-bdb3109ef91d
nomad-server-2    |     2018/10/01 01:12:35.040609 [DEBUG] worker: submitted plan at index 36 for evaluation a8dc4c19-c058-5ffa-96e3-6a971af485dd
nomad-server-1    |     2018/10/01 01:11:49.174692 [DEBUG] worker: dequeued evaluation da07da64-f263-6ad7-b1be-e26b09344273
nomad-client_2    |     2018/10/01 01:15:25.877052 [DEBUG] client: updated allocations at index 135 (total 0) (pulled 0) (filtered 0)
nomad-client_1    |     2018/10/01 01:11:41.591490 [WARN] driver.raw_exec: raw exec is enabled. Only enable if needed
nomad-server-3    |     2018/10/01 01:12:49.105180 [DEBUG] worker: dequeued evaluation 221cdf1d-4ff6-0702-3c0a-6f258cbc59b4
nomad-server-2    |     2018/10/01 01:12:35.040820 [DEBUG] sched: <Eval "a8dc4c19-c058-5ffa-96e3-6a971af485dd" JobID: "example-1538356354-887f9449a4683dd9eaf6513e062793ba0b2f547e" Namespace: "default">: setting status to complete
nomad-server-1    |     2018/10/01 01:11:49.174938 [DEBUG] sched.core: job GC: scanning before index 0 (30s)
nomad-client_2    |     2018/10/01 01:15:25.877538 [DEBUG] client: allocs: (added 0) (removed 0) (updated 0) (ignore 0)
nomad-client_1    |     2018/10/01 01:11:41.591723 [DEBUG] client.fingerprint_manager: fingerprinting driver exec every 15s
nomad-server-3    |     2018/10/01 01:12:49.105494 [DEBUG] sched.core: deployment GC: scanning before index 0 (1h0m0s)
nomad-server-2    |     2018/10/01 01:12:35.046456 [DEBUG] worker: updated evaluation <Eval "a8dc4c19-c058-5ffa-96e3-6a971af485dd" JobID: "example-1538356354-887f9449a4683dd9eaf6513e062793ba0b2f547e" Namespace: "default">
nomad-server-1    |     2018/10/01 01:11:49.176450 [DEBUG] worker: ack for evaluation da07da64-f263-6ad7-b1be-e26b09344273
nomad-client_2    |     2018/10/01 01:15:26.837473 [DEBUG] client: updated allocations at index 138 (total 0) (pulled 0) (filtered 0)
nomad-client_1    |     2018/10/01 01:11:41.591744 [DEBUG] client.fingerprint_manager: fingerprinting driver docker every 15s
nomad-server-3    |     2018/10/01 01:12:49.106217 [DEBUG] worker: ack for evaluation 221cdf1d-4ff6-0702-3c0a-6f258cbc59b4
nomad-server-2    |     2018/10/01 01:12:35.047032 [DEBUG] worker: ack for evaluation a8dc4c19-c058-5ffa-96e3-6a971af485dd
nomad-server-1    | ==> Failed to check for updates: Get https://checkpoint-api.hashicorp.com/v1/check/nomad?arch=amd64&os=linux&signature=1146f644-ca57-61d3-9900-4016642f8f30&version=0.8.3: x509: failed to load system roots and no roots provided
nomad-client_1    |     2018/10/01 01:11:41.591781 [DEBUG] client.fingerprint_manager: health checking driver docker every 1m0s
nomad-client_2    |     2018/10/01 01:15:26.837724 [DEBUG] client: allocs: (added 0) (removed 0) (updated 0) (ignore 0)
nomad-server-3    |     2018/10/01 01:12:54.102996 [DEBUG] worker: dequeued evaluation 4b46a890-139e-0fef-daac-8e0ca4ce26ce
nomad-server-2    |     2018/10/01 01:12:47 [DEBUG] memberlist: TCP connection from=172.21.0.3:35382
nomad-server-1    |     2018/10/01 01:11:54.174805 [DEBUG] worker: dequeued evaluation a258f2bb-b358-ef4a-20b0-dde451b7cb8f
nomad-client_1    |     2018/10/01 01:11:41.591835 [DEBUG] client.fingerprint_manager: detected drivers [mock_driver exec raw_exec]
nomad-client_2    |     2018/10/01 01:15:27.074444 [DEBUG] client: updated allocations at index 140 (total 0) (pulled 0) (filtered 0)
nomad-server-3    |     2018/10/01 01:12:54.103018 [DEBUG] worker: dequeued evaluation 1fc71324-72c9-781b-c5ca-095b770fc6b5
nomad-server-2    |     2018/10/01 01:13:04.066300 [DEBUG] worker: dequeued evaluation ca2d8722-2c32-5754-51b0-15c252933d64
nomad-server-1    |     2018/10/01 01:11:54.174983 [DEBUG] sched.core: node GC: scanning before index 0 (1h0m0s)
nomad-client_1    |     2018/10/01 01:11:41.598467 [INFO] client: Node ID "354efa2d-05bb-282f-2bf6-faa1bcaea7e6"
nomad-client_2    |     2018/10/01 01:15:27.074642 [DEBUG] client: allocs: (added 0) (removed 0) (updated 0) (ignore 0)
nomad-server-3    |     2018/10/01 01:12:54.103112 [DEBUG] sched.core: job GC: scanning before index 4 (30s)
nomad-server-2    |     2018/10/01 01:13:04.066612 [DEBUG] sched.core: node GC: scanning before index 0 (1h0m0s)
nomad-server-1    |     2018/10/01 01:11:54.175157 [DEBUG] worker: ack for evaluation a258f2bb-b358-ef4a-20b0-dde451b7cb8f
nomad-client_1    |     2018/10/01 01:11:41.601036 [DEBUG] client: updated allocations at index 1 (total 0) (pulled 0) (filtered 0)
nomad-client_2    |     2018/10/01 01:15:29.452833 [DEBUG] client: updated allocations at index 141 (total 0) (pulled 0) (filtered 0)
nomad-server-3    |     2018/10/01 01:12:54.103283 [DEBUG] sched.core: eval GC: scanning before index 4 (10s)
nomad-server-2    |     2018/10/01 01:13:04.066329 [DEBUG] worker: dequeued evaluation ec44a5dd-dab9-0d71-83bf-718a1f1726b5
nomad-server-1    |     2018/10/01 01:11:59.138916 [DEBUG] worker: dequeued evaluation a9908629-df2c-94bc-446e-9c0f59820370
nomad-client_1    |     2018/10/01 01:11:41.603380 [DEBUG] client: allocs: (added 0) (removed 0) (updated 0) (ignore 0)
nomad-client_2    |     2018/10/01 01:15:29.452978 [DEBUG] client: allocs: (added 0) (removed 0) (updated 0) (ignore 0)
nomad-server-3    |     2018/10/01 01:12:54.103837 [DEBUG] worker: ack for evaluation 4b46a890-139e-0fef-daac-8e0ca4ce26ce
nomad-server-2    |     2018/10/01 01:13:04.067280 [DEBUG] sched.core: eval GC: scanning before index 4 (10s)
nomad-server-1    |     2018/10/01 01:11:59.139222 [DEBUG] sched.core: deployment GC: scanning before index 0 (1h0m0s)
nomad-client_1    |     2018/10/01 01:11:41.609507 [INFO] client: node registration complete
nomad-client_2    |     2018/10/01 01:15:30.441726 [DEBUG] client: updated allocations at index 144 (total 0) (pulled 0) (filtered 0)
nomad-server-3    |     2018/10/01 01:12:54.103929 [DEBUG] worker: ack for evaluation 1fc71324-72c9-781b-c5ca-095b770fc6b5
nomad-server-2    |     2018/10/01 01:13:04.070340 [DEBUG] worker: ack for evaluation ca2d8722-2c32-5754-51b0-15c252933d64
nomad-server-1    |     2018/10/01 01:11:59.140466 [DEBUG] worker: ack for evaluation a9908629-df2c-94bc-446e-9c0f59820370
nomad-client_1    |     2018/10/01 01:11:44.137943 [DEBUG] client: state updated to ready
nomad-client_2    |     2018/10/01 01:15:30.441885 [DEBUG] client: allocs: (added 0) (removed 0) (updated 0) (ignore 0)
nomad-server-3    |     2018/10/01 01:12:59.067167 [DEBUG] worker: dequeued evaluation db552598-cff4-6f30-da9f-4d27d3f3e5ef
nomad-server-2    |     2018/10/01 01:13:04.070807 [DEBUG] worker: ack for evaluation ec44a5dd-dab9-0d71-83bf-718a1f1726b5
nomad-server-1    |     2018/10/01 01:12:04.138695 [DEBUG] worker: dequeued evaluation 7beb196b-f19f-6fbe-2646-5f55558432a1
nomad-client_1    |     2018/10/01 01:11:49.875109 [DEBUG] client: state changed, updating node and re-registering.
nomad-client_2    |     2018/10/01 01:15:30.648327 [DEBUG] client: updated allocations at index 146 (total 0) (pulled 0) (filtered 0)
nomad-server-3    |     2018/10/01 01:12:59.067564 [DEBUG] sched.core: deployment GC: scanning before index 0 (1h0m0s)
nomad-server-2    |     2018/10/01 01:13:09.066110 [DEBUG] worker: dequeued evaluation a3740178-b6dd-23c2-dfdb-36c13782826c
nomad-server-1    |     2018/10/01 01:12:04.139258 [DEBUG] sched.core: job GC: scanning before index 0 (30s)
nomad-client_1    |     2018/10/01 01:11:49.886867 [INFO] client: node registration complete
nomad-client_2    |     2018/10/01 01:15:30.648468 [DEBUG] client: allocs: (added 0) (removed 0) (updated 0) (ignore 0)
nomad-server-3    |     2018/10/01 01:12:59.067987 [DEBUG] worker: dequeued evaluation 75d01a50-8db3-b284-6d9c-414f24c374ff
nomad-server-2    |     2018/10/01 01:13:09.066310 [DEBUG] sched.core: eval GC: scanning before index 4 (10s)
nomad-server-1    |     2018/10/01 01:12:04.139716 [DEBUG] worker: ack for evaluation 7beb196b-f19f-6fbe-2646-5f55558432a1
nomad-client_1    | ==> Failed to check for updates: Get https://checkpoint-api.hashicorp.com/v1/check/nomad?arch=amd64&os=linux&signature=142edc03-6c9b-37aa-bf68-59c9fce1bc55&version=0.8.3: x509: failed to load system roots and no roots provided
nomad-client_2    |     2018/10/01 01:15:33.060502 [DEBUG] client: updated allocations at index 147 (total 0) (pulled 0) (filtered 0)
nomad-server-3    |     2018/10/01 01:12:59.068215 [DEBUG] sched.core: eval GC: scanning before index 4 (10s)
nomad-server-2    |     2018/10/01 01:13:09.068274 [DEBUG] worker: ack for evaluation a3740178-b6dd-23c2-dfdb-36c13782826c
nomad-server-1    |     2018/10/01 01:12:09.138041 [DEBUG] worker: dequeued evaluation 59a992f2-16da-7013-a1d5-47d5b84dc4ea
nomad-client_1    |     2018/10/01 01:12:09.385832 [DEBUG] client: updated allocations at index 13 (total 1) (pulled 1) (filtered 0)
nomad-client_2    |     2018/10/01 01:15:33.060728 [DEBUG] client: allocs: (added 0) (removed 0) (updated 0) (ignore 0)
nomad-server-3    |     2018/10/01 01:12:59.068767 [DEBUG] worker: ack for evaluation db552598-cff4-6f30-da9f-4d27d3f3e5ef
nomad-server-2    |     2018/10/01 01:13:14.066746 [DEBUG] worker: dequeued evaluation 45971949-210f-12df-2e81-597a21c788b9
nomad-server-1    |     2018/10/01 01:12:09.138976 [DEBUG] sched.core: deployment GC: scanning before index 0 (1h0m0s)
nomad-client_1    |     2018/10/01 01:12:09.385973 [DEBUG] client: allocs: (added 1) (removed 0) (updated 0) (ignore 0)
nomad-client_2    |     2018/10/01 01:15:34.072642 [DEBUG] client: updated allocations at index 150 (total 0) (pulled 0) (filtered 0)
nomad-server-3    |     2018/10/01 01:12:59.069303 [DEBUG] worker: ack for evaluation 75d01a50-8db3-b284-6d9c-414f24c374ff
nomad-server-2    |     2018/10/01 01:13:14.066911 [DEBUG] sched.core: eval GC: scanning before index 4 (10s)
nomad-server-1    |     2018/10/01 01:12:09.139132 [DEBUG] worker: ack for evaluation 59a992f2-16da-7013-a1d5-47d5b84dc4ea
nomad-client_1    |     2018/10/01 01:12:09.410796 [DEBUG] client: starting task runners for alloc '7ef1ef42-37dd-14db-3710-cb0bbf52cef3'
nomad-client_2    |     2018/10/01 01:15:34.072927 [DEBUG] client: allocs: (added 0) (removed 0) (updated 0) (ignore 0)
nomad-server-3    |     2018/10/01 01:13:04.066338 [DEBUG] worker: dequeued evaluation 18e63057-a59b-bf5f-202e-727f68fd296b
nomad-server-2    |     2018/10/01 01:13:14.067545 [DEBUG] worker: ack for evaluation 45971949-210f-12df-2e81-597a21c788b9
nomad-server-1    |     2018/10/01 01:12:09.269854 [DEBUG] http: Request PUT /v1/jobs (14.4269ms)
nomad-client_1    |     2018/10/01 01:12:09.410969 [DEBUG] client: starting task context for 'task-1538356328-52f2a4000757e6653ed4ecf751375ae5f9e7a0b1' (alloc '7ef1ef42-37dd-14db-3710-cb0bbf52cef3')
nomad-client_2    |     2018/10/01 01:15:34.240999 [DEBUG] client: updated allocations at index 152 (total 0) (pulled 0) (filtered 0)
nomad-server-3    |     2018/10/01 01:13:04.066388 [DEBUG] worker: dequeued evaluation 9d6cecc8-4b5e-f955-b620-277428621f85
nomad-server-2    |     2018/10/01 01:13:24.065415 [DEBUG] worker: dequeued evaluation 363be21f-3522-bd1c-b128-015a2fb6da1c
nomad-server-1    |     2018/10/01 01:12:09.271862 [DEBUG] http: Request GET /v1/evaluation/6d973708-7b4c-738f-78b2-cf2fd8606c92 (451.9s)
nomad-client_1    | 2018-10-01T01:12:09.428Z [DEBUG] plugin: starting plugin: path=/usr/bin/nomad args="[/usr/bin/nomad executor {"LogFile":"/opt/nomad/alloc/7ef1ef42-37dd-14db-3710-cb0bbf52cef3/task-1538356328-52f2a4000757e6653ed4ecf751375ae5f9e7a0b1/executor.out","LogLevel":"DEBUG"}]"
nomad-client_2    |     2018/10/01 01:15:34.241201 [DEBUG] client: allocs: (added 0) (removed 0) (updated 0) (ignore 0)
nomad-server-3    |     2018/10/01 01:13:04.067494 [DEBUG] sched.core: deployment GC: scanning before index 0 (1h0m0s)
nomad-server-2    |     2018/10/01 01:13:24.065538 [DEBUG] sched.core: eval GC: scanning before index 4 (10s)
nomad-server-1    |     2018/10/01 01:12:09.273387 [DEBUG] http: Request GET /v1/evaluation/6d973708-7b4c-738f-78b2-cf2fd8606c92/allocations (152.5s)
nomad-client_1    | 2018-10-01T01:12:09.428Z [DEBUG] plugin: waiting for RPC address: path=/usr/bin/nomad
nomad-client_2    |     2018/10/01 01:15:34.425826 [DEBUG] client: updated allocations at index 153 (total 0) (pulled 0) (filtered 0)
nomad-server-3    |     2018/10/01 01:13:04.067659 [DEBUG] sched.core: job GC: scanning before index 4 (30s)
nomad-server-2    |     2018/10/01 01:13:24.066456 [DEBUG] worker: ack for evaluation 363be21f-3522-bd1c-b128-015a2fb6da1c
nomad-server-1    |     2018/10/01 01:12:10.275903 [DEBUG] http: Request GET /v1/evaluation/6d973708-7b4c-738f-78b2-cf2fd8606c92 (519.6s)
nomad-client_1    | 2018-10-01T01:12:09.446Z [DEBUG] plugin.nomad: plugin address: timestamp=2018-10-01T01:12:09.446Z address=/tmp/plugin353607853 network=unix
nomad-client_2    |     2018/10/01 01:15:34.426082 [DEBUG] client: allocs: (added 0) (removed 0) (updated 0) (ignore 0)
nomad-server-3    |     2018/10/01 01:13:04.070233 [DEBUG] worker: ack for evaluation 9d6cecc8-4b5e-f955-b620-277428621f85
nomad-server-2    |     2018/10/01 01:13:25 [DEBUG] memberlist: Initiating push/pull sync with: 172.21.0.3:4648
nomad-server-1    |     2018/10/01 01:12:10.278867 [DEBUG] http: Request GET /v1/evaluation/6d973708-7b4c-738f-78b2-cf2fd8606c92/allocations (1.1845ms)
nomad-client_1    |     2018/10/01 01:12:09.451157 [DEBUG] driver.raw_exec: started process with pid: 44
nomad-client_2    |     2018/10/01 01:15:36.583165 [DEBUG] client: updated allocations at index 154 (total 0) (pulled 0) (filtered 0)
nomad-server-3    |     2018/10/01 01:13:04.070427 [DEBUG] worker: ack for evaluation 18e63057-a59b-bf5f-202e-727f68fd296b
nomad-server-2    |     2018/10/01 01:13:29.031279 [DEBUG] worker: dequeued evaluation 72af3f2f-9c28-d69d-0573-71edebef7bec
nomad-server-1    |     2018/10/01 01:12:11.646975 [DEBUG] http: Request PUT /v1/jobs (7.2063ms)
nomad-client_1    |     2018/10/01 01:12:09.714744 [DEBUG] client: updated allocations at index 15 (total 1) (pulled 0) (filtered 1)
nomad-client_2    |     2018/10/01 01:15:36.583756 [DEBUG] client: allocs: (added 0) (removed 0) (updated 0) (ignore 0)
nomad-server-3    |     2018/10/01 01:13:09.067499 [DEBUG] worker: dequeued evaluation 5d5fe0d1-161a-fcab-35b8-df8381972f05
nomad-server-2    |     2018/10/01 01:13:29.031439 [DEBUG] sched.core: eval GC: scanning before index 4 (10s)
nomad-server-1    |     2018/10/01 01:12:11.648378 [DEBUG] http: Request GET /v1/evaluation/35741a73-6ed0-f410-8713-261a921af252 (218.3s)
nomad-client_1    |     2018/10/01 01:12:09.714969 [DEBUG] client: allocs: (added 0) (removed 0) (updated 0) (ignore 1)
nomad-client_2    |     2018/10/01 01:15:37.730241 [DEBUG] client: updated allocations at index 157 (total 0) (pulled 0) (filtered 0)
nomad-server-3    |     2018/10/01 01:13:09.067672 [DEBUG] sched.core: job GC: scanning before index 4 (30s)
nomad-server-2    |     2018/10/01 01:13:29.032495 [DEBUG] worker: ack for evaluation 72af3f2f-9c28-d69d-0573-71edebef7bec
nomad-server-1    |     2018/10/01 01:12:11.651055 [DEBUG] http: Request GET /v1/evaluation/35741a73-6ed0-f410-8713-261a921af252/allocations (207.1s)
nomad-client_1    |     2018/10/01 01:12:11.770054 [DEBUG] client: updated allocations at index 18 (total 2) (pulled 1) (filtered 1)
nomad-client_2    |     2018/10/01 01:15:37.730445 [DEBUG] client: allocs: (added 0) (removed 0) (updated 0) (ignore 0)
nomad-server-3    |     2018/10/01 01:13:09.068965 [DEBUG] worker: ack for evaluation 5d5fe0d1-161a-fcab-35b8-df8381972f05
nomad-server-2    |     2018/10/01 01:13:34.031323 [DEBUG] worker: dequeued evaluation 129242d3-b38c-75c7-21a6-9d01985073e4
nomad-server-1    |     2018/10/01 01:12:12.652608 [DEBUG] http: Request GET /v1/evaluation/35741a73-6ed0-f410-8713-261a921af252 (368.2s)
nomad-client_1    |     2018/10/01 01:12:11.770227 [DEBUG] client: allocs: (added 1) (removed 0) (updated 0) (ignore 1)
nomad-client_2    |     2018/10/01 01:15:37.974792 [DEBUG] client: updated allocations at index 159 (total 0) (pulled 0) (filtered 0)
nomad-server-3    |     2018/10/01 01:13:19.066845 [DEBUG] worker: dequeued evaluation 03404f6e-50b0-c36c-5de0-5ae87b687f52
nomad-server-2    |     2018/10/01 01:13:34.031722 [DEBUG] sched.core: eval GC: scanning before index 4 (10s)
nomad-server-1    |     2018/10/01 01:12:12.654790 [DEBUG] http: Request GET /v1/evaluation/35741a73-6ed0-f410-8713-261a921af252/allocations (950.4s)
nomad-client_1    |     2018/10/01 01:12:11.784306 [DEBUG] client: starting task runners for alloc '5c026e61-2955-6a2b-d8c4-b0e34b0097ff'
nomad-client_2    |     2018/10/01 01:15:37.974938 [DEBUG] client: allocs: (added 0) (removed 0) (updated 0) (ignore 0)
nomad-server-3    |     2018/10/01 01:13:19.067066 [DEBUG] sched.core: eval GC: scanning before index 4 (10s)
nomad-server-2    |     2018/10/01 01:13:34.032952 [DEBUG] worker: ack for evaluation 129242d3-b38c-75c7-21a6-9d01985073e4
nomad-client_1    |     2018/10/01 01:12:11.784483 [DEBUG] client: starting task context for 'task-1538356331-f36ed8408a1cb5d1f3f80db6de6f0b128c768772' (alloc '5c026e61-2955-6a2b-d8c4-b0e34b0097ff')
nomad-server-1    |     2018/10/01 01:12:13.729088 [DEBUG] http: Request PUT /v1/jobs (6.5102ms)
nomad-client_2    |     2018/10/01 01:15:40.438682 [DEBUG] client: updated allocations at index 161 (total 0) (pulled 0) (filtered 0)
nomad-server-3    |     2018/10/01 01:13:19.067152 [DEBUG] worker: dequeued evaluation 1a61367d-96e7-9293-098d-d2390c2ec45f
nomad-server-2    |     2018/10/01 01:13:39.031034 [DEBUG] worker: dequeued evaluation 2e5abc34-6150-362e-b6e6-7fb9cc189108
nomad-client_1    | 2018-10-01T01:12:11.798Z [DEBUG] plugin: starting plugin: path=/usr/bin/nomad args="[/usr/bin/nomad executor {"LogFile":"/opt/nomad/alloc/5c026e61-2955-6a2b-d8c4-b0e34b0097ff/task-1538356331-f36ed8408a1cb5d1f3f80db6de6f0b128c768772/executor.out","LogLevel":"DEBUG"}]"
nomad-server-1    |     2018/10/01 01:12:13.730588 [DEBUG] http: Request GET /v1/evaluation/d06fc8ed-1aca-2854-2f30-9b65ed5d607d (244.2s)
nomad-client_2    |     2018/10/01 01:15:40.438951 [DEBUG] client: allocs: (added 0) (removed 0) (updated 0) (ignore 0)
nomad-server-3    |     2018/10/01 01:13:19.067972 [DEBUG] sched.core: deployment GC: scanning before index 0 (1h0m0s)
nomad-server-2    |     2018/10/01 01:13:39.031413 [DEBUG] sched.core: deployment GC: scanning before index 0 (1h0m0s)
nomad-client_1    | 2018-10-01T01:12:11.798Z [DEBUG] plugin: waiting for RPC address: path=/usr/bin/nomad
nomad-server-1    |     2018/10/01 01:12:13.731850 [DEBUG] http: Request GET /v1/evaluation/d06fc8ed-1aca-2854-2f30-9b65ed5d607d/allocations (138.4s)
nomad-client_2    |     2018/10/01 01:15:41.362806 [DEBUG] client: updated allocations at index 164 (total 0) (pulled 0) (filtered 0)
nomad-server-3    |     2018/10/01 01:13:19.070818 [DEBUG] worker: ack for evaluation 03404f6e-50b0-c36c-5de0-5ae87b687f52
nomad-server-2    |     2018/10/01 01:13:39.032053 [DEBUG] worker: ack for evaluation 2e5abc34-6150-362e-b6e6-7fb9cc189108
nomad-client_1    | 2018-10-01T01:12:11.822Z [DEBUG] plugin.nomad: plugin address: timestamp=2018-10-01T01:12:11.822Z address=/tmp/plugin204917715 network=unix
nomad-server-1    |     2018/10/01 01:12:14.138218 [DEBUG] worker: dequeued evaluation 98aefa7e-fa85-d721-cf70-9f5bfeb0054b
nomad-client_2    |     2018/10/01 01:15:41.363108 [DEBUG] client: allocs: (added 0) (removed 0) (updated 0) (ignore 0)
nomad-server-3    |     2018/10/01 01:13:19.070840 [DEBUG] worker: ack for evaluation 1a61367d-96e7-9293-098d-d2390c2ec45f
nomad-server-2    |     2018/10/01 01:13:44.030811 [DEBUG] worker: dequeued evaluation 4bb9da35-5bbd-eb1a-261c-1b7ecd94d7fe
nomad-client_1    |     2018/10/01 01:12:11.826653 [DEBUG] driver.raw_exec: started process with pid: 64
nomad-server-1    |     2018/10/01 01:12:14.138316 [DEBUG] sched.core: eval GC: scanning before index 4 (10s)
nomad-client_2    |     2018/10/01 01:15:41.582639 [DEBUG] client: updated allocations at index 166 (total 0) (pulled 0) (filtered 0)
nomad-server-3    |     2018/10/01 01:13:24.065534 [DEBUG] worker: dequeued evaluation d60211d6-3fd7-4134-295b-ab0d2419b616
nomad-server-2    |     2018/10/01 01:13:44.031089 [DEBUG] sched.core: deployment GC: scanning before index 0 (1h0m0s)
nomad-client_1    |     2018/10/01 01:12:12.028151 [DEBUG] client: updated allocations at index 20 (total 2) (pulled 0) (filtered 2)
nomad-server-1    |     2018/10/01 01:12:14.138433 [DEBUG] worker: ack for evaluation 98aefa7e-fa85-d721-cf70-9f5bfeb0054b
nomad-client_2    |     2018/10/01 01:15:41.582868 [DEBUG] client: allocs: (added 0) (removed 0) (updated 0) (ignore 0)
nomad-server-3    |     2018/10/01 01:13:24.065682 [DEBUG] sched.core: job GC: scanning before index 4 (30s)
nomad-server-2    |     2018/10/01 01:13:44.032037 [DEBUG] worker: ack for evaluation 4bb9da35-5bbd-eb1a-261c-1b7ecd94d7fe
nomad-client_1    |     2018/10/01 01:12:12.028239 [DEBUG] client: allocs: (added 0) (removed 0) (updated 0) (ignore 2)
nomad-server-1    |     2018/10/01 01:12:14.138537 [DEBUG] worker: dequeued evaluation 5dbebc1c-216d-cff7-66b7-4172d3d046b1
nomad-client_2    |     2018/10/01 01:15:43.377561 [DEBUG] http: Request GET /v1/agent/self (837.5s)
nomad-server-3    |     2018/10/01 01:13:24.066535 [DEBUG] worker: ack for evaluation d60211d6-3fd7-4134-295b-ab0d2419b616
nomad-server-2    |     2018/10/01 01:13:49.031797 [DEBUG] worker: dequeued evaluation c9076d5c-98ec-143d-ec0c-2bfa375a137a
nomad-client_1    |     2018/10/01 01:12:13.850285 [DEBUG] client: updated allocations at index 23 (total 3) (pulled 1) (filtered 2)
nomad-server-1    |     2018/10/01 01:12:14.138820 [DEBUG] sched.core: deployment GC: scanning before index 0 (1h0m0s)
nomad-client_2    |     2018/10/01 01:15:43.383578 [DEBUG] http: Request GET /v1/nodes?prefix=61b05c06-02d1-f947-06a7-e40a39101d8d (2.6342ms)
nomad-server-3    |     2018/10/01 01:13:29.032550 [DEBUG] worker: dequeued evaluation 3aa2c185-9fb4-57c4-e4f7-87d291d11900
nomad-server-2    |     2018/10/01 01:13:49.032098 [DEBUG] sched.core: eval GC: scanning before index 4 (10s)
nomad-client_1    |     2018/10/01 01:12:13.850354 [DEBUG] client: allocs: (added 1) (removed 0) (updated 0) (ignore 2)
nomad-server-1    |     2018/10/01 01:12:14.138981 [DEBUG] worker: ack for evaluation 5dbebc1c-216d-cff7-66b7-4172d3d046b1
nomad-client_2    |     2018/10/01 01:15:43.386001 [DEBUG] http: Request GET /v1/node/61b05c06-02d1-f947-06a7-e40a39101d8d (749.2s)
nomad-server-3    |     2018/10/01 01:13:29.032712 [DEBUG] sched.core: deployment GC: scanning before index 0 (1h0m0s)
nomad-server-2    |     2018/10/01 01:13:49.033636 [DEBUG] worker: ack for evaluation c9076d5c-98ec-143d-ec0c-2bfa375a137a
nomad-client_1    |     2018/10/01 01:12:13.863682 [DEBUG] client: starting task runners for alloc 'afaa5ab2-c60f-78f2-e30e-d20ec636804a'
nomad-server-1    |     2018/10/01 01:12:14.736488 [DEBUG] http: Request GET /v1/evaluation/d06fc8ed-1aca-2854-2f30-9b65ed5d607d (444.3s)
nomad-client_2    |     2018/10/01 01:15:43.387456 [DEBUG] http: Request GET /v1/client/stats?node_id=61b05c06-02d1-f947-06a7-e40a39101d8d (243.4s)
nomad-server-3    |     2018/10/01 01:13:29.033428 [DEBUG] worker: ack for evaluation 3aa2c185-9fb4-57c4-e4f7-87d291d11900
nomad-server-2    |     2018/10/01 01:13:54.030234 [DEBUG] worker: dequeued evaluation 271443fb-c2e0-462a-c45c-abebf4697533
nomad-client_1    |     2018/10/01 01:12:13.863881 [DEBUG] client: starting task context for 'task-1538356333-08958c27ac3f1699dcc3a23c1cba969d0206b3aa' (alloc 'afaa5ab2-c60f-78f2-e30e-d20ec636804a')
nomad-server-1    |     2018/10/01 01:12:14.738351 [DEBUG] http: Request GET /v1/evaluation/d06fc8ed-1aca-2854-2f30-9b65ed5d607d/allocations (220.6s)
nomad-client_2    |     2018/10/01 01:15:43.390963 [DEBUG] http: Request GET /v1/node/61b05c06-02d1-f947-06a7-e40a39101d8d/allocations (1.7237ms)
nomad-server-3    |     2018/10/01 01:13:34.034093 [DEBUG] worker: dequeued evaluation 2493311f-25a6-2045-69fe-7d4bbaaca6b8
nomad-server-2    |     2018/10/01 01:13:54.030431 [DEBUG] sched.core: node GC: scanning before index 0 (1h0m0s)
nomad-client_1    | 2018-10-01T01:12:13.878Z [DEBUG] plugin: starting plugin: path=/usr/bin/nomad args="[/usr/bin/nomad executor {"LogFile":"/opt/nomad/alloc/afaa5ab2-c60f-78f2-e30e-d20ec636804a/task-1538356333-08958c27ac3f1699dcc3a23c1cba969d0206b3aa/executor.out","LogLevel":"DEBUG"}]"
nomad-server-1    |     2018/10/01 01:12:19.138322 [DEBUG] worker: dequeued evaluation 0f912148-0e97-8d91-33d9-7b6344ceb3d2
nomad-client_2    |     2018/10/01 01:15:43.393105 [DEBUG] http: Request GET /v1/node/61b05c06-02d1-f947-06a7-e40a39101d8d/allocations (886.8s)
nomad-server-3    |     2018/10/01 01:13:34.034213 [DEBUG] sched.core: node GC: scanning before index 0 (1h0m0s)
nomad-server-2    |     2018/10/01 01:13:54.031380 [DEBUG] worker: ack for evaluation 271443fb-c2e0-462a-c45c-abebf4697533
nomad-client_1    | 2018-10-01T01:12:13.879Z [DEBUG] plugin: waiting for RPC address: path=/usr/bin/nomad
nomad-server-1    |     2018/10/01 01:12:19.138508 [DEBUG] sched.core: eval GC: scanning before index 4 (10s)
nomad-client_2    |     2018/10/01 01:15:43.974401 [DEBUG] client: updated allocations at index 167 (total 0) (pulled 0) (filtered 0)
nomad-server-3    |     2018/10/01 01:13:34.034770 [DEBUG] worker: ack for evaluation 2493311f-25a6-2045-69fe-7d4bbaaca6b8
nomad-server-2    |     2018/10/01 01:14:03.997642 [DEBUG] worker: dequeued evaluation f9425098-5805-d94b-8b4e-b8afa4d4645d
nomad-client_1    | 2018-10-01T01:12:13.896Z [DEBUG] plugin.nomad: plugin address: timestamp=2018-10-01T01:12:13.896Z network=unix address=/tmp/plugin934048627
nomad-server-1    |     2018/10/01 01:12:19.139026 [DEBUG] worker: dequeued evaluation 40892ada-4753-7db9-f697-a5d14bc58932
nomad-client_2    |     2018/10/01 01:15:43.974619 [DEBUG] client: allocs: (added 0) (removed 0) (updated 0) (ignore 0)
nomad-server-3    |     2018/10/01 01:13:39.029671 [DEBUG] worker: dequeued evaluation 77b7925a-8191-5b62-dddf-7b55f324a718
nomad-server-2    |     2018/10/01 01:14:03.997804 [DEBUG] sched.core: job GC: scanning before index 4 (30s)
nomad-client_1    |     2018/10/01 01:12:13.899984 [DEBUG] driver.raw_exec: started process with pid: 83
nomad-server-1    |     2018/10/01 01:12:19.139258 [DEBUG] sched.core: node GC: scanning before index 0 (1h0m0s)
nomad-client_2    |     2018/10/01 01:15:44.892330 [DEBUG] client: updated allocations at index 170 (total 0) (pulled 0) (filtered 0)
nomad-server-3    |     2018/10/01 01:13:39.030009 [DEBUG] sched.core: eval GC: scanning before index 4 (10s)
nomad-server-2    |     2018/10/01 01:14:04.000448 [DEBUG] worker: ack for evaluation f9425098-5805-d94b-8b4e-b8afa4d4645d
nomad-client_1    |     2018/10/01 01:12:14.075454 [DEBUG] client: updated allocations at index 25 (total 3) (pulled 0) (filtered 3)
nomad-server-1    |     2018/10/01 01:12:19.139887 [DEBUG] worker: ack for evaluation 40892ada-4753-7db9-f697-a5d14bc58932
nomad-client_2    |     2018/10/01 01:15:44.892613 [DEBUG] client: allocs: (added 0) (removed 0) (updated 0) (ignore 0)
nomad-server-3    |     2018/10/01 01:13:39.031016 [DEBUG] worker: ack for evaluation 77b7925a-8191-5b62-dddf-7b55f324a718
nomad-server-2    |     2018/10/01 01:14:08.995472 [DEBUG] worker: dequeued evaluation dd0e7e90-10b5-81ce-3550-e732cf5aceb3
nomad-client_1    |     2018/10/01 01:12:14.076094 [DEBUG] client: allocs: (added 0) (removed 0) (updated 0) (ignore 3)
nomad-server-1    |     2018/10/01 01:12:19.140522 [DEBUG] worker: ack for evaluation 0f912148-0e97-8d91-33d9-7b6344ceb3d2
nomad-client_2    |     2018/10/01 01:15:45.261824 [DEBUG] client: updated allocations at index 172 (total 0) (pulled 0) (filtered 0)
nomad-server-3    |     2018/10/01 01:13:44.033160 [DEBUG] worker: dequeued evaluation 3e0e3f33-8e5b-4a56-4ee8-72f126942292
nomad-server-2    |     2018/10/01 01:14:08.995601 [DEBUG] sched.core: job GC: scanning before index 4 (30s)
nomad-client_1    | 2018-10-01T01:12:15.474Z [DEBUG] plugin.nomad: 2018/10/01 01:12:15 [ERR] plugin: plugin server: accept unix /tmp/plugin353607853: use of closed network connection
nomad-server-1    |     2018/10/01 01:12:24.138667 [DEBUG] worker: dequeued evaluation 767be7cc-13ee-3d31-6ff1-4edcef7da7f5
nomad-client_2    |     2018/10/01 01:15:45.262155 [DEBUG] client: allocs: (added 0) (removed 0) (updated 0) (ignore 0)
nomad-server-3    |     2018/10/01 01:13:44.033953 [DEBUG] sched.core: eval GC: scanning before index 4 (10s)
nomad-server-2    |     2018/10/01 01:14:08.998872 [DEBUG] worker: ack for evaluation dd0e7e90-10b5-81ce-3550-e732cf5aceb3
nomad-client_1    | 2018-10-01T01:12:15.475Z [DEBUG] plugin: plugin process exited: path=/usr/bin/nomad
nomad-server-1    |     2018/10/01 01:12:24.138989 [DEBUG] sched.core: job GC: scanning before index 4 (30s)
nomad-client_2    |     2018/10/01 01:15:47.640597 [DEBUG] client: updated allocations at index 173 (total 0) (pulled 0) (filtered 0)
nomad-server-3    |     2018/10/01 01:13:44.034856 [DEBUG] worker: ack for evaluation 3e0e3f33-8e5b-4a56-4ee8-72f126942292
nomad-server-2    |     2018/10/01 01:14:13.996853 [DEBUG] worker: dequeued evaluation af3dd1ca-0c0c-1664-24d1-fbb3e38b3d04
nomad-client_1    |     2018/10/01 01:12:15.476159 [INFO] client: task "task-1538356328-52f2a4000757e6653ed4ecf751375ae5f9e7a0b1" for alloc "7ef1ef42-37dd-14db-3710-cb0bbf52cef3" completed successfully
nomad-server-1    |     2018/10/01 01:12:24.138770 [DEBUG] worker: dequeued evaluation b91fc5e5-9ed1-e10f-528f-4cee9d9e797a
nomad-client_2    |     2018/10/01 01:15:47.640820 [DEBUG] client: allocs: (added 0) (removed 0) (updated 0) (ignore 0)
nomad-server-3    |     2018/10/01 01:13:45 [DEBUG] memberlist: Initiating push/pull sync with: 172.21.0.3:4648
nomad-server-2    |     2018/10/01 01:14:13.997125 [DEBUG] sched.core: eval GC: scanning before index 4 (10s)
nomad-client_1    |     2018/10/01 01:12:15.476316 [INFO] client: Not restarting task: task-1538356328-52f2a4000757e6653ed4ecf751375ae5f9e7a0b1 for alloc: 7ef1ef42-37dd-14db-3710-cb0bbf52cef3 
nomad-server-1    |     2018/10/01 01:12:24.139283 [DEBUG] sched.core: node GC: scanning before index 0 (1h0m0s)
nomad-client_2    |     2018/10/01 01:15:48.652299 [DEBUG] client: updated allocations at index 176 (total 0) (pulled 0) (filtered 0)
nomad-server-3    |     2018/10/01 01:13:47 [DEBUG] memberlist: TCP connection from=172.21.0.3:57430
nomad-server-2    |     2018/10/01 01:14:14.000343 [DEBUG] worker: ack for evaluation af3dd1ca-0c0c-1664-24d1-fbb3e38b3d04
nomad-client_1    |     2018/10/01 01:12:15.476691 [INFO] client.gc: marking allocation 7ef1ef42-37dd-14db-3710-cb0bbf52cef3 for GC
nomad-server-1    |     2018/10/01 01:12:24.139446 [DEBUG] worker: ack for evaluation b91fc5e5-9ed1-e10f-528f-4cee9d9e797a
nomad-client_2    |     2018/10/01 01:15:48.652359 [DEBUG] client: allocs: (added 0) (removed 0) (updated 0) (ignore 0)
nomad-server-3    |     2018/10/01 01:13:49.031803 [DEBUG] worker: dequeued evaluation 09deb312-65fb-98ff-44f8-d605bc023fc7
nomad-server-2    |     2018/10/01 01:14:18.996906 [DEBUG] worker: dequeued evaluation 6028dbaa-28d5-e719-47de-4209e5f8f555
nomad-client_1    |     2018/10/01 01:12:15.629543 [DEBUG] client: updated allocations at index 26 (total 3) (pulled 0) (filtered 3)
nomad-server-1    |     2018/10/01 01:12:24.139701 [DEBUG] worker: ack for evaluation 767be7cc-13ee-3d31-6ff1-4edcef7da7f5
nomad-client_2    |     2018/10/01 01:15:48.778856 [DEBUG] client: updated allocations at index 178 (total 0) (pulled 0) (filtered 0)
nomad-server-3    |     2018/10/01 01:13:49.032454 [DEBUG] sched.core: deployment GC: scanning before index 0 (1h0m0s)
nomad-server-2    |     2018/10/01 01:14:18.997288 [DEBUG] sched.core: node GC: scanning before index 0 (1h0m0s)
nomad-client_1    |     2018/10/01 01:12:15.629840 [DEBUG] client: allocs: (added 0) (removed 0) (updated 0) (ignore 3)
nomad-server-1    |     2018/10/01 01:12:29.103635 [DEBUG] worker: dequeued evaluation ab83e72f-24c4-3ae5-a70b-1664303a4866
nomad-client_2    |     2018/10/01 01:15:48.779048 [DEBUG] client: allocs: (added 0) (removed 0) (updated 0) (ignore 0)
nomad-server-3    |     2018/10/01 01:13:49.034200 [DEBUG] worker: ack for evaluation 09deb312-65fb-98ff-44f8-d605bc023fc7
nomad-server-2    |     2018/10/01 01:14:18.998446 [DEBUG] worker: ack for evaluation 6028dbaa-28d5-e719-47de-4209e5f8f555
nomad-client_1    | 2018-10-01T01:12:17.831Z [DEBUG] plugin.nomad: 2018/10/01 01:12:17 [ERR] plugin: plugin server: accept unix /tmp/plugin204917715: use of closed network connection
nomad-server-1    |     2018/10/01 01:12:29.103829 [DEBUG] sched.core: job GC: scanning before index 4 (30s)
nomad-server-1    |     2018/10/01 01:12:29.104074 [DEBUG] worker: ack for evaluation ab83e72f-24c4-3ae5-a70b-1664303a4866
nomad-client_2    |     2018/10/01 01:15:51.250240 [DEBUG] client: updated allocations at index 179 (total 0) (pulled 0) (filtered 0)
nomad-server-2    |     2018/10/01 01:14:22.576989 [DEBUG] worker: dequeued evaluation 286f7e45-2635-da66-3b88-422db2eb8581
nomad-client_1    | 2018-10-01T01:12:17.833Z [DEBUG] plugin: plugin process exited: path=/usr/bin/nomad
nomad-server-1    |     2018/10/01 01:12:29.104535 [DEBUG] worker: dequeued evaluation ed0a6f7b-e360-10bd-6bc3-4d65f0d918bb
nomad-server-1    |     2018/10/01 01:12:29.104744 [DEBUG] sched.core: deployment GC: scanning before index 0 (1h0m0s)
nomad-server-1    |     2018/10/01 01:12:29.105117 [DEBUG] worker: ack for evaluation ed0a6f7b-e360-10bd-6bc3-4d65f0d918bb
nomad-client_2    |     2018/10/01 01:15:51.250471 [DEBUG] client: allocs: (added 0) (removed 0) (updated 0) (ignore 0)
nomad-server-2    |     2018/10/01 01:14:22.679644 [DEBUG] sched: <Eval "286f7e45-2635-da66-3b88-422db2eb8581" JobID: "example-1538356462-945cdecc828d971ef964407e3535305d61faab4c" Namespace: "default">: Total changes: (place 1) (destructive 0) (inplace 0) (stop 0)
nomad-client_1    |     2018/10/01 01:12:17.834027 [INFO] client: task "task-1538356331-f36ed8408a1cb5d1f3f80db6de6f0b128c768772" for alloc "5c026e61-2955-6a2b-d8c4-b0e34b0097ff" completed successfully
nomad-server-1    |     2018/10/01 01:12:32.664505 [DEBUG] http: Request PUT /v1/jobs (11.1121ms)
nomad-client_2    |     2018/10/01 01:15:52.263521 [DEBUG] client: updated allocations at index 182 (total 0) (pulled 0) (filtered 0)
nomad-server-3    |     2018/10/01 01:13:54.031391 [DEBUG] worker: dequeued evaluation 2641bc55-b81f-566c-ffd8-68558c06c1c5
nomad-server-2    | Desired Changes for "group-1538356462-945cdecc828d971ef964407e3535305d61faab4c": (place 1) (inplace 0) (destructive 0) (stop 0) (migrate 0) (ignore 0) (canary 0)
nomad-client_1    |     2018/10/01 01:12:17.834076 [INFO] client: Not restarting task: task-1538356331-f36ed8408a1cb5d1f3f80db6de6f0b128c768772 for alloc: 5c026e61-2955-6a2b-d8c4-b0e34b0097ff 
nomad-server-1    |     2018/10/01 01:12:32.665736 [DEBUG] http: Request GET /v1/evaluation/5116c845-6d06-9eb4-1a4e-1bbf1f0bdaea (159.7s)
nomad-client_2    |     2018/10/01 01:15:52.263697 [DEBUG] client: allocs: (added 0) (removed 0) (updated 0) (ignore 0)
nomad-server-3    |     2018/10/01 01:13:54.031722 [DEBUG] sched.core: eval GC: scanning before index 4 (10s)
nomad-server-2    |     2018/10/01 01:14:22.694947 [DEBUG] worker: submitted plan at index 50 for evaluation 286f7e45-2635-da66-3b88-422db2eb8581
nomad-client_1    |     2018/10/01 01:12:17.834457 [INFO] client.gc: marking allocation 5c026e61-2955-6a2b-d8c4-b0e34b0097ff for GC
nomad-server-1    |     2018/10/01 01:12:32.666891 [DEBUG] http: Request GET /v1/evaluation/5116c845-6d06-9eb4-1a4e-1bbf1f0bdaea/allocations (139.6s)
nomad-client_2    |     2018/10/01 01:15:52.443048 [DEBUG] client: updated allocations at index 184 (total 0) (pulled 0) (filtered 0)
nomad-server-3    |     2018/10/01 01:13:54.032406 [DEBUG] worker: ack for evaluation 2641bc55-b81f-566c-ffd8-68558c06c1c5
nomad-server-2    |     2018/10/01 01:14:22.695191 [DEBUG] sched: <Eval "286f7e45-2635-da66-3b88-422db2eb8581" JobID: "example-1538356462-945cdecc828d971ef964407e3535305d61faab4c" Namespace: "default">: setting status to complete
nomad-client_1    |     2018/10/01 01:12:18.087462 [DEBUG] client: updated allocations at index 27 (total 3) (pulled 0) (filtered 3)
nomad-server-1    |     2018/10/01 01:12:33.671028 [DEBUG] http: Request GET /v1/evaluation/5116c845-6d06-9eb4-1a4e-1bbf1f0bdaea (506.7s)
nomad-client_2    |     2018/10/01 01:15:52.443230 [DEBUG] client: allocs: (added 0) (removed 0) (updated 0) (ignore 0)
nomad-server-3    |     2018/10/01 01:13:58.996374 [DEBUG] worker: dequeued evaluation af5593ce-d658-f67a-df91-f0b8bc8f15f2
nomad-server-2    |     2018/10/01 01:14:22.700267 [DEBUG] worker: updated evaluation <Eval "286f7e45-2635-da66-3b88-422db2eb8581" JobID: "example-1538356462-945cdecc828d971ef964407e3535305d61faab4c" Namespace: "default">
nomad-client_1    |     2018/10/01 01:12:18.087979 [DEBUG] client: allocs: (added 0) (removed 0) (updated 0) (ignore 3)
nomad-server-1    |     2018/10/01 01:12:33.673826 [DEBUG] http: Request GET /v1/evaluation/5116c845-6d06-9eb4-1a4e-1bbf1f0bdaea/allocations (780.6s)
nomad-client_2    |     2018/10/01 01:15:52.573796 [DEBUG] client: updated allocations at index 185 (total 0) (pulled 0) (filtered 0)
nomad-server-3    |     2018/10/01 01:13:58.996505 [DEBUG] sched.core: job GC: scanning before index 4 (30s)
nomad-server-2    |     2018/10/01 01:14:22.700894 [DEBUG] worker: ack for evaluation 286f7e45-2635-da66-3b88-422db2eb8581
nomad-client_1    | 2018-10-01T01:12:19.906Z [DEBUG] plugin.nomad: 2018/10/01 01:12:19 [ERR] plugin: plugin server: accept unix /tmp/plugin934048627: use of closed network connection
nomad-server-1    |     2018/10/01 01:12:34.103031 [DEBUG] worker: dequeued evaluation 4c5e5ccc-bda2-3dbb-fcf9-71ab05432e71
nomad-client_2    |     2018/10/01 01:15:52.574464 [DEBUG] client: allocs: (added 0) (removed 0) (updated 0) (ignore 0)
nomad-server-3    |     2018/10/01 01:13:58.997030 [DEBUG] worker: ack for evaluation af5593ce-d658-f67a-df91-f0b8bc8f15f2
nomad-server-2    |     2018/10/01 01:14:23.996585 [DEBUG] worker: dequeued evaluation edc89e84-bde5-9f78-171b-fd3365f4dcaf
nomad-client_1    | 2018-10-01T01:12:19.908Z [DEBUG] plugin: plugin process exited: path=/usr/bin/nomad
nomad-server-1    |     2018/10/01 01:12:34.103277 [DEBUG] sched.core: deployment GC: scanning before index 0 (1h0m0s)
nomad-client_2    |     2018/10/01 01:15:54.781035 [DEBUG] client: updated allocations at index 186 (total 0) (pulled 0) (filtered 0)
nomad-server-3    |     2018/10/01 01:14:03.999901 [DEBUG] worker: dequeued evaluation 4315a2c4-8d0f-828d-706f-e5fb6e0254ec
nomad-server-2    |     2018/10/01 01:14:23.996819 [DEBUG] sched.core: node GC: scanning before index 0 (1h0m0s)
nomad-client_1    |     2018/10/01 01:12:19.908343 [INFO] client: task "task-1538356333-08958c27ac3f1699dcc3a23c1cba969d0206b3aa" for alloc "afaa5ab2-c60f-78f2-e30e-d20ec636804a" completed successfully
nomad-server-1    |     2018/10/01 01:12:34.103062 [DEBUG] worker: dequeued evaluation edc3074d-ca9d-abff-72de-8010d06a003e
nomad-client_2    |     2018/10/01 01:15:54.781216 [DEBUG] client: allocs: (added 0) (removed 0) (updated 0) (ignore 0)
nomad-server-3    |     2018/10/01 01:14:04.000074 [DEBUG] sched.core: deployment GC: scanning before index 0 (1h0m0s)
nomad-server-2    |     2018/10/01 01:14:23.997324 [DEBUG] worker: dequeued evaluation a7756d8a-c02b-f689-7530-3e439e795657
nomad-client_1    |     2018/10/01 01:12:19.908398 [INFO] client: Not restarting task: task-1538356333-08958c27ac3f1699dcc3a23c1cba969d0206b3aa for alloc: afaa5ab2-c60f-78f2-e30e-d20ec636804a 
nomad-server-1    |     2018/10/01 01:12:34.103517 [DEBUG] worker: ack for evaluation 4c5e5ccc-bda2-3dbb-fcf9-71ab05432e71
nomad-client_2    |     2018/10/01 01:15:55.900242 [DEBUG] client: updated allocations at index 189 (total 0) (pulled 0) (filtered 0)
nomad-server-3    |     2018/10/01 01:14:04.001014 [DEBUG] worker: ack for evaluation 4315a2c4-8d0f-828d-706f-e5fb6e0254ec
nomad-server-2    |     2018/10/01 01:14:23.997628 [DEBUG] sched.core: job GC: scanning before index 4 (30s)
nomad-client_1    |     2018/10/01 01:12:19.908672 [INFO] client.gc: marking allocation afaa5ab2-c60f-78f2-e30e-d20ec636804a for GC
nomad-server-1    |     2018/10/01 01:12:34.103997 [DEBUG] sched.core: node GC: scanning before index 0 (1h0m0s)
nomad-client_2    |     2018/10/01 01:15:55.900444 [DEBUG] client: allocs: (added 0) (removed 0) (updated 0) (ignore 0)
nomad-server-3    |     2018/10/01 01:14:08.995809 [DEBUG] worker: dequeued evaluation 60752369-78dd-4921-530e-dc50b231f9c6
nomad-server-2    |     2018/10/01 01:14:23.998544 [DEBUG] worker: ack for evaluation a7756d8a-c02b-f689-7530-3e439e795657
nomad-client_1    |     2018/10/01 01:12:20.029453 [DEBUG] client: updated allocations at index 28 (total 3) (pulled 0) (filtered 3)
nomad-server-1    |     2018/10/01 01:12:34.104502 [DEBUG] worker: ack for evaluation edc3074d-ca9d-abff-72de-8010d06a003e
nomad-client_2    |     2018/10/01 01:15:56.266641 [DEBUG] client: updated allocations at index 191 (total 0) (pulled 0) (filtered 0)
nomad-server-3    |     2018/10/01 01:14:08.996310 [DEBUG] sched.core: eval GC: scanning before index 4 (10s)
nomad-server-2    |     2018/10/01 01:14:23.998711 [DEBUG] worker: ack for evaluation edc89e84-bde5-9f78-171b-fd3365f4dcaf
nomad-client_1    |     2018/10/01 01:12:20.029770 [DEBUG] client: allocs: (added 0) (removed 0) (updated 0) (ignore 3)
nomad-server-1    |     2018/10/01 01:12:34.922268 [DEBUG] http: Request PUT /v1/jobs (9.7683ms)
nomad-client_2    |     2018/10/01 01:15:56.266896 [DEBUG] client: allocs: (added 0) (removed 0) (updated 0) (ignore 0)
nomad-server-3    |     2018/10/01 01:14:08.996766 [DEBUG] worker: ack for evaluation 60752369-78dd-4921-530e-dc50b231f9c6
nomad-server-2    |     2018/10/01 01:14:25 [DEBUG] memberlist: Initiating push/pull sync with: 172.21.0.3:4648
nomad-client_1    |     2018/10/01 01:12:32.779957 [DEBUG] client: updated allocations at index 31 (total 4) (pulled 1) (filtered 3)
nomad-server-1    |     2018/10/01 01:12:34.923805 [DEBUG] http: Request GET /v1/evaluation/a8dc4c19-c058-5ffa-96e3-6a971af485dd (203.8s)
nomad-client_2    |     2018/10/01 01:15:58.639017 [DEBUG] client: updated allocations at index 192 (total 0) (pulled 0) (filtered 0)
nomad-server-3    |     2018/10/01 01:14:13.996748 [DEBUG] worker: dequeued evaluation d4b1785a-66f8-b45e-ce2b-744aa275ef7c
nomad-server-2    |     2018/10/01 01:14:28.962061 [DEBUG] worker: dequeued evaluation 83c3c1c1-a3bd-3f04-c2dd-1a6d225319bd
nomad-client_1    |     2018/10/01 01:12:32.780151 [DEBUG] client: allocs: (added 1) (removed 0) (updated 0) (ignore 3)
nomad-server-1    |     2018/10/01 01:12:34.925232 [DEBUG] http: Request GET /v1/evaluation/a8dc4c19-c058-5ffa-96e3-6a971af485dd/allocations (247.2s)
nomad-client_2    |     2018/10/01 01:15:58.639341 [DEBUG] client: allocs: (added 0) (removed 0) (updated 0) (ignore 0)
nomad-server-3    |     2018/10/01 01:14:13.997018 [DEBUG] sched.core: node GC: scanning before index 0 (1h0m0s)
nomad-server-2    |     2018/10/01 01:14:28.962553 [DEBUG] sched.core: eval GC: scanning before index 4 (10s)
nomad-client_1    |     2018/10/01 01:12:32.794093 [DEBUG] client: starting task runners for alloc '0b4d3c51-da4e-7968-5750-2e819f079201'
nomad-server-1    |     2018/10/01 01:12:35.928009 [DEBUG] http: Request GET /v1/evaluation/a8dc4c19-c058-5ffa-96e3-6a971af485dd (582.6s)
nomad-client_2    |     2018/10/01 01:15:59.551344 [DEBUG] client: updated allocations at index 195 (total 0) (pulled 0) (filtered 0)
nomad-server-3    |     2018/10/01 01:14:13.999337 [DEBUG] worker: ack for evaluation d4b1785a-66f8-b45e-ce2b-744aa275ef7c
nomad-server-2    |     2018/10/01 01:14:28.963855 [DEBUG] worker: ack for evaluation 83c3c1c1-a3bd-3f04-c2dd-1a6d225319bd
nomad-client_1    |     2018/10/01 01:12:32.794400 [DEBUG] client: starting task context for 'task-1538356352-75136e6de4536a82113023c903e36cc1eaca76a4' (alloc '0b4d3c51-da4e-7968-5750-2e819f079201')
nomad-server-1    |     2018/10/01 01:12:35.930144 [DEBUG] http: Request GET /v1/evaluation/a8dc4c19-c058-5ffa-96e3-6a971af485dd/allocations (369.8s)
nomad-client_2    |     2018/10/01 01:15:59.551537 [DEBUG] client: allocs: (added 0) (removed 0) (updated 0) (ignore 0)
nomad-server-3    |     2018/10/01 01:14:18.996586 [DEBUG] worker: dequeued evaluation 9254978a-ddf4-433c-5e40-39f22c128184
nomad-server-2    |     2018/10/01 01:14:33.961174 [DEBUG] worker: dequeued evaluation e8a58b07-6a1c-f377-e402-0ffbaae2f0ad
