nomad-server-3    |     2018/10/01 01:15:01.400226 [DEBUG] sched: <Eval "6a7baf1c-b59f-3aca-bd63-b64ae6a20b14" JobID: "example-1538356500-39e5945481b60bf0e6640ed3b620fb94646c3f71" Namespace: "default">: setting status to complete
nomad-client_1    | 2018-10-01T01:14:39.401Z [DEBUG] plugin.nomad: plugin address: timestamp=2018-10-01T01:14:39.401Z address=/tmp/plugin654097467 network=unix
nomad-server-1    |     2018/10/01 01:13:34.030423 [DEBUG] worker: ack for evaluation 9219360d-efc3-d06e-8371-202e0905b8db
nomad-client_2    |     2018/10/01 01:16:39.467393 [DEBUG] client: allocs: (added 0) (removed 0) (updated 0) (ignore 0)
nomad-server-2    |     2018/10/01 01:15:30.425722 [DEBUG] sched: <Eval "c3bf75d4-646c-d730-8687-b291b6620106" JobID: "example-1538356529-af74e89ae2cb8895b4816b7a4fa93bd5a3f73f90" Namespace: "default">: Total changes: (place 1) (destructive 0) (inplace 0) (stop 0)
nomad-server-3    |     2018/10/01 01:15:01.408105 [DEBUG] worker: updated evaluation <Eval "6a7baf1c-b59f-3aca-bd63-b64ae6a20b14" JobID: "example-1538356500-39e5945481b60bf0e6640ed3b620fb94646c3f71" Namespace: "default">
nomad-client_1    |     2018/10/01 01:14:39.406577 [DEBUG] driver.raw_exec: started process with pid: 217
nomad-server-1    |     2018/10/01 01:13:35.063846 [DEBUG] http: Request GET /v1/evaluations?wait=60000ms (1.3106ms)
nomad-client_2    |     2018/10/01 01:16:39.704983 [DEBUG] client: updated allocations at index 267 (total 0) (pulled 0) (filtered 0)
nomad-server-2    | Desired Changes for "group-1538356529-af74e89ae2cb8895b4816b7a4fa93bd5a3f73f90": (place 1) (inplace 0) (destructive 0) (stop 0) (migrate 0) (ignore 0) (canary 0)
nomad-server-3    |     2018/10/01 01:15:01.409684 [DEBUG] worker: ack for evaluation 6a7baf1c-b59f-3aca-bd63-b64ae6a20b14
nomad-server-1    |     2018/10/01 01:13:35.065471 [DEBUG] http: Request GET /v1/nodes?wait=60000ms (1.7522ms)
nomad-client_1    |     2018/10/01 01:14:39.444919 [DEBUG] client: updated allocations at index 60 (total 8) (pulled 0) (filtered 8)
nomad-client_2    |     2018/10/01 01:16:39.705297 [DEBUG] client: allocs: (added 0) (removed 0) (updated 0) (ignore 0)
nomad-server-2    |     2018/10/01 01:15:30.436229 [DEBUG] worker: submitted plan at index 144 for evaluation c3bf75d4-646c-d730-8687-b291b6620106
nomad-server-3    |     2018/10/01 01:15:03.924553 [DEBUG] worker: dequeued evaluation 118cd764-d165-612f-a76d-13784e8f46ed
nomad-server-1    |     2018/10/01 01:13:35.066158 [DEBUG] http: Request GET /v1/allocations?wait=60000ms (3.6227ms)
nomad-client_1    |     2018/10/01 01:14:39.445157 [DEBUG] client: allocs: (added 0) (removed 0) (updated 0) (ignore 8)
nomad-client_2    |     2018/10/01 01:16:42.107144 [DEBUG] client: updated allocations at index 268 (total 0) (pulled 0) (filtered 0)
nomad-server-2    |     2018/10/01 01:15:30.436371 [DEBUG] sched: <Eval "c3bf75d4-646c-d730-8687-b291b6620106" JobID: "example-1538356529-af74e89ae2cb8895b4816b7a4fa93bd5a3f73f90" Namespace: "default">: setting status to complete
nomad-server-3    |     2018/10/01 01:15:03.924734 [DEBUG] worker: dequeued evaluation 0c51f252-8d83-23f4-227d-ddbe735f9882
nomad-server-1    |     2018/10/01 01:13:35.066571 [DEBUG] http: Request GET /v1/jobs?wait=60000ms (2.8535ms)
nomad-client_1    |     2018/10/01 01:14:39.727924 [DEBUG] client: updated allocations at index 61 (total 8) (pulled 0) (filtered 8)
nomad-server-2    |     2018/10/01 01:15:30.441167 [DEBUG] worker: updated evaluation <Eval "c3bf75d4-646c-d730-8687-b291b6620106" JobID: "example-1538356529-af74e89ae2cb8895b4816b7a4fa93bd5a3f73f90" Namespace: "default">
nomad-client_2    |     2018/10/01 01:16:42.107355 [DEBUG] client: allocs: (added 0) (removed 0) (updated 0) (ignore 0)
nomad-server-3    |     2018/10/01 01:15:03.924895 [DEBUG] sched.core: eval GC: scanning before index 4 (10s)
nomad-server-1    |     2018/10/01 01:13:39.029607 [DEBUG] worker: dequeued evaluation 33675632-92a1-d6d8-365c-990d03dad144
nomad-client_1    |     2018/10/01 01:14:39.728244 [DEBUG] client: allocs: (added 0) (removed 0) (updated 0) (ignore 8)
nomad-server-2    |     2018/10/01 01:15:30.443880 [DEBUG] worker: ack for evaluation c3bf75d4-646c-d730-8687-b291b6620106
nomad-client_2    |     2018/10/01 01:16:43.095683 [DEBUG] client: updated allocations at index 271 (total 0) (pulled 0) (filtered 0)
nomad-server-3    |     2018/10/01 01:15:03.925016 [DEBUG] sched.core: deployment GC: scanning before index 0 (1h0m0s)
nomad-server-1    |     2018/10/01 01:13:39.030112 [DEBUG] worker: dequeued evaluation 761e0a32-6431-84ac-baf4-8dce1b3d0282
nomad-client_1    |     2018/10/01 01:14:42.964245 [DEBUG] client: updated allocations at index 64 (total 9) (pulled 1) (filtered 8)
nomad-server-2    |     2018/10/01 01:15:33.888104 [DEBUG] worker: dequeued evaluation 4893e23b-a3e1-6128-b666-abc2e6822396
nomad-client_2    |     2018/10/01 01:16:43.096385 [DEBUG] client: allocs: (added 0) (removed 0) (updated 0) (ignore 0)
nomad-server-3    |     2018/10/01 01:15:03.925994 [DEBUG] worker: ack for evaluation 118cd764-d165-612f-a76d-13784e8f46ed
nomad-server-1    |     2018/10/01 01:13:39.030238 [DEBUG] sched.core: job GC: scanning before index 4 (30s)
nomad-client_1    |     2018/10/01 01:14:42.964732 [DEBUG] client: allocs: (added 1) (removed 0) (updated 0) (ignore 8)
nomad-server-2    |     2018/10/01 01:15:33.888222 [DEBUG] sched.core: job GC: scanning before index 4 (30s)
nomad-client_2    |     2018/10/01 01:16:43.304152 [DEBUG] client: updated allocations at index 273 (total 0) (pulled 0) (filtered 0)
nomad-server-3    |     2018/10/01 01:15:03.926466 [DEBUG] worker: ack for evaluation 0c51f252-8d83-23f4-227d-ddbe735f9882
nomad-server-1    |     2018/10/01 01:13:39.030425 [DEBUG] worker: ack for evaluation 761e0a32-6431-84ac-baf4-8dce1b3d0282
nomad-client_1    |     2018/10/01 01:14:42.980072 [DEBUG] client: starting task runners for alloc '0203b25c-6af0-ee45-fdf3-1f46c0676cc8'
nomad-server-2    |     2018/10/01 01:15:33.889052 [DEBUG] worker: ack for evaluation 4893e23b-a3e1-6128-b666-abc2e6822396
nomad-client_2    |     2018/10/01 01:16:43.304545 [DEBUG] client: allocs: (added 0) (removed 0) (updated 0) (ignore 0)
nomad-server-3    |     2018/10/01 01:15:04.916091 [DEBUG] worker: dequeued evaluation ea069d00-a5ee-d65c-f05c-be0cc6e346f7
nomad-server-1    |     2018/10/01 01:13:39.030511 [DEBUG] sched.core: node GC: scanning before index 0 (1h0m0s)
nomad-client_1    |     2018/10/01 01:14:42.981048 [DEBUG] client: starting task context for 'task-1538356482-d9d47304d70dde85c8cc0800145560b8525e15f5' (alloc '0203b25c-6af0-ee45-fdf3-1f46c0676cc8')
nomad-server-2    |     2018/10/01 01:15:33.952387 [DEBUG] worker: dequeued evaluation 2581c29c-0f1c-cda9-e43a-c6e9e367f23c
nomad-client_2    |     2018/10/01 01:16:45.708273 [DEBUG] client: updated allocations at index 274 (total 0) (pulled 0) (filtered 0)
nomad-server-3    |     2018/10/01 01:15:05.019579 [DEBUG] sched: <Eval "ea069d00-a5ee-d65c-f05c-be0cc6e346f7" JobID: "example-1538356504-52a36ca5a9592980d83e1f33d757892f80ab7cb8" Namespace: "default">: Total changes: (place 1) (destructive 0) (inplace 0) (stop 0)
nomad-server-1    |     2018/10/01 01:13:39.031637 [DEBUG] worker: ack for evaluation 33675632-92a1-d6d8-365c-990d03dad144
nomad-client_1    | 2018-10-01T01:14:43.001Z [DEBUG] plugin: starting plugin: path=/usr/bin/nomad args="[/usr/bin/nomad executor {"LogFile":"/opt/nomad/alloc/0203b25c-6af0-ee45-fdf3-1f46c0676cc8/task-1538356482-d9d47304d70dde85c8cc0800145560b8525e15f5/executor.out","LogLevel":"DEBUG"}]"
nomad-server-2    |     2018/10/01 01:15:34.054033 [DEBUG] sched: <Eval "2581c29c-0f1c-cda9-e43a-c6e9e367f23c" JobID: "example-1538356533-0f7838564bc83084b564ff2262ca4914e258b618" Namespace: "default">: Total changes: (place 1) (destructive 0) (inplace 0) (stop 0)
nomad-client_2    |     2018/10/01 01:16:45.708406 [DEBUG] client: allocs: (added 0) (removed 0) (updated 0) (ignore 0)
nomad-server-3    | Desired Changes for "group-1538356504-52a36ca5a9592980d83e1f33d757892f80ab7cb8": (place 1) (inplace 0) (destructive 0) (stop 0) (migrate 0) (ignore 0) (canary 0)
nomad-server-1    |     2018/10/01 01:13:44.030200 [DEBUG] worker: dequeued evaluation 63d6ebac-6d96-6432-0dc4-beb424ee15c7
nomad-client_1    | 2018-10-01T01:14:43.002Z [DEBUG] plugin: waiting for RPC address: path=/usr/bin/nomad
nomad-server-2    | Desired Changes for "group-1538356533-0f7838564bc83084b564ff2262ca4914e258b618": (place 1) (inplace 0) (destructive 0) (stop 0) (migrate 0) (ignore 0) (canary 0)
nomad-client_2    |     2018/10/01 01:16:46.722508 [DEBUG] client: updated allocations at index 277 (total 0) (pulled 0) (filtered 0)
nomad-server-3    |     2018/10/01 01:15:05.039255 [DEBUG] worker: submitted plan at index 101 for evaluation ea069d00-a5ee-d65c-f05c-be0cc6e346f7
nomad-server-1    |     2018/10/01 01:13:44.030881 [DEBUG] worker: dequeued evaluation 3c0aaaa1-512c-13d2-11ff-0d7e70e5ce98
nomad-client_1    | 2018-10-01T01:14:43.030Z [DEBUG] plugin.nomad: plugin address: timestamp=2018-10-01T01:14:43.029Z address=/tmp/plugin160983789 network=unix
nomad-server-2    |     2018/10/01 01:15:34.063233 [DEBUG] worker: submitted plan at index 150 for evaluation 2581c29c-0f1c-cda9-e43a-c6e9e367f23c
nomad-client_2    |     2018/10/01 01:16:46.723251 [DEBUG] client: allocs: (added 0) (removed 0) (updated 0) (ignore 0)
nomad-server-3    |     2018/10/01 01:15:05.039321 [DEBUG] sched: <Eval "ea069d00-a5ee-d65c-f05c-be0cc6e346f7" JobID: "example-1538356504-52a36ca5a9592980d83e1f33d757892f80ab7cb8" Namespace: "default">: setting status to complete
nomad-server-1    |     2018/10/01 01:13:44.032070 [DEBUG] sched.core: node GC: scanning before index 0 (1h0m0s)
nomad-client_1    |     2018/10/01 01:14:43.037317 [DEBUG] driver.raw_exec: started process with pid: 263
nomad-server-2    |     2018/10/01 01:15:34.063308 [DEBUG] sched: <Eval "2581c29c-0f1c-cda9-e43a-c6e9e367f23c" JobID: "example-1538356533-0f7838564bc83084b564ff2262ca4914e258b618" Namespace: "default">: setting status to complete
nomad-client_2    |     2018/10/01 01:16:46.904488 [DEBUG] client: updated allocations at index 279 (total 0) (pulled 0) (filtered 0)
nomad-server-3    |     2018/10/01 01:15:05.053631 [DEBUG] worker: updated evaluation <Eval "ea069d00-a5ee-d65c-f05c-be0cc6e346f7" JobID: "example-1538356504-52a36ca5a9592980d83e1f33d757892f80ab7cb8" Namespace: "default">
nomad-server-1    |     2018/10/01 01:13:44.030881 [DEBUG] sched.core: job GC: scanning before index 4 (30s)
nomad-client_1    |     2018/10/01 01:14:43.250905 [DEBUG] client: updated allocations at index 66 (total 9) (pulled 0) (filtered 9)
nomad-server-2    |     2018/10/01 01:15:34.071927 [DEBUG] worker: updated evaluation <Eval "2581c29c-0f1c-cda9-e43a-c6e9e367f23c" JobID: "example-1538356533-0f7838564bc83084b564ff2262ca4914e258b618" Namespace: "default">
nomad-client_2    |     2018/10/01 01:16:46.904712 [DEBUG] client: allocs: (added 0) (removed 0) (updated 0) (ignore 0)
nomad-server-3    |     2018/10/01 01:15:05.054414 [DEBUG] worker: ack for evaluation ea069d00-a5ee-d65c-f05c-be0cc6e346f7
nomad-server-1    |     2018/10/01 01:13:44.032663 [DEBUG] worker: ack for evaluation 63d6ebac-6d96-6432-0dc4-beb424ee15c7
nomad-client_1    |     2018/10/01 01:14:43.250998 [DEBUG] client: allocs: (added 0) (removed 0) (updated 0) (ignore 9)
nomad-server-2    |     2018/10/01 01:15:34.074333 [DEBUG] worker: ack for evaluation 2581c29c-0f1c-cda9-e43a-c6e9e367f23c
nomad-client_2    |     2018/10/01 01:16:49.378770 [DEBUG] client: updated allocations at index 280 (total 0) (pulled 0) (filtered 0)
nomad-server-3    |     2018/10/01 01:15:08.559529 [DEBUG] worker: dequeued evaluation 37fa6a54-18f9-0b6f-098c-6e0abae82620
nomad-server-1    |     2018/10/01 01:13:44.032866 [DEBUG] worker: ack for evaluation 3c0aaaa1-512c-13d2-11ff-0d7e70e5ce98
nomad-client_1    | 2018-10-01T01:14:45.411Z [DEBUG] plugin.nomad: 2018/10/01 01:14:45 [ERR] plugin: plugin server: accept unix /tmp/plugin654097467: use of closed network connection
nomad-server-2    |     2018/10/01 01:15:37.609528 [DEBUG] worker: dequeued evaluation 25f77849-9ad0-1b06-dc7d-e121904f0826
nomad-client_2    |     2018/10/01 01:16:49.378964 [DEBUG] client: allocs: (added 0) (removed 0) (updated 0) (ignore 0)
nomad-server-3    |     2018/10/01 01:15:08.662152 [DEBUG] sched: <Eval "37fa6a54-18f9-0b6f-098c-6e0abae82620" JobID: "example-1538356507-826ed9cbee1d42fde6556ad0290c2e949bedf76d" Namespace: "default">: Total changes: (place 1) (destructive 0) (inplace 0) (stop 0)
nomad-server-1    |     2018/10/01 01:13:45 [DEBUG] memberlist: TCP connection from=172.21.0.2:52554
nomad-client_1    | 2018-10-01T01:14:45.413Z [DEBUG] plugin: plugin process exited: path=/usr/bin/nomad
nomad-server-2    |     2018/10/01 01:15:37.711057 [DEBUG] sched: <Eval "25f77849-9ad0-1b06-dc7d-e121904f0826" JobID: "example-1538356537-d42fe9a83a2c854a8dafa910a469de6136b5d0f8" Namespace: "default">: Total changes: (place 1) (destructive 0) (inplace 0) (stop 0)
nomad-client_2    |     2018/10/01 01:16:50.343695 [DEBUG] client: updated allocations at index 283 (total 0) (pulled 0) (filtered 0)
nomad-server-3    | Desired Changes for "group-1538356507-826ed9cbee1d42fde6556ad0290c2e949bedf76d": (place 1) (inplace 0) (destructive 0) (stop 0) (migrate 0) (ignore 0) (canary 0)
nomad-server-1    |     2018/10/01 01:13:47 [DEBUG] memberlist: Initiating push/pull sync with: 172.21.0.2:4648
nomad-client_1    |     2018/10/01 01:14:45.414068 [INFO] client: task "task-1538356478-25137a836e1f43174f4749575c3044b834b43f28" for alloc "613f5161-4922-6073-b2d2-d30b0112e528" completed successfully
nomad-server-2    | Desired Changes for "group-1538356537-d42fe9a83a2c854a8dafa910a469de6136b5d0f8": (place 1) (inplace 0) (destructive 0) (stop 0) (migrate 0) (ignore 0) (canary 0)
nomad-client_2    |     2018/10/01 01:16:50.343830 [DEBUG] client: allocs: (added 0) (removed 0) (updated 0) (ignore 0)
nomad-server-3    |     2018/10/01 01:15:08.672193 [DEBUG] worker: submitted plan at index 107 for evaluation 37fa6a54-18f9-0b6f-098c-6e0abae82620
nomad-server-1    |     2018/10/01 01:13:49.030623 [DEBUG] worker: dequeued evaluation e7b44acf-f456-8bb4-1636-b991050c914d
nomad-client_1    |     2018/10/01 01:14:45.414108 [INFO] client: Not restarting task: task-1538356478-25137a836e1f43174f4749575c3044b834b43f28 for alloc: 613f5161-4922-6073-b2d2-d30b0112e528 
nomad-server-2    |     2018/10/01 01:15:37.720303 [DEBUG] worker: submitted plan at index 157 for evaluation 25f77849-9ad0-1b06-dc7d-e121904f0826
nomad-client_2    |     2018/10/01 01:16:50.584955 [DEBUG] client: updated allocations at index 285 (total 0) (pulled 0) (filtered 0)
nomad-server-3    |     2018/10/01 01:15:08.672524 [DEBUG] sched: <Eval "37fa6a54-18f9-0b6f-098c-6e0abae82620" JobID: "example-1538356507-826ed9cbee1d42fde6556ad0290c2e949bedf76d" Namespace: "default">: setting status to complete
nomad-server-1    |     2018/10/01 01:13:49.030992 [DEBUG] sched.core: node GC: scanning before index 0 (1h0m0s)
nomad-client_1    |     2018/10/01 01:14:45.414388 [INFO] client.gc: marking allocation 613f5161-4922-6073-b2d2-d30b0112e528 for GC
nomad-server-2    |     2018/10/01 01:15:37.720385 [DEBUG] sched: <Eval "25f77849-9ad0-1b06-dc7d-e121904f0826" JobID: "example-1538356537-d42fe9a83a2c854a8dafa910a469de6136b5d0f8" Namespace: "default">: setting status to complete
nomad-client_2    |     2018/10/01 01:16:50.585219 [DEBUG] client: allocs: (added 0) (removed 0) (updated 0) (ignore 0)
nomad-server-3    |     2018/10/01 01:15:08.680644 [DEBUG] worker: updated evaluation <Eval "37fa6a54-18f9-0b6f-098c-6e0abae82620" JobID: "example-1538356507-826ed9cbee1d42fde6556ad0290c2e949bedf76d" Namespace: "default">
nomad-server-1    |     2018/10/01 01:13:49.031295 [DEBUG] worker: ack for evaluation e7b44acf-f456-8bb4-1636-b991050c914d
nomad-client_1    |     2018/10/01 01:14:45.702884 [DEBUG] client: updated allocations at index 67 (total 9) (pulled 0) (filtered 9)
nomad-server-2    |     2018/10/01 01:15:37.729246 [DEBUG] worker: updated evaluation <Eval "25f77849-9ad0-1b06-dc7d-e121904f0826" JobID: "example-1538356537-d42fe9a83a2c854a8dafa910a469de6136b5d0f8" Namespace: "default">
nomad-client_2    |     2018/10/01 01:16:52.983640 [DEBUG] client: updated allocations at index 286 (total 0) (pulled 0) (filtered 0)
nomad-server-3    |     2018/10/01 01:15:08.682198 [DEBUG] worker: ack for evaluation 37fa6a54-18f9-0b6f-098c-6e0abae82620
nomad-server-1    |     2018/10/01 01:13:49.032161 [DEBUG] worker: dequeued evaluation 0eae24fb-b6d1-39ee-1b26-d1d8a322eabd
nomad-client_1    |     2018/10/01 01:14:45.703062 [DEBUG] client: allocs: (added 0) (removed 0) (updated 0) (ignore 9)
nomad-server-2    |     2018/10/01 01:15:37.729730 [DEBUG] worker: ack for evaluation 25f77849-9ad0-1b06-dc7d-e121904f0826
nomad-client_2    |     2018/10/01 01:16:52.984123 [DEBUG] client: allocs: (added 0) (removed 0) (updated 0) (ignore 0)
nomad-server-3    |     2018/10/01 01:15:08.925417 [DEBUG] worker: dequeued evaluation 50eee7df-eeda-21ad-dc2b-107685032092
nomad-server-1    |     2018/10/01 01:13:49.034200 [DEBUG] sched.core: job GC: scanning before index 4 (30s)
nomad-client_1    |     2018/10/01 01:14:46.747833 [DEBUG] client: updated allocations at index 70 (total 10) (pulled 1) (filtered 9)
nomad-server-2    |     2018/10/01 01:15:38.888269 [DEBUG] worker: dequeued evaluation db08ec21-2314-fcb5-016d-869ca12cbccd
nomad-client_2    |     2018/10/01 01:16:54.095113 [DEBUG] client: updated allocations at index 289 (total 0) (pulled 0) (filtered 0)
nomad-server-3    |     2018/10/01 01:15:08.925647 [DEBUG] sched.core: eval GC: scanning before index 4 (10s)
nomad-server-1    |     2018/10/01 01:13:49.034492 [DEBUG] worker: ack for evaluation 0eae24fb-b6d1-39ee-1b26-d1d8a322eabd
nomad-client_1    |     2018/10/01 01:14:46.748021 [DEBUG] client: allocs: (added 1) (removed 0) (updated 0) (ignore 9)
nomad-server-2    |     2018/10/01 01:15:38.888407 [DEBUG] sched.core: node GC: scanning before index 0 (1h0m0s)
nomad-client_2    |     2018/10/01 01:16:54.095358 [DEBUG] client: allocs: (added 0) (removed 0) (updated 0) (ignore 0)
nomad-server-3    |     2018/10/01 01:15:08.927151 [DEBUG] worker: ack for evaluation 50eee7df-eeda-21ad-dc2b-107685032092
nomad-server-1    |     2018/10/01 01:13:54.029929 [DEBUG] worker: dequeued evaluation 4af44d96-a888-f456-0af0-ba103035fc7a
nomad-client_1    |     2018/10/01 01:14:46.770541 [DEBUG] client: starting task runners for alloc '2bd05068-92c4-f034-174e-9c43fabf953b'
nomad-server-2    |     2018/10/01 01:15:38.889323 [DEBUG] worker: ack for evaluation db08ec21-2314-fcb5-016d-869ca12cbccd
nomad-client_2    |     2018/10/01 01:16:54.304763 [DEBUG] client: updated allocations at index 291 (total 0) (pulled 0) (filtered 0)
nomad-server-3    |     2018/10/01 01:15:13.925655 [DEBUG] worker: dequeued evaluation 1080f543-3b0d-18d1-3f4e-a8174d33e2a8
nomad-server-1    |     2018/10/01 01:13:54.030017 [DEBUG] worker: dequeued evaluation 270d99cc-ffc0-517d-970d-635da60caf4d
nomad-client_1    |     2018/10/01 01:14:46.770717 [DEBUG] client: starting task context for 'task-1538356486-81b8f11c3e3fc9a0371a502ab25de1609d9768c3' (alloc '2bd05068-92c4-f034-174e-9c43fabf953b')
nomad-server-2    |     2018/10/01 01:15:41.244974 [DEBUG] worker: dequeued evaluation 0ed748ae-89ef-ae5a-5678-97973cc83683
nomad-client_2    |     2018/10/01 01:16:54.305323 [DEBUG] client: allocs: (added 0) (removed 0) (updated 0) (ignore 0)
nomad-server-3    |     2018/10/01 01:15:13.926001 [DEBUG] sched.core: job GC: scanning before index 4 (30s)
nomad-server-1    |     2018/10/01 01:13:54.030146 [DEBUG] sched.core: job GC: scanning before index 4 (30s)
nomad-client_1    | 2018-10-01T01:14:46.782Z [DEBUG] plugin: starting plugin: path=/usr/bin/nomad args="[/usr/bin/nomad executor {"LogFile":"/opt/nomad/alloc/2bd05068-92c4-f034-174e-9c43fabf953b/task-1538356486-81b8f11c3e3fc9a0371a502ab25de1609d9768c3/executor.out","LogLevel":"DEBUG"}]"
nomad-server-2    |     2018/10/01 01:15:41.346649 [DEBUG] sched: <Eval "0ed748ae-89ef-ae5a-5678-97973cc83683" JobID: "example-1538356540-33e4e258ef4630736b5cb535b51c1f0b01b29d5d" Namespace: "default">: Total changes: (place 1) (destructive 0) (inplace 0) (stop 0)
nomad-client_2    |     2018/10/01 01:16:56.588248 [DEBUG] client: updated allocations at index 292 (total 0) (pulled 0) (filtered 0)
nomad-server-3    |     2018/10/01 01:15:13.926905 [DEBUG] worker: ack for evaluation 1080f543-3b0d-18d1-3f4e-a8174d33e2a8
nomad-server-1    |     2018/10/01 01:13:54.030414 [DEBUG] sched.core: deployment GC: scanning before index 0 (1h0m0s)
nomad-client_1    | 2018-10-01T01:14:46.783Z [DEBUG] plugin: waiting for RPC address: path=/usr/bin/nomad
nomad-server-2    | Desired Changes for "group-1538356540-33e4e258ef4630736b5cb535b51c1f0b01b29d5d": (place 1) (inplace 0) (destructive 0) (stop 0) (migrate 0) (ignore 0) (canary 0)
nomad-client_2    |     2018/10/01 01:16:56.588509 [DEBUG] client: allocs: (added 0) (removed 0) (updated 0) (ignore 0)
nomad-server-3    |     2018/10/01 01:15:18.924990 [DEBUG] worker: dequeued evaluation 24fd8800-728b-f72a-622d-8e2761082bd9
nomad-server-1    |     2018/10/01 01:13:54.030458 [DEBUG] worker: ack for evaluation 270d99cc-ffc0-517d-970d-635da60caf4d
nomad-client_1    | 2018-10-01T01:14:46.798Z [DEBUG] plugin.nomad: plugin address: timestamp=2018-10-01T01:14:46.798Z address=/tmp/plugin902252782 network=unix
nomad-server-2    |     2018/10/01 01:15:41.357351 [DEBUG] worker: submitted plan at index 164 for evaluation 0ed748ae-89ef-ae5a-5678-97973cc83683
nomad-client_2    |     2018/10/01 01:16:57.669154 [DEBUG] client: updated allocations at index 295 (total 0) (pulled 0) (filtered 0)
nomad-server-3    |     2018/10/01 01:15:18.925237 [DEBUG] sched.core: eval GC: scanning before index 4 (10s)
nomad-server-1    |     2018/10/01 01:13:54.030866 [DEBUG] worker: ack for evaluation 4af44d96-a888-f456-0af0-ba103035fc7a
nomad-client_1    |     2018/10/01 01:14:46.802630 [DEBUG] driver.raw_exec: started process with pid: 312
nomad-server-2    |     2018/10/01 01:15:41.357438 [DEBUG] sched: <Eval "0ed748ae-89ef-ae5a-5678-97973cc83683" JobID: "example-1538356540-33e4e258ef4630736b5cb535b51c1f0b01b29d5d" Namespace: "default">: setting status to complete
nomad-client_2    |     2018/10/01 01:16:57.669671 [DEBUG] client: allocs: (added 0) (removed 0) (updated 0) (ignore 0)
nomad-server-3    |     2018/10/01 01:15:18.926025 [DEBUG] worker: ack for evaluation 24fd8800-728b-f72a-622d-8e2761082bd9
nomad-client_1    |     2018/10/01 01:14:46.848820 [DEBUG] client: updated allocations at index 72 (total 10) (pulled 0) (filtered 10)
nomad-server-1    |     2018/10/01 01:13:58.995375 [DEBUG] worker: dequeued evaluation cf9b0504-b7d8-29db-8c18-6e204de446c7
nomad-server-2    |     2018/10/01 01:15:41.363619 [DEBUG] worker: updated evaluation <Eval "0ed748ae-89ef-ae5a-5678-97973cc83683" JobID: "example-1538356540-33e4e258ef4630736b5cb535b51c1f0b01b29d5d" Namespace: "default">
nomad-client_2    |     2018/10/01 01:16:57.931753 [DEBUG] client: updated allocations at index 297 (total 0) (pulled 0) (filtered 0)
nomad-server-3    |     2018/10/01 01:15:23.925764 [DEBUG] worker: dequeued evaluation 61661781-1319-36bb-15d3-29373b70734c
nomad-client_1    |     2018/10/01 01:14:46.848991 [DEBUG] client: allocs: (added 0) (removed 0) (updated 0) (ignore 10)
nomad-server-1    |     2018/10/01 01:13:58.995502 [DEBUG] sched.core: eval GC: scanning before index 4 (10s)
nomad-server-2    |     2018/10/01 01:15:41.364167 [DEBUG] worker: ack for evaluation 0ed748ae-89ef-ae5a-5678-97973cc83683
nomad-client_2    |     2018/10/01 01:16:57.932019 [DEBUG] client: allocs: (added 0) (removed 0) (updated 0) (ignore 0)
nomad-server-3    |     2018/10/01 01:15:23.926591 [DEBUG] sched.core: job GC: scanning before index 4 (30s)
nomad-client_1    |     2018/10/01 01:14:47.047720 [DEBUG] client: updated allocations at index 73 (total 10) (pulled 0) (filtered 10)
nomad-server-1    |     2018/10/01 01:13:58.995646 [DEBUG] worker: ack for evaluation cf9b0504-b7d8-29db-8c18-6e204de446c7
nomad-server-2    |     2018/10/01 01:15:43.891491 [DEBUG] worker: dequeued evaluation ac797b14-7f0f-e1df-8727-943eaea6da04
nomad-client_2    |     2018/10/01 01:17:00.284176 [DEBUG] client: updated allocations at index 298 (total 0) (pulled 0) (filtered 0)
nomad-server-3    |     2018/10/01 01:15:23.927925 [DEBUG] worker: ack for evaluation 61661781-1319-36bb-15d3-29373b70734c
nomad-client_1    |     2018/10/01 01:14:47.047887 [DEBUG] client: allocs: (added 0) (removed 0) (updated 0) (ignore 10)
nomad-server-1    |     2018/10/01 01:13:58.995721 [DEBUG] worker: dequeued evaluation 81fc9698-3d48-8b0d-8619-e74c825614c1
nomad-server-2    |     2018/10/01 01:15:43.891721 [DEBUG] sched.core: eval GC: scanning before index 4 (10s)
nomad-client_2    |     2018/10/01 01:17:00.284640 [DEBUG] client: allocs: (added 0) (removed 0) (updated 0) (ignore 0)
nomad-server-3    |     2018/10/01 01:15:25 [DEBUG] memberlist: TCP connection from=172.21.0.4:60322
nomad-client_1    | 2018-10-01T01:14:49.044Z [DEBUG] plugin.nomad: 2018/10/01 01:14:49 [ERR] plugin: plugin server: accept unix /tmp/plugin160983789: use of closed network connection
nomad-server-1    |     2018/10/01 01:13:58.995818 [DEBUG] worker: dequeued evaluation 0c2904fa-2f29-9026-d836-94bb96abba29
nomad-server-2    |     2018/10/01 01:15:43.892771 [DEBUG] worker: ack for evaluation ac797b14-7f0f-e1df-8727-943eaea6da04
nomad-client_2    |     2018/10/01 01:17:01.703124 [DEBUG] client: updated allocations at index 301 (total 0) (pulled 0) (filtered 0)
nomad-server-3    |     2018/10/01 01:15:28.890087 [DEBUG] worker: dequeued evaluation 6f249ef0-1e4c-f04e-d206-afa321edd3bf
nomad-client_1    | 2018-10-01T01:14:49.046Z [DEBUG] plugin: plugin process exited: path=/usr/bin/nomad
nomad-server-1    |     2018/10/01 01:13:58.995927 [DEBUG] sched.core: deployment GC: scanning before index 0 (1h0m0s)
nomad-server-2    |     2018/10/01 01:15:45 [DEBUG] memberlist: TCP connection from=172.21.0.2:34472
nomad-client_2    |     2018/10/01 01:17:01.742642 [DEBUG] client: allocs: (added 0) (removed 0) (updated 0) (ignore 0)
nomad-server-3    |     2018/10/01 01:15:28.890437 [DEBUG] sched.core: node GC: scanning before index 0 (1h0m0s)
nomad-client_1    |     2018/10/01 01:14:49.047013 [INFO] client: task "task-1538356482-d9d47304d70dde85c8cc0800145560b8525e15f5" for alloc "0203b25c-6af0-ee45-fdf3-1f46c0676cc8" completed successfully
nomad-server-1    |     2018/10/01 01:13:58.996132 [DEBUG] worker: ack for evaluation 0c2904fa-2f29-9026-d836-94bb96abba29
nomad-server-2    |     2018/10/01 01:15:48.890106 [DEBUG] worker: dequeued evaluation d58608ce-07f1-7899-1511-3cf9ba19939c
nomad-client_2    |     2018/10/01 01:17:02.069444 [DEBUG] client: updated allocations at index 303 (total 0) (pulled 0) (filtered 0)
nomad-server-3    |     2018/10/01 01:15:28.891790 [DEBUG] worker: ack for evaluation 6f249ef0-1e4c-f04e-d206-afa321edd3bf
nomad-client_1    |     2018/10/01 01:14:49.047050 [INFO] client: Not restarting task: task-1538356482-d9d47304d70dde85c8cc0800145560b8525e15f5 for alloc: 0203b25c-6af0-ee45-fdf3-1f46c0676cc8 
nomad-server-1    |     2018/10/01 01:13:58.996143 [DEBUG] sched.core: node GC: scanning before index 0 (1h0m0s)
nomad-server-2    |     2018/10/01 01:15:48.890326 [DEBUG] sched.core: node GC: scanning before index 0 (1h0m0s)
nomad-client_2    |     2018/10/01 01:17:02.069723 [DEBUG] client: allocs: (added 0) (removed 0) (updated 0) (ignore 0)
nomad-server-3    |     2018/10/01 01:15:33.888620 [DEBUG] worker: dequeued evaluation 6d0cf4f2-7423-75e5-ab94-8cce6520e93e
nomad-client_1    |     2018/10/01 01:14:49.047380 [INFO] client.gc: marking allocation 0203b25c-6af0-ee45-fdf3-1f46c0676cc8 for GC
nomad-server-1    |     2018/10/01 01:13:58.996405 [DEBUG] worker: ack for evaluation 81fc9698-3d48-8b0d-8619-e74c825614c1
nomad-server-2    |     2018/10/01 01:15:48.891040 [DEBUG] worker: dequeued evaluation 49e25a1c-d6c4-8abe-d80a-4fa1bc7caa31
nomad-client_2    |     2018/10/01 01:17:03.950239 [DEBUG] client: updated allocations at index 304 (total 0) (pulled 0) (filtered 0)
nomad-server-3    |     2018/10/01 01:15:33.888692 [DEBUG] sched.core: eval GC: scanning before index 4 (10s)
nomad-client_1    |     2018/10/01 01:14:49.312624 [DEBUG] client: updated allocations at index 74 (total 10) (pulled 0) (filtered 10)
nomad-server-1    |     2018/10/01 01:14:03.996243 [DEBUG] worker: dequeued evaluation 5d5297af-5d98-4add-d9ee-4e6638ba2f33
nomad-server-2    |     2018/10/01 01:15:48.891194 [DEBUG] sched.core: deployment GC: scanning before index 0 (1h0m0s)
nomad-client_2    |     2018/10/01 01:17:03.950661 [DEBUG] client: allocs: (added 0) (removed 0) (updated 0) (ignore 0)
nomad-server-3    |     2018/10/01 01:15:33.889424 [DEBUG] worker: ack for evaluation 6d0cf4f2-7423-75e5-ab94-8cce6520e93e
nomad-client_1    |     2018/10/01 01:14:49.313089 [DEBUG] client: allocs: (added 0) (removed 0) (updated 0) (ignore 10)
nomad-server-1    |     2018/10/01 01:14:03.996382 [DEBUG] worker: dequeued evaluation 14b54850-041c-57c0-6a36-d5303a983961
nomad-server-2    |     2018/10/01 01:15:48.891867 [DEBUG] worker: ack for evaluation d58608ce-07f1-7899-1511-3cf9ba19939c
nomad-client_2    |     2018/10/01 01:17:06.091388 [DEBUG] client: updated allocations at index 307 (total 0) (pulled 0) (filtered 0)
nomad-server-3    |     2018/10/01 01:15:38.888273 [DEBUG] worker: dequeued evaluation ccea05eb-d7a8-9c2b-b123-1a83daab4f69
nomad-client_1    |     2018/10/01 01:14:50.426295 [DEBUG] client: updated allocations at index 77 (total 11) (pulled 1) (filtered 10)
nomad-server-1    |     2018/10/01 01:14:03.996576 [DEBUG] sched.core: node GC: scanning before index 0 (1h0m0s)
nomad-server-2    |     2018/10/01 01:15:48.892622 [DEBUG] worker: ack for evaluation 49e25a1c-d6c4-8abe-d80a-4fa1bc7caa31
nomad-client_2    |     2018/10/01 01:17:06.091591 [DEBUG] client: allocs: (added 0) (removed 0) (updated 0) (ignore 0)
nomad-server-3    |     2018/10/01 01:15:38.888385 [DEBUG] sched.core: deployment GC: scanning before index 0 (1h0m0s)
nomad-client_1    |     2018/10/01 01:14:50.426537 [DEBUG] client: allocs: (added 1) (removed 0) (updated 0) (ignore 10)
nomad-server-1    |     2018/10/01 01:14:03.996618 [DEBUG] sched.core: eval GC: scanning before index 4 (10s)
nomad-server-2    |     2018/10/01 01:15:52.144818 [DEBUG] worker: dequeued evaluation bdb8b892-db3a-d3d6-a408-8bcf691fa6e8
nomad-client_2    |     2018/10/01 01:17:06.271580 [DEBUG] client: updated allocations at index 309 (total 0) (pulled 0) (filtered 0)
nomad-server-3    |     2018/10/01 01:15:38.889272 [DEBUG] worker: ack for evaluation ccea05eb-d7a8-9c2b-b123-1a83daab4f69
nomad-client_1    |     2018/10/01 01:14:50.441107 [DEBUG] client: starting task runners for alloc '304ac099-2eb2-07b9-4dde-c8c251854bfa'
nomad-server-1    |     2018/10/01 01:14:03.996839 [DEBUG] worker: ack for evaluation 14b54850-041c-57c0-6a36-d5303a983961
nomad-server-2    |     2018/10/01 01:15:52.246649 [DEBUG] sched: <Eval "bdb8b892-db3a-d3d6-a408-8bcf691fa6e8" JobID: "example-1538356551-1b7eeaf475b2f5a5d002a8b7fed9e9611c23c135" Namespace: "default">: Total changes: (place 1) (destructive 0) (inplace 0) (stop 0)
nomad-client_2    |     2018/10/01 01:17:06.271848 [DEBUG] client: allocs: (added 0) (removed 0) (updated 0) (ignore 0)
nomad-server-3    |     2018/10/01 01:15:43.890717 [DEBUG] worker: dequeued evaluation a809e993-bdd8-420c-c79b-d6642c85eac5
nomad-client_1    |     2018/10/01 01:14:50.441373 [DEBUG] client: starting task context for 'task-1538356489-bb75c2a3d1651d75cdbf6238c1023a39880ea25a' (alloc '304ac099-2eb2-07b9-4dde-c8c251854bfa')
nomad-server-1    |     2018/10/01 01:14:03.997189 [DEBUG] worker: ack for evaluation 5d5297af-5d98-4add-d9ee-4e6638ba2f33
nomad-server-2    | Desired Changes for "group-1538356551-1b7eeaf475b2f5a5d002a8b7fed9e9611c23c135": (place 1) (inplace 0) (destructive 0) (stop 0) (migrate 0) (ignore 0) (canary 0)
nomad-client_2    |     2018/10/01 01:17:06.468552 [DEBUG] client: updated allocations at index 310 (total 0) (pulled 0) (filtered 0)
nomad-server-3    |     2018/10/01 01:15:43.890942 [DEBUG] sched.core: job GC: scanning before index 4 (30s)
nomad-client_1    | 2018-10-01T01:14:50.455Z [DEBUG] plugin: starting plugin: path=/usr/bin/nomad args="[/usr/bin/nomad executor {"LogFile":"/opt/nomad/alloc/304ac099-2eb2-07b9-4dde-c8c251854bfa/task-1538356489-bb75c2a3d1651d75cdbf6238c1023a39880ea25a/executor.out","LogLevel":"DEBUG"}]"
nomad-server-1    |     2018/10/01 01:14:08.995513 [DEBUG] worker: dequeued evaluation 82f35d6d-45ae-c45b-a6b8-de7213996473
nomad-server-2    |     2018/10/01 01:15:52.257696 [DEBUG] worker: submitted plan at index 182 for evaluation bdb8b892-db3a-d3d6-a408-8bcf691fa6e8
nomad-client_2    |     2018/10/01 01:17:06.468921 [DEBUG] client: allocs: (added 0) (removed 0) (updated 0) (ignore 0)
nomad-client_1    | 2018-10-01T01:14:50.456Z [DEBUG] plugin: waiting for RPC address: path=/usr/bin/nomad
nomad-server-3    |     2018/10/01 01:15:43.892631 [DEBUG] worker: ack for evaluation a809e993-bdd8-420c-c79b-d6642c85eac5
nomad-server-1    |     2018/10/01 01:14:08.995718 [DEBUG] sched.core: deployment GC: scanning before index 0 (1h0m0s)
nomad-client_2    |     2018/10/01 01:17:08.165240 [DEBUG] client: updated allocations at index 311 (total 0) (pulled 0) (filtered 0)
nomad-server-2    |     2018/10/01 01:15:52.257793 [DEBUG] sched: <Eval "bdb8b892-db3a-d3d6-a408-8bcf691fa6e8" JobID: "example-1538356551-1b7eeaf475b2f5a5d002a8b7fed9e9611c23c135" Namespace: "default">: setting status to complete
nomad-client_1    | 2018-10-01T01:14:50.474Z [DEBUG] plugin.nomad: plugin address: timestamp=2018-10-01T01:14:50.474Z address=/tmp/plugin049755754 network=unix
nomad-server-3    |     2018/10/01 01:15:45 [DEBUG] memberlist: Initiating push/pull sync with: 172.21.0.4:4648
nomad-server-1    |     2018/10/01 01:14:08.995853 [DEBUG] worker: ack for evaluation 82f35d6d-45ae-c45b-a6b8-de7213996473
nomad-client_2    |     2018/10/01 01:17:08.165754 [DEBUG] client: allocs: (added 0) (removed 0) (updated 0) (ignore 0)
nomad-server-2    |     2018/10/01 01:15:52.263287 [DEBUG] worker: updated evaluation <Eval "bdb8b892-db3a-d3d6-a408-8bcf691fa6e8" JobID: "example-1538356551-1b7eeaf475b2f5a5d002a8b7fed9e9611c23c135" Namespace: "default">
nomad-client_1    |     2018/10/01 01:14:50.478669 [DEBUG] driver.raw_exec: started process with pid: 350
nomad-server-3    |     2018/10/01 01:15:46 [DEBUG] memberlist: TCP connection from=172.21.0.3:58186
nomad-server-1    |     2018/10/01 01:14:08.996328 [DEBUG] worker: dequeued evaluation 1b1c1f5f-4042-faf6-37e7-b0d361015646
nomad-client_2    |     2018/10/01 01:17:10.145130 [DEBUG] client: updated allocations at index 314 (total 0) (pulled 0) (filtered 0)
nomad-server-2    |     2018/10/01 01:15:52.266389 [DEBUG] worker: ack for evaluation bdb8b892-db3a-d3d6-a408-8bcf691fa6e8
nomad-client_1    |     2018/10/01 01:14:50.655629 [DEBUG] client: updated allocations at index 79 (total 11) (pulled 0) (filtered 11)
nomad-server-3    |     2018/10/01 01:15:48.519417 [DEBUG] worker: dequeued evaluation 5476f694-f334-21fa-d1ce-bae788ac4fe1
nomad-server-1    |     2018/10/01 01:14:08.996814 [DEBUG] sched.core: node GC: scanning before index 0 (1h0m0s)
nomad-client_2    |     2018/10/01 01:17:10.145378 [DEBUG] client: allocs: (added 0) (removed 0) (updated 0) (ignore 0)
nomad-server-2    |     2018/10/01 01:15:53.888489 [DEBUG] worker: dequeued evaluation 098f39b0-98d5-b931-c038-0ba125768900
nomad-client_1    |     2018/10/01 01:14:50.656174 [DEBUG] client: allocs: (added 0) (removed 0) (updated 0) (ignore 11)
nomad-server-3    |     2018/10/01 01:15:48.621029 [DEBUG] sched: <Eval "5476f694-f334-21fa-d1ce-bae788ac4fe1" JobID: "example-1538356547-56a92506cb238cedccf8e26a6417f3e290344d60" Namespace: "default">: Total changes: (place 1) (destructive 0) (inplace 0) (stop 0)
nomad-server-1    |     2018/10/01 01:14:08.997179 [DEBUG] worker: ack for evaluation 1b1c1f5f-4042-faf6-37e7-b0d361015646
nomad-client_2    |     2018/10/01 01:17:10.371210 [DEBUG] client: updated allocations at index 316 (total 0) (pulled 0) (filtered 0)
nomad-server-2    |     2018/10/01 01:15:53.888720 [DEBUG] sched.core: node GC: scanning before index 0 (1h0m0s)
nomad-client_1    | 2018-10-01T01:14:52.808Z [DEBUG] plugin.nomad: 2018/10/01 01:14:52 [ERR] plugin: plugin server: accept unix /tmp/plugin902252782: use of closed network connection
nomad-server-3    | Desired Changes for "group-1538356547-56a92506cb238cedccf8e26a6417f3e290344d60": (place 1) (inplace 0) (destructive 0) (stop 0) (migrate 0) (ignore 0) (canary 0)
nomad-server-1    |     2018/10/01 01:14:13.996130 [DEBUG] worker: dequeued evaluation fb7621ce-ea42-2546-66e6-d322ad5f5ecb
nomad-client_2    |     2018/10/01 01:17:10.371660 [DEBUG] client: allocs: (added 0) (removed 0) (updated 0) (ignore 0)
nomad-server-2    |     2018/10/01 01:15:53.888914 [DEBUG] worker: dequeued evaluation 0ed208b1-cf7b-db05-72f1-8687269c18fb
nomad-client_1    | 2018-10-01T01:14:52.810Z [DEBUG] plugin: plugin process exited: path=/usr/bin/nomad
nomad-server-3    |     2018/10/01 01:15:48.646434 [DEBUG] worker: submitted plan at index 176 for evaluation 5476f694-f334-21fa-d1ce-bae788ac4fe1
nomad-server-1    |     2018/10/01 01:14:13.998326 [DEBUG] sched.core: job GC: scanning before index 4 (30s)
nomad-client_2    |     2018/10/01 01:17:10.547985 [DEBUG] client: updated allocations at index 317 (total 0) (pulled 0) (filtered 0)
nomad-server-2    |     2018/10/01 01:15:53.889036 [DEBUG] sched.core: eval GC: scanning before index 4 (10s)
nomad-client_1    |     2018/10/01 01:14:52.810777 [INFO] client: task "task-1538356486-81b8f11c3e3fc9a0371a502ab25de1609d9768c3" for alloc "2bd05068-92c4-f034-174e-9c43fabf953b" completed successfully
nomad-server-3    |     2018/10/01 01:15:48.646852 [DEBUG] sched: <Eval "5476f694-f334-21fa-d1ce-bae788ac4fe1" JobID: "example-1538356547-56a92506cb238cedccf8e26a6417f3e290344d60" Namespace: "default">: setting status to complete
nomad-server-1    |     2018/10/01 01:14:13.999314 [DEBUG] worker: ack for evaluation fb7621ce-ea42-2546-66e6-d322ad5f5ecb
nomad-client_2    |     2018/10/01 01:17:10.548281 [DEBUG] client: allocs: (added 0) (removed 0) (updated 0) (ignore 0)
nomad-server-2    |     2018/10/01 01:15:53.889648 [DEBUG] worker: ack for evaluation 098f39b0-98d5-b931-c038-0ba125768900
nomad-client_1    |     2018/10/01 01:14:52.810810 [INFO] client: Not restarting task: task-1538356486-81b8f11c3e3fc9a0371a502ab25de1609d9768c3 for alloc: 2bd05068-92c4-f034-174e-9c43fabf953b 
nomad-server-3    |     2018/10/01 01:15:48.651146 [DEBUG] worker: updated evaluation <Eval "5476f694-f334-21fa-d1ce-bae788ac4fe1" JobID: "example-1538356547-56a92506cb238cedccf8e26a6417f3e290344d60" Namespace: "default">
nomad-server-1    |     2018/10/01 01:14:13.998942 [DEBUG] worker: dequeued evaluation 915686bb-45a0-3a21-cb26-02cdacbba982
nomad-client_2    |     2018/10/01 01:17:12.471674 [DEBUG] client: updated allocations at index 318 (total 0) (pulled 0) (filtered 0)
nomad-server-2    |     2018/10/01 01:15:53.889977 [DEBUG] worker: ack for evaluation 0ed208b1-cf7b-db05-72f1-8687269c18fb
nomad-client_1    |     2018/10/01 01:14:52.811103 [INFO] client.gc: marking allocation 2bd05068-92c4-f034-174e-9c43fabf953b for GC
nomad-server-3    |     2018/10/01 01:15:48.652449 [DEBUG] worker: ack for evaluation 5476f694-f334-21fa-d1ce-bae788ac4fe1
nomad-server-1    |     2018/10/01 01:14:14.000033 [DEBUG] sched.core: deployment GC: scanning before index 0 (1h0m0s)
nomad-client_2    |     2018/10/01 01:17:12.471768 [DEBUG] client: allocs: (added 0) (removed 0) (updated 0) (ignore 0)
nomad-server-2    |     2018/10/01 01:15:58.856886 [DEBUG] worker: dequeued evaluation a23273c7-0535-1659-0ea2-2d0f8a0d4cf7
nomad-client_1    |     2018/10/01 01:14:53.106179 [DEBUG] client: updated allocations at index 80 (total 11) (pulled 0) (filtered 11)
nomad-server-3    |     2018/10/01 01:15:55.782412 [DEBUG] worker: dequeued evaluation 5a8fff4f-f6e8-25b3-46ec-f459de65e825
nomad-server-1    |     2018/10/01 01:14:14.000290 [DEBUG] worker: ack for evaluation 915686bb-45a0-3a21-cb26-02cdacbba982
nomad-client_2    |     2018/10/01 01:17:13.848706 [DEBUG] client: updated allocations at index 319 (total 0) (pulled 0) (filtered 0)
nomad-server-2    |     2018/10/01 01:15:58.856936 [DEBUG] worker: dequeued evaluation 0152cfe4-d7d3-1adb-b8aa-e45d50de7e5a
nomad-client_1    |     2018/10/01 01:14:53.106733 [DEBUG] client: allocs: (added 0) (removed 0) (updated 0) (ignore 11)
nomad-server-3    |     2018/10/01 01:15:55.883699 [DEBUG] sched: <Eval "5a8fff4f-f6e8-25b3-46ec-f459de65e825" JobID: "example-1538356555-2b2af6c8c1fba856dd2c5e61b7690fbee22ed696" Namespace: "default">: Total changes: (place 1) (destructive 0) (inplace 0) (stop 0)
nomad-server-1    |     2018/10/01 01:14:18.995053 [DEBUG] worker: dequeued evaluation 16cc80ac-9e32-f69c-c729-84f9b1b28229
nomad-client_2    |     2018/10/01 01:17:13.848942 [DEBUG] client: allocs: (added 0) (removed 0) (updated 0) (ignore 0)
nomad-server-2    |     2018/10/01 01:15:58.857072 [DEBUG] sched.core: job GC: scanning before index 4 (30s)
nomad-client_1    |     2018/10/01 01:14:54.061982 [DEBUG] client: updated allocations at index 83 (total 12) (pulled 1) (filtered 11)
nomad-server-3    | Desired Changes for "group-1538356555-2b2af6c8c1fba856dd2c5e61b7690fbee22ed696": (place 1) (inplace 0) (destructive 0) (stop 0) (migrate 0) (ignore 0) (canary 0)
nomad-server-1    |     2018/10/01 01:14:18.995239 [DEBUG] sched.core: eval GC: scanning before index 4 (10s)
nomad-client_2    |     2018/10/01 01:17:13.924598 [DEBUG] client: updated allocations at index 332 (total 0) (pulled 0) (filtered 0)
nomad-server-2    |     2018/10/01 01:15:58.857209 [DEBUG] sched.core: eval GC: scanning before index 4 (10s)
nomad-client_1    |     2018/10/01 01:14:54.062195 [DEBUG] client: allocs: (added 1) (removed 0) (updated 0) (ignore 11)
nomad-server-3    |     2018/10/01 01:15:55.893756 [DEBUG] worker: submitted plan at index 189 for evaluation 5a8fff4f-f6e8-25b3-46ec-f459de65e825
nomad-server-1    |     2018/10/01 01:14:18.995471 [DEBUG] worker: ack for evaluation 16cc80ac-9e32-f69c-c729-84f9b1b28229
nomad-client_2    |     2018/10/01 01:17:13.924943 [DEBUG] client: allocs: (added 0) (removed 0) (updated 0) (ignore 0)
nomad-server-2    |     2018/10/01 01:15:58.858743 [DEBUG] worker: ack for evaluation 0152cfe4-d7d3-1adb-b8aa-e45d50de7e5a
nomad-client_1    |     2018/10/01 01:14:54.076405 [DEBUG] client: starting task runners for alloc '15493a22-3275-69a1-c51b-2cc29bcdfeba'
nomad-server-3    |     2018/10/01 01:15:55.893844 [DEBUG] sched: <Eval "5a8fff4f-f6e8-25b3-46ec-f459de65e825" JobID: "example-1538356555-2b2af6c8c1fba856dd2c5e61b7690fbee22ed696" Namespace: "default">: setting status to complete
nomad-server-1    |     2018/10/01 01:14:18.995757 [DEBUG] worker: dequeued evaluation 11cb1029-c203-e234-224c-6d64d3cbaa17
nomad-client_2    |     2018/10/01 01:17:14.111522 [DEBUG] client: updated allocations at index 361 (total 0) (pulled 0) (filtered 0)
nomad-server-2    |     2018/10/01 01:15:58.859565 [DEBUG] worker: ack for evaluation a23273c7-0535-1659-0ea2-2d0f8a0d4cf7
nomad-server-3    |     2018/10/01 01:15:55.900289 [DEBUG] worker: updated evaluation <Eval "5a8fff4f-f6e8-25b3-46ec-f459de65e825" JobID: "example-1538356555-2b2af6c8c1fba856dd2c5e61b7690fbee22ed696" Namespace: "default">
nomad-client_1    |     2018/10/01 01:14:54.076555 [DEBUG] client: starting task context for 'task-1538356493-05a06eb1dd5cefdb3959750f1f047f65b0ff1fcc' (alloc '15493a22-3275-69a1-c51b-2cc29bcdfeba')
nomad-server-1    |     2018/10/01 01:14:18.996087 [DEBUG] sched.core: job GC: scanning before index 4 (30s)
nomad-client_2    |     2018/10/01 01:17:14.111676 [DEBUG] client: allocs: (added 0) (removed 0) (updated 0) (ignore 0)
nomad-server-2    |     2018/10/01 01:16:03.855668 [DEBUG] worker: dequeued evaluation cc62da32-a250-95e6-6df1-03c560ae4e62
nomad-server-3    |     2018/10/01 01:15:55.901062 [DEBUG] worker: ack for evaluation 5a8fff4f-f6e8-25b3-46ec-f459de65e825
nomad-client_1    | 2018-10-01T01:14:54.090Z [DEBUG] plugin: starting plugin: path=/usr/bin/nomad args="[/usr/bin/nomad executor {"LogFile":"/opt/nomad/alloc/15493a22-3275-69a1-c51b-2cc29bcdfeba/task-1538356493-05a06eb1dd5cefdb3959750f1f047f65b0ff1fcc/executor.out","LogLevel":"DEBUG"}]"
nomad-server-1    |     2018/10/01 01:14:18.996348 [DEBUG] worker: ack for evaluation 11cb1029-c203-e234-224c-6d64d3cbaa17
nomad-client_2    |     2018/10/01 01:17:14.260980 [DEBUG] client: updated allocations at index 364 (total 0) (pulled 0) (filtered 0)
nomad-server-2    |     2018/10/01 01:16:03.856070 [DEBUG] sched.core: deployment GC: scanning before index 0 (1h0m0s)
nomad-server-3    |     2018/10/01 01:15:59.431099 [DEBUG] worker: dequeued evaluation 83ce8502-07a4-c796-dc93-91135e791f56
nomad-client_1    | 2018-10-01T01:14:54.091Z [DEBUG] plugin: waiting for RPC address: path=/usr/bin/nomad
nomad-server-1    |     2018/10/01 01:14:20.458377 [DEBUG] http: Request GET /v1/jobs?index=41&wait=60000ms (45.4225937s)
nomad-client_2    |     2018/10/01 01:17:14.261287 [DEBUG] client: allocs: (added 0) (removed 0) (updated 0) (ignore 0)
nomad-server-2    |     2018/10/01 01:16:03.856125 [DEBUG] worker: dequeued evaluation ed7aafe5-1235-7f6a-37d5-cc590817cc0c
nomad-server-3    |     2018/10/01 01:15:59.532764 [DEBUG] sched: <Eval "83ce8502-07a4-c796-dc93-91135e791f56" JobID: "example-1538356558-65a4ac1c139ca13714f74f4be773e83bd734fa39" Namespace: "default">: Total changes: (place 1) (destructive 0) (inplace 0) (stop 0)
nomad-client_1    | 2018-10-01T01:14:54.128Z [DEBUG] plugin.nomad: plugin address: timestamp=2018-10-01T01:14:54.127Z address=/tmp/plugin217042601 network=unix
nomad-server-1    |     2018/10/01 01:14:20.462051 [DEBUG] http: Request PUT /v1/jobs (8.2114ms)
nomad-client_2    |     2018/10/01 01:17:14.274150 [DEBUG] client: updated allocations at index 366 (total 0) (pulled 0) (filtered 0)
nomad-server-2    |     2018/10/01 01:16:03.856449 [DEBUG] sched.core: node GC: scanning before index 0 (1h0m0s)
nomad-server-3    | Desired Changes for "group-1538356558-65a4ac1c139ca13714f74f4be773e83bd734fa39": (place 1) (inplace 0) (destructive 0) (stop 0) (migrate 0) (ignore 0) (canary 0)
nomad-client_1    |     2018/10/01 01:14:54.132446 [DEBUG] driver.raw_exec: started process with pid: 376
nomad-server-1    |     2018/10/01 01:14:20.462635 [DEBUG] worker: dequeued evaluation 5c1580bc-cf53-861d-61dc-7a49ba41e129
nomad-client_2    |     2018/10/01 01:17:14.274355 [DEBUG] client: allocs: (added 0) (removed 0) (updated 0) (ignore 0)
nomad-server-2    |     2018/10/01 01:16:03.857067 [DEBUG] worker: ack for evaluation cc62da32-a250-95e6-6df1-03c560ae4e62
nomad-server-3    |     2018/10/01 01:15:59.540507 [DEBUG] worker: submitted plan at index 195 for evaluation 83ce8502-07a4-c796-dc93-91135e791f56
nomad-client_1    |     2018/10/01 01:14:54.301312 [DEBUG] client: updated allocations at index 85 (total 12) (pulled 0) (filtered 12)
nomad-server-1    |     2018/10/01 01:14:20.462809 [DEBUG] sched: <Eval "5c1580bc-cf53-861d-61dc-7a49ba41e129" JobID: "example-1538356459-88f07cf9039a4527b3e867acbb9ebe7154d0230e" Namespace: "default">: Total changes: (place 1) (destructive 0) (inplace 0) (stop 0)
nomad-client_2    |     2018/10/01 01:17:14.532392 [DEBUG] client: updated allocations at index 367 (total 0) (pulled 0) (filtered 0)
nomad-server-2    |     2018/10/01 01:16:03.857794 [DEBUG] worker: ack for evaluation ed7aafe5-1235-7f6a-37d5-cc590817cc0c
nomad-server-3    |     2018/10/01 01:15:59.540583 [DEBUG] sched: <Eval "83ce8502-07a4-c796-dc93-91135e791f56" JobID: "example-1538356558-65a4ac1c139ca13714f74f4be773e83bd734fa39" Namespace: "default">: setting status to complete
nomad-client_1    |     2018/10/01 01:14:54.301706 [DEBUG] client: allocs: (added 0) (removed 0) (updated 0) (ignore 12)
nomad-server-1    | Desired Changes for "group-1538356459-88f07cf9039a4527b3e867acbb9ebe7154d0230e": (place 1) (inplace 0) (destructive 0) (stop 0) (migrate 0) (ignore 0) (canary 0)
nomad-client_2    |     2018/10/01 01:17:14.532746 [DEBUG] client: allocs: (added 0) (removed 0) (updated 0) (ignore 0)
nomad-server-2    |     2018/10/01 01:16:08.855936 [DEBUG] worker: dequeued evaluation 52e0492f-b890-c8ab-f9bf-b82de705d308
nomad-server-3    |     2018/10/01 01:15:59.552706 [DEBUG] worker: updated evaluation <Eval "83ce8502-07a4-c796-dc93-91135e791f56" JobID: "example-1538356558-65a4ac1c139ca13714f74f4be773e83bd734fa39" Namespace: "default">
nomad-client_1    | 2018-10-01T01:14:56.484Z [DEBUG] plugin.nomad: 2018/10/01 01:14:56 [ERR] plugin: plugin server: accept unix /tmp/plugin049755754: use of closed network connection
nomad-server-1    |     2018/10/01 01:14:20.463758 [DEBUG] http: Request GET /v1/evaluations?index=37&wait=60000ms (45.4314926s)
nomad-client_2    |     2018/10/01 01:17:16.541963 [DEBUG] client: updated allocations at index 370 (total 0) (pulled 0) (filtered 0)
nomad-server-2    |     2018/10/01 01:16:08.855999 [DEBUG] worker: dequeued evaluation 4415ea48-a134-e230-3cc5-fe1760dc9081
nomad-server-3    |     2018/10/01 01:15:59.553458 [DEBUG] worker: ack for evaluation 83ce8502-07a4-c796-dc93-91135e791f56
nomad-client_1    | 2018-10-01T01:14:56.486Z [DEBUG] plugin: plugin process exited: path=/usr/bin/nomad
nomad-server-1    |     2018/10/01 01:14:20.466903 [DEBUG] http: Request GET /v1/evaluation/5c1580bc-cf53-861d-61dc-7a49ba41e129 (174.7s)
nomad-client_2    |     2018/10/01 01:17:16.542975 [DEBUG] client: allocs: (added 0) (removed 0) (updated 0) (ignore 0)
nomad-server-2    |     2018/10/01 01:16:08.856107 [DEBUG] sched.core: job GC: scanning before index 4 (30s)
