nomad-server-3    |     2018/10/01 01:16:32.185780 [DEBUG] sched: <Eval "29b51f71-3c49-4ca4-5aa3-5d8a0ec69542" JobID: "example-1538356591-4e1946ca9c66dc06f309ee853344488f7742d6a8" Namespace: "default">: setting status to complete
nomad-server-1    |     2018/10/01 01:14:42.932575 [DEBUG] http: Request GET /v1/jobs?index=61&wait=60000ms (3.282752s)
nomad-server-2    |     2018/10/01 01:17:08.782626 [DEBUG] worker: ack for evaluation 2e57dacf-b0e3-4f15-7b54-a40da45e4f90
nomad-client_2    |     2018/10/01 01:25:34.923306 [DEBUG] client: starting task context for 'task-1538357134-b265dd3d497bac8441dada13a3fde9121791e531' (alloc 'aef2b4b3-b195-a9b3-df69-1cdddee6cfaa')
nomad-client_1    |     2018/10/01 01:15:11.125934 [INFO] client: task "task-1538356504-52a36ca5a9592980d83e1f33d757892f80ab7cb8" for alloc "e12f53bd-8d8e-a5ac-70ce-bc8d53de30aa" completed successfully
nomad-server-3    |     2018/10/01 01:16:32.191347 [DEBUG] worker: updated evaluation <Eval "29b51f71-3c49-4ca4-5aa3-5d8a0ec69542" JobID: "example-1538356591-4e1946ca9c66dc06f309ee853344488f7742d6a8" Namespace: "default">
nomad-server-1    |     2018/10/01 01:14:42.937255 [DEBUG] http: Request PUT /v1/jobs (12.1959ms)
nomad-server-2    |     2018/10/01 01:17:13.781871 [DEBUG] worker: dequeued evaluation 95868162-a839-645f-65cc-8427d6acc521
nomad-client_1    |     2018/10/01 01:15:11.126039 [INFO] client: Not restarting task: task-1538356504-52a36ca5a9592980d83e1f33d757892f80ab7cb8 for alloc: e12f53bd-8d8e-a5ac-70ce-bc8d53de30aa 
nomad-client_2    | 2018-10-01T01:25:34.938Z [DEBUG] plugin: starting plugin: path=/usr/bin/nomad args="[/usr/bin/nomad executor {"LogFile":"/opt/nomad/alloc/aef2b4b3-b195-a9b3-df69-1cdddee6cfaa/task-1538357134-b265dd3d497bac8441dada13a3fde9121791e531/executor.out","LogLevel":"DEBUG"}]"
nomad-server-3    |     2018/10/01 01:16:32.193066 [DEBUG] worker: ack for evaluation 29b51f71-3c49-4ca4-5aa3-5d8a0ec69542
nomad-server-1    |     2018/10/01 01:14:42.937291 [DEBUG] worker: dequeued evaluation 77ccc28f-a2d1-5b8f-5c7b-d2c53930cdbd
nomad-server-2    |     2018/10/01 01:17:13.781971 [DEBUG] sched.core: node GC: scanning before index 0 (1h0m0s)
nomad-client_1    |     2018/10/01 01:15:11.126453 [INFO] client.gc: marking allocation e12f53bd-8d8e-a5ac-70ce-bc8d53de30aa for GC
nomad-client_2    | 2018-10-01T01:25:34.938Z [DEBUG] plugin: waiting for RPC address: path=/usr/bin/nomad
nomad-server-3    |     2018/10/01 01:16:33.818191 [DEBUG] worker: dequeued evaluation a8bed886-8c17-d6da-5ae6-20d6339469ea
nomad-server-1    |     2018/10/01 01:14:42.937453 [DEBUG] sched: <Eval "77ccc28f-a2d1-5b8f-5c7b-d2c53930cdbd" JobID: "example-1538356482-d9d47304d70dde85c8cc0800145560b8525e15f5" Namespace: "default">: Total changes: (place 1) (destructive 0) (inplace 0) (stop 0)
nomad-server-2    |     2018/10/01 01:17:13.782568 [DEBUG] worker: ack for evaluation 95868162-a839-645f-65cc-8427d6acc521
nomad-client_1    |     2018/10/01 01:15:11.301185 [DEBUG] client: updated allocations at index 110 (total 16) (pulled 0) (filtered 16)
nomad-client_2    | 2018-10-01T01:25:34.957Z [DEBUG] plugin.nomad: plugin address: timestamp=2018-10-01T01:25:34.956Z address=/tmp/plugin032921660 network=unix
nomad-server-3    |     2018/10/01 01:16:33.818468 [DEBUG] sched.core: eval GC: scanning before index 4 (10s)
nomad-server-1    | Desired Changes for "group-1538356482-d9d47304d70dde85c8cc0800145560b8525e15f5": (place 1) (inplace 0) (destructive 0) (stop 0) (migrate 0) (ignore 0) (canary 0)
nomad-server-2    |     2018/10/01 01:17:13.870000 [DEBUG] worker: dequeued evaluation b7e48b01-7b82-6df5-037d-3143c9a31188
nomad-client_1    |     2018/10/01 01:15:11.301592 [DEBUG] client: allocs: (added 0) (removed 0) (updated 0) (ignore 16)
nomad-client_2    |     2018/10/01 01:25:34.962509 [DEBUG] driver.raw_exec: started process with pid: 2207
nomad-server-3    |     2018/10/01 01:16:33.819443 [DEBUG] worker: ack for evaluation a8bed886-8c17-d6da-5ae6-20d6339469ea
nomad-server-1    |     2018/10/01 01:14:42.937873 [DEBUG] http: Request GET /v1/evaluations?index=59&wait=60000ms (3.57893s)
nomad-server-2    |     2018/10/01 01:17:13.872238 [DEBUG] worker: dequeued evaluation aa537623-acfd-ca89-03c9-ae402b80b5a7
nomad-client_1    |     2018/10/01 01:15:12.318120 [DEBUG] client: updated allocations at index 113 (total 17) (pulled 1) (filtered 16)
nomad-client_2    |     2018/10/01 01:25:35.259893 [DEBUG] client: updated allocations at index 443 (total 3) (pulled 0) (filtered 3)
nomad-server-3    |     2018/10/01 01:16:35.704333 [DEBUG] worker: dequeued evaluation d6943f4b-3a89-ca8a-ecc8-29ae5c5409fc
nomad-server-1    |     2018/10/01 01:14:42.939121 [DEBUG] http: Request GET /v1/evaluation/77ccc28f-a2d1-5b8f-5c7b-d2c53930cdbd (174.3s)
nomad-server-2    |     2018/10/01 01:17:13.872408 [DEBUG] worker: dequeued evaluation d8ea570d-048f-bac1-ae3c-5b437b59608b
nomad-client_1    |     2018/10/01 01:15:12.318246 [DEBUG] client: allocs: (added 1) (removed 0) (updated 0) (ignore 16)
nomad-client_2    |     2018/10/01 01:25:35.260349 [DEBUG] client: allocs: (added 0) (removed 0) (updated 0) (ignore 3)
nomad-server-3    |     2018/10/01 01:16:35.806120 [DEBUG] sched: <Eval "d6943f4b-3a89-ca8a-ecc8-29ae5c5409fc" JobID: "example-1538356595-fc868bbe9ff3c7de96c98d55f8f539aff89465ad" Namespace: "default">: Total changes: (place 1) (destructive 0) (inplace 0) (stop 0)
nomad-server-1    |     2018/10/01 01:14:42.941801 [DEBUG] http: Request GET /v1/evaluation/77ccc28f-a2d1-5b8f-5c7b-d2c53930cdbd/allocations (1.3141ms)
nomad-server-2    |     2018/10/01 01:17:13.872605 [DEBUG] worker: dequeued evaluation f9ecd02b-9db2-403b-5e8b-b41550f2569b
nomad-client_1    |     2018/10/01 01:15:12.332637 [DEBUG] client: starting task runners for alloc '289dbf7b-456f-395e-f5af-b4229abda89b'
nomad-client_2    | 2018-10-01T01:25:37.176Z [DEBUG] plugin.nomad: 2018/10/01 01:25:37 [ERR] plugin: plugin server: accept unix /tmp/plugin107843366: use of closed network connection
nomad-server-3    | Desired Changes for "group-1538356595-fc868bbe9ff3c7de96c98d55f8f539aff89465ad": (place 1) (inplace 0) (destructive 0) (stop 0) (migrate 0) (ignore 0) (canary 0)
nomad-server-1    |     2018/10/01 01:14:42.949370 [DEBUG] worker: submitted plan at index 64 for evaluation 77ccc28f-a2d1-5b8f-5c7b-d2c53930cdbd
nomad-server-2    |     2018/10/01 01:17:13.872770 [DEBUG] worker: dequeued evaluation 687e99b5-ee86-f1d0-a80e-e8c906f87bb5
nomad-client_1    |     2018/10/01 01:15:12.332819 [DEBUG] client: starting task context for 'task-1538356511-711f6a8759a36fbc1f042e694e810d77d7511092' (alloc '289dbf7b-456f-395e-f5af-b4229abda89b')
nomad-client_2    | 2018-10-01T01:25:37.178Z [DEBUG] plugin: plugin process exited: path=/usr/bin/nomad
nomad-server-3    |     2018/10/01 01:16:35.818315 [DEBUG] worker: submitted plan at index 258 for evaluation d6943f4b-3a89-ca8a-ecc8-29ae5c5409fc
nomad-server-1    |     2018/10/01 01:14:42.949429 [DEBUG] sched: <Eval "77ccc28f-a2d1-5b8f-5c7b-d2c53930cdbd" JobID: "example-1538356482-d9d47304d70dde85c8cc0800145560b8525e15f5" Namespace: "default">: setting status to complete
nomad-server-2    |     2018/10/01 01:17:13.875775 [DEBUG] worker: dequeued evaluation 1237446a-9583-fe0d-e20c-3e0ad5c14f3f
nomad-client_1    | 2018-10-01T01:15:12.346Z [DEBUG] plugin: starting plugin: path=/usr/bin/nomad args="[/usr/bin/nomad executor {"LogFile":"/opt/nomad/alloc/289dbf7b-456f-395e-f5af-b4229abda89b/task-1538356511-711f6a8759a36fbc1f042e694e810d77d7511092/executor.out","LogLevel":"DEBUG"}]"
nomad-client_2    |     2018/10/01 01:25:37.178987 [INFO] client: task "task-1538357130-b551d7371eb3e25a5548a86bf68dd125da6899a8" for alloc "8db7706f-c571-ef31-1f9a-5302319203b1" completed successfully
nomad-server-1    |     2018/10/01 01:14:42.950221 [DEBUG] http: Request GET /v1/allocations?index=61&wait=60000ms (3.2978041s)
nomad-server-3    |     2018/10/01 01:16:35.818392 [DEBUG] sched: <Eval "d6943f4b-3a89-ca8a-ecc8-29ae5c5409fc" JobID: "example-1538356595-fc868bbe9ff3c7de96c98d55f8f539aff89465ad" Namespace: "default">: setting status to complete
nomad-server-2    |     2018/10/01 01:17:13.875947 [DEBUG] worker: dequeued evaluation 635c79a1-14cd-c9b6-153a-d1dcd52ed78b
nomad-client_1    | 2018-10-01T01:15:12.347Z [DEBUG] plugin: waiting for RPC address: path=/usr/bin/nomad
nomad-client_2    |     2018/10/01 01:25:37.179026 [INFO] client: Not restarting task: task-1538357130-b551d7371eb3e25a5548a86bf68dd125da6899a8 for alloc: 8db7706f-c571-ef31-1f9a-5302319203b1 
nomad-server-1    |     2018/10/01 01:14:42.951172 [DEBUG] http: Request GET /v1/jobs?index=62&wait=60000ms (16.167ms)
nomad-server-3    |     2018/10/01 01:16:35.826947 [DEBUG] worker: updated evaluation <Eval "d6943f4b-3a89-ca8a-ecc8-29ae5c5409fc" JobID: "example-1538356595-fc868bbe9ff3c7de96c98d55f8f539aff89465ad" Namespace: "default">
nomad-server-2    |     2018/10/01 01:17:13.875971 [DEBUG] worker: dequeued evaluation f62a02d8-5664-8d67-c27e-f1a1ae241402
nomad-client_1    | 2018-10-01T01:15:12.364Z [DEBUG] plugin.nomad: plugin address: timestamp=2018-10-01T01:15:12.364Z address=/tmp/plugin490947435 network=unix
nomad-client_2    |     2018/10/01 01:25:37.179399 [INFO] client.gc: marking allocation 8db7706f-c571-ef31-1f9a-5302319203b1 for GC
nomad-server-1    |     2018/10/01 01:14:42.951496 [DEBUG] http: Request GET /v1/evaluations?index=63&wait=60000ms (12.0912ms)
nomad-server-3    |     2018/10/01 01:16:35.827465 [DEBUG] worker: ack for evaluation d6943f4b-3a89-ca8a-ecc8-29ae5c5409fc
nomad-server-2    |     2018/10/01 01:17:13.890849 [DEBUG] sched: <Eval "b7e48b01-7b82-6df5-037d-3143c9a31188" JobID: "example-1538356486-81b8f11c3e3fc9a0371a502ab25de1609d9768c3" Namespace: "default">: Total changes: (place 1) (destructive 0) (inplace 0) (stop 0)
nomad-client_1    |     2018/10/01 01:15:12.368843 [DEBUG] driver.raw_exec: started process with pid: 483
nomad-client_2    |     2018/10/01 01:25:37.479165 [DEBUG] client: updated allocations at index 444 (total 3) (pulled 0) (filtered 3)
nomad-server-1    |     2018/10/01 01:14:42.966424 [DEBUG] worker: updated evaluation <Eval "77ccc28f-a2d1-5b8f-5c7b-d2c53930cdbd" JobID: "example-1538356482-d9d47304d70dde85c8cc0800145560b8525e15f5" Namespace: "default">
nomad-server-3    |     2018/10/01 01:16:38.817566 [DEBUG] worker: dequeued evaluation c1da62f3-23ad-ad7c-c485-1c16ad152b11
nomad-server-2    | Desired Changes for "group-1538356486-81b8f11c3e3fc9a0371a502ab25de1609d9768c3": (place 1) (inplace 0) (destructive 0) (stop 0) (migrate 0) (ignore 0) (canary 0)
nomad-client_1    |     2018/10/01 01:15:12.491137 [DEBUG] client: updated allocations at index 115 (total 17) (pulled 0) (filtered 17)
nomad-client_2    |     2018/10/01 01:25:37.479732 [DEBUG] client: allocs: (added 0) (removed 0) (updated 0) (ignore 3)
nomad-server-1    |     2018/10/01 01:14:42.967210 [DEBUG] http: Request GET /v1/evaluations?index=64&wait=60000ms (1.3092ms)
nomad-server-3    |     2018/10/01 01:16:38.817692 [DEBUG] sched.core: eval GC: scanning before index 4 (10s)
nomad-server-2    |     2018/10/01 01:17:13.893010 [DEBUG] sched: <Eval "aa537623-acfd-ca89-03c9-ae402b80b5a7" JobID: "example-1538356562-1b2def53d207d5608a46df4d7533df738feef1bf" Namespace: "default">: Total changes: (place 0) (destructive 0) (inplace 0) (stop 0)
nomad-client_1    |     2018/10/01 01:15:12.491589 [DEBUG] client: allocs: (added 0) (removed 0) (updated 0) (ignore 17)
nomad-client_2    |     2018/10/01 01:25:38.561390 [DEBUG] client: updated allocations at index 449 (total 4) (pulled 1) (filtered 3)
nomad-server-1    |     2018/10/01 01:14:42.971263 [DEBUG] worker: ack for evaluation 77ccc28f-a2d1-5b8f-5c7b-d2c53930cdbd
nomad-server-3    |     2018/10/01 01:16:38.826436 [DEBUG] worker: dequeued evaluation 957173f7-1854-eab8-429b-0ed10465cace
nomad-server-2    |     2018/10/01 01:17:13.893190 [DEBUG] sched: <Eval "aa537623-acfd-ca89-03c9-ae402b80b5a7" JobID: "example-1538356562-1b2def53d207d5608a46df4d7533df738feef1bf" Namespace: "default">: setting status to complete
nomad-client_1    |     2018/10/01 01:15:12.617889 [DEBUG] client: updated allocations at index 116 (total 17) (pulled 0) (filtered 17)
nomad-client_2    |     2018/10/01 01:25:38.561674 [DEBUG] client: allocs: (added 1) (removed 0) (updated 0) (ignore 3)
nomad-server-1    |     2018/10/01 01:14:43.250894 [DEBUG] http: Request GET /v1/jobs?index=64&wait=60000ms (285.8269ms)
nomad-server-3    |     2018/10/01 01:16:38.826496 [DEBUG] worker: ack for evaluation c1da62f3-23ad-ad7c-c485-1c16ad152b11
nomad-server-2    |     2018/10/01 01:17:13.893362 [DEBUG] sched: <Eval "687e99b5-ee86-f1d0-a80e-e8c906f87bb5" JobID: "example-1538356526-f0375b95491ec5bd05726af98a5843ad46b4b3b4" Namespace: "default">: Total changes: (place 0) (destructive 0) (inplace 0) (stop 0)
nomad-client_1    |     2018/10/01 01:15:12.618423 [DEBUG] client: allocs: (added 0) (removed 0) (updated 0) (ignore 17)
nomad-client_2    |     2018/10/01 01:25:38.574001 [DEBUG] client: starting task runners for alloc '9448981f-097a-8074-0da9-5cd7006180a7'
nomad-server-1    |     2018/10/01 01:14:43.251781 [DEBUG] http: Request GET /v1/allocations?index=64&wait=60000ms (280.0257ms)
nomad-server-3    |     2018/10/01 01:16:38.826601 [DEBUG] sched.core: job GC: scanning before index 4 (30s)
nomad-server-2    |     2018/10/01 01:17:13.893411 [DEBUG] sched: <Eval "687e99b5-ee86-f1d0-a80e-e8c906f87bb5" JobID: "example-1538356526-f0375b95491ec5bd05726af98a5843ad46b4b3b4" Namespace: "default">: setting status to complete
nomad-client_1    | 2018-10-01T01:15:14.740Z [DEBUG] plugin.nomad: 2018/10/01 01:15:14 [ERR] plugin: plugin server: accept unix /tmp/plugin520506235: use of closed network connection
nomad-client_2    |     2018/10/01 01:25:38.574304 [DEBUG] client: starting task context for 'task-1538357137-66306bb85d984c4f4caf28a2ac0d98d653242229' (alloc '9448981f-097a-8074-0da9-5cd7006180a7')
nomad-server-1    |     2018/10/01 01:14:43.945103 [DEBUG] http: Request GET /v1/evaluation/77ccc28f-a2d1-5b8f-5c7b-d2c53930cdbd (551.3s)
nomad-server-3    |     2018/10/01 01:16:38.827936 [DEBUG] worker: ack for evaluation 957173f7-1854-eab8-429b-0ed10465cace
nomad-server-2    |     2018/10/01 01:17:13.893095 [DEBUG] sched: <Eval "d8ea570d-048f-bac1-ae3c-5b437b59608b" JobID: "example-1538356462-945cdecc828d971ef964407e3535305d61faab4c" Namespace: "default">: Total changes: (place 0) (destructive 0) (inplace 0) (stop 0)
nomad-client_1    | 2018-10-01T01:15:14.742Z [DEBUG] plugin: plugin process exited: path=/usr/bin/nomad
nomad-client_2    | 2018-10-01T01:25:38.588Z [DEBUG] plugin: starting plugin: path=/usr/bin/nomad args="[/usr/bin/nomad executor {"LogFile":"/opt/nomad/alloc/9448981f-097a-8074-0da9-5cd7006180a7/task-1538357137-66306bb85d984c4f4caf28a2ac0d98d653242229/executor.out","LogLevel":"DEBUG"}]"
nomad-server-1    |     2018/10/01 01:14:43.946844 [DEBUG] http: Request GET /v1/evaluation/77ccc28f-a2d1-5b8f-5c7b-d2c53930cdbd/allocations (223.8s)
nomad-server-3    |     2018/10/01 01:16:43.818444 [DEBUG] worker: dequeued evaluation bac269ff-7f89-d337-4a7e-1672cbcfa645
nomad-server-2    |     2018/10/01 01:17:13.893587 [DEBUG] sched: <Eval "d8ea570d-048f-bac1-ae3c-5b437b59608b" JobID: "example-1538356462-945cdecc828d971ef964407e3535305d61faab4c" Namespace: "default">: setting status to complete
nomad-client_1    |     2018/10/01 01:15:14.743089 [INFO] client: task "task-1538356507-826ed9cbee1d42fde6556ad0290c2e949bedf76d" for alloc "3536b7d8-678b-1f9a-d395-4937f93b874c" completed successfully
nomad-client_2    | 2018-10-01T01:25:38.589Z [DEBUG] plugin: waiting for RPC address: path=/usr/bin/nomad
nomad-server-1    |     2018/10/01 01:14:43.959178 [DEBUG] worker: dequeued evaluation d740270e-e83b-1208-0b16-b206610d8482
nomad-server-3    |     2018/10/01 01:16:43.819014 [DEBUG] sched.core: eval GC: scanning before index 4 (10s)
nomad-server-2    |     2018/10/01 01:17:13.893793 [DEBUG] sched: <Eval "f9ecd02b-9db2-403b-5e8b-b41550f2569b" JobID: "example-1538356522-dea0c75483ceb78cc3183415ae15c15f68aefc14" Namespace: "default">: Total changes: (place 0) (destructive 0) (inplace 0) (stop 0)
nomad-client_1    |     2018/10/01 01:15:14.743126 [INFO] client: Not restarting task: task-1538356507-826ed9cbee1d42fde6556ad0290c2e949bedf76d for alloc: 3536b7d8-678b-1f9a-d395-4937f93b874c 
nomad-client_2    | 2018-10-01T01:25:38.608Z [DEBUG] plugin.nomad: plugin address: timestamp=2018-10-01T01:25:38.608Z address=/tmp/plugin068077586 network=unix
nomad-server-1    |     2018/10/01 01:14:43.959343 [DEBUG] worker: dequeued evaluation e7825134-3250-644b-7e2c-b4a511b4468b
nomad-server-3    |     2018/10/01 01:16:43.819874 [DEBUG] worker: dequeued evaluation 29681211-a824-1942-a5ee-08b90f166cde
nomad-server-2    |     2018/10/01 01:17:13.893845 [DEBUG] sched: <Eval "f9ecd02b-9db2-403b-5e8b-b41550f2569b" JobID: "example-1538356522-dea0c75483ceb78cc3183415ae15c15f68aefc14" Namespace: "default">: setting status to complete
nomad-client_1    |     2018/10/01 01:15:14.743603 [INFO] client.gc: marking allocation 3536b7d8-678b-1f9a-d395-4937f93b874c for GC
nomad-client_2    |     2018/10/01 01:25:38.612148 [DEBUG] driver.raw_exec: started process with pid: 2233
nomad-server-1    |     2018/10/01 01:14:43.959445 [DEBUG] sched.core: deployment GC: scanning before index 0 (1h0m0s)
nomad-server-3    |     2018/10/01 01:16:43.820162 [DEBUG] sched.core: node GC: scanning before index 0 (1h0m0s)
nomad-server-2    |     2018/10/01 01:17:13.896884 [DEBUG] sched: <Eval "635c79a1-14cd-c9b6-153a-d1dcd52ed78b" JobID: "example-1538356587-1f48dae0108305aad510ffde6d521939c0b23856" Namespace: "default">: Total changes: (place 0) (destructive 0) (inplace 0) (stop 0)
nomad-client_1    |     2018/10/01 01:15:14.881238 [DEBUG] client: updated allocations at index 117 (total 17) (pulled 0) (filtered 17)
nomad-client_2    |     2018/10/01 01:25:38.804090 [DEBUG] client: updated allocations at index 451 (total 4) (pulled 0) (filtered 4)
nomad-server-1    |     2018/10/01 01:14:43.959579 [DEBUG] worker: ack for evaluation e7825134-3250-644b-7e2c-b4a511b4468b
nomad-server-3    |     2018/10/01 01:16:43.820482 [DEBUG] worker: ack for evaluation bac269ff-7f89-d337-4a7e-1672cbcfa645
nomad-server-2    |     2018/10/01 01:17:13.896914 [DEBUG] sched: <Eval "1237446a-9583-fe0d-e20c-3e0ad5c14f3f" JobID: "example-1538356493-05a06eb1dd5cefdb3959750f1f047f65b0ff1fcc" Namespace: "default">: Total changes: (place 0) (destructive 0) (inplace 0) (stop 0)
nomad-client_1    |     2018/10/01 01:15:14.882034 [DEBUG] client: allocs: (added 0) (removed 0) (updated 0) (ignore 17)
nomad-client_2    |     2018/10/01 01:25:38.804262 [DEBUG] client: allocs: (added 0) (removed 0) (updated 0) (ignore 4)
nomad-server-1    |     2018/10/01 01:14:43.960791 [DEBUG] sched.core: job GC: scanning before index 4 (30s)
nomad-server-3    |     2018/10/01 01:16:43.821018 [DEBUG] worker: ack for evaluation 29681211-a824-1942-a5ee-08b90f166cde
nomad-server-2    |     2018/10/01 01:17:13.896950 [DEBUG] sched: <Eval "1237446a-9583-fe0d-e20c-3e0ad5c14f3f" JobID: "example-1538356493-05a06eb1dd5cefdb3959750f1f047f65b0ff1fcc" Namespace: "default">: setting status to complete
nomad-client_1    |     2018/10/01 01:15:15.941710 [DEBUG] client: updated allocations at index 120 (total 18) (pulled 1) (filtered 17)
nomad-client_2    | 2018-10-01T01:25:40.969Z [DEBUG] plugin.nomad: 2018/10/01 01:25:40 [ERR] plugin: plugin server: accept unix /tmp/plugin032921660: use of closed network connection
nomad-server-1    |     2018/10/01 01:14:43.960911 [DEBUG] worker: ack for evaluation d740270e-e83b-1208-0b16-b206610d8482
nomad-server-3    |     2018/10/01 01:16:45 [DEBUG] memberlist: Initiating push/pull sync with: 172.21.0.3:4648
nomad-server-2    |     2018/10/01 01:17:13.896950 [DEBUG] sched: <Eval "f62a02d8-5664-8d67-c27e-f1a1ae241402" JobID: "example-1538356352-75136e6de4536a82113023c903e36cc1eaca76a4" Namespace: "default">: Total changes: (place 0) (destructive 0) (inplace 0) (stop 0)
nomad-client_1    |     2018/10/01 01:15:15.941895 [DEBUG] client: allocs: (added 1) (removed 0) (updated 0) (ignore 17)
nomad-client_2    | 2018-10-01T01:25:40.971Z [DEBUG] plugin: plugin process exited: path=/usr/bin/nomad
nomad-server-1    |     2018/10/01 01:14:45.644588 [DEBUG] http: Request GET /v1/allocations?index=66&wait=60000ms (2.3900906s)
nomad-server-3    |     2018/10/01 01:16:46 [DEBUG] memberlist: TCP connection from=172.21.0.3:58766
nomad-client_1    |     2018/10/01 01:15:15.955999 [DEBUG] client: starting task runners for alloc '6aea8c4b-5f1b-7b43-0fd2-c67b3127557e'
nomad-server-2    |     2018/10/01 01:17:13.897038 [DEBUG] sched: <Eval "f62a02d8-5664-8d67-c27e-f1a1ae241402" JobID: "example-1538356352-75136e6de4536a82113023c903e36cc1eaca76a4" Namespace: "default">: setting status to complete
nomad-client_2    |     2018/10/01 01:25:40.971522 [INFO] client: task "task-1538357134-b265dd3d497bac8441dada13a3fde9121791e531" for alloc "aef2b4b3-b195-a9b3-df69-1cdddee6cfaa" completed successfully
nomad-server-1    |     2018/10/01 01:14:45.645736 [DEBUG] http: Request GET /v1/jobs?index=66&wait=60000ms (2.3929522s)
nomad-server-3    |     2018/10/01 01:16:48.818621 [DEBUG] worker: dequeued evaluation bb83ca37-5f1f-8894-eb15-fb73cc4d64be
nomad-client_1    |     2018/10/01 01:15:15.956121 [DEBUG] client: starting task context for 'task-1538356515-5058c9d166cfb909972853de14f4f82582370983' (alloc '6aea8c4b-5f1b-7b43-0fd2-c67b3127557e')
nomad-server-2    |     2018/10/01 01:17:13.896920 [DEBUG] sched: <Eval "635c79a1-14cd-c9b6-153a-d1dcd52ed78b" JobID: "example-1538356587-1f48dae0108305aad510ffde6d521939c0b23856" Namespace: "default">: setting status to complete
nomad-client_2    |     2018/10/01 01:25:40.971555 [INFO] client: Not restarting task: task-1538357134-b265dd3d497bac8441dada13a3fde9121791e531 for alloc: aef2b4b3-b195-a9b3-df69-1cdddee6cfaa 
nomad-server-1    |     2018/10/01 01:14:45 [DEBUG] memberlist: TCP connection from=172.21.0.2:52732
nomad-server-3    |     2018/10/01 01:16:48.818865 [DEBUG] sched.core: deployment GC: scanning before index 0 (1h0m0s)
nomad-client_1    | 2018-10-01T01:15:15.970Z [DEBUG] plugin: starting plugin: path=/usr/bin/nomad args="[/usr/bin/nomad executor {"LogFile":"/opt/nomad/alloc/6aea8c4b-5f1b-7b43-0fd2-c67b3127557e/task-1538356515-5058c9d166cfb909972853de14f4f82582370983/executor.out","LogLevel":"DEBUG"}]"
nomad-server-2    |     2018/10/01 01:17:13.918878 [DEBUG] worker: updated evaluation <Eval "635c79a1-14cd-c9b6-153a-d1dcd52ed78b" JobID: "example-1538356587-1f48dae0108305aad510ffde6d521939c0b23856" Namespace: "default">
nomad-client_2    |     2018/10/01 01:25:40.971774 [INFO] client.gc: marking allocation aef2b4b3-b195-a9b3-df69-1cdddee6cfaa for GC
nomad-server-1    |     2018/10/01 01:14:46.625359 [DEBUG] http: Request GET /v1/jobs?index=67&wait=60000ms (977.9575ms)
nomad-server-3    |     2018/10/01 01:16:48.819438 [DEBUG] worker: dequeued evaluation a50085e9-c153-bd6f-d1de-16e9200397b7
nomad-client_1    | 2018-10-01T01:15:15.971Z [DEBUG] plugin: waiting for RPC address: path=/usr/bin/nomad
nomad-server-2    |     2018/10/01 01:17:13.919451 [DEBUG] worker: updated evaluation <Eval "687e99b5-ee86-f1d0-a80e-e8c906f87bb5" JobID: "example-1538356526-f0375b95491ec5bd05726af98a5843ad46b4b3b4" Namespace: "default">
nomad-client_2    |     2018/10/01 01:25:41.270286 [DEBUG] client: updated allocations at index 453 (total 4) (pulled 0) (filtered 4)
nomad-server-1    |     2018/10/01 01:14:46.628941 [DEBUG] http: Request PUT /v1/jobs (20.4257ms)
nomad-server-3    |     2018/10/01 01:16:48.819550 [DEBUG] sched.core: eval GC: scanning before index 4 (10s)
nomad-client_1    | 2018-10-01T01:15:15.988Z [DEBUG] plugin.nomad: plugin address: timestamp=2018-10-01T01:15:15.988Z address=/tmp/plugin842660470 network=unix
nomad-server-2    |     2018/10/01 01:17:13.921019 [DEBUG] worker: updated evaluation <Eval "aa537623-acfd-ca89-03c9-ae402b80b5a7" JobID: "example-1538356562-1b2def53d207d5608a46df4d7533df738feef1bf" Namespace: "default">
nomad-client_2    |     2018/10/01 01:25:41.272053 [DEBUG] client: allocs: (added 0) (removed 0) (updated 0) (ignore 4)
nomad-server-1    |     2018/10/01 01:14:46.629371 [DEBUG] http: Request GET /v1/evaluations?index=65&wait=60000ms (3.6547628s)
nomad-server-3    |     2018/10/01 01:16:48.820346 [DEBUG] worker: ack for evaluation bb83ca37-5f1f-8894-eb15-fb73cc4d64be
nomad-client_1    |     2018/10/01 01:15:15.992448 [DEBUG] driver.raw_exec: started process with pid: 500
nomad-server-2    |     2018/10/01 01:17:13.921981 [DEBUG] worker: ack for evaluation 687e99b5-ee86-f1d0-a80e-e8c906f87bb5
nomad-client_2    |     2018/10/01 01:25:42.221619 [DEBUG] client: updated allocations at index 456 (total 5) (pulled 1) (filtered 4)
nomad-server-1    |     2018/10/01 01:14:46.631920 [DEBUG] http: Request GET /v1/evaluation/19011549-97b7-3740-07cb-efb70f7f6c99 (193.9s)
nomad-server-3    |     2018/10/01 01:16:48.820378 [DEBUG] worker: ack for evaluation a50085e9-c153-bd6f-d1de-16e9200397b7
nomad-client_1    |     2018/10/01 01:15:16.280230 [DEBUG] client: updated allocations at index 122 (total 18) (pulled 0) (filtered 18)
nomad-server-2    |     2018/10/01 01:17:13.924943 [DEBUG] worker: updated evaluation <Eval "d8ea570d-048f-bac1-ae3c-5b437b59608b" JobID: "example-1538356462-945cdecc828d971ef964407e3535305d61faab4c" Namespace: "default">
nomad-client_2    |     2018/10/01 01:25:42.221870 [DEBUG] client: allocs: (added 1) (removed 0) (updated 0) (ignore 4)
nomad-server-1    |     2018/10/01 01:14:46.633378 [DEBUG] http: Request GET /v1/evaluation/19011549-97b7-3740-07cb-efb70f7f6c99/allocations (196.4s)
nomad-server-3    |     2018/10/01 01:16:53.829501 [DEBUG] worker: dequeued evaluation 5ba24d91-737b-743b-4c7e-1df4b0adb54e
nomad-client_1    |     2018/10/01 01:15:16.280816 [DEBUG] client: allocs: (added 0) (removed 0) (updated 0) (ignore 18)
nomad-server-2    |     2018/10/01 01:17:13.925869 [DEBUG] worker: submitted plan at index 332 for evaluation b7e48b01-7b82-6df5-037d-3143c9a31188
nomad-client_2    |     2018/10/01 01:25:42.237595 [DEBUG] client: starting task runners for alloc '25064f38-6e82-f310-feb0-2c8080b16a58'
nomad-server-1    |     2018/10/01 01:14:46.741125 [DEBUG] http: Request GET /v1/jobs?index=68&wait=60000ms (112.8547ms)
nomad-server-3    |     2018/10/01 01:16:53.830580 [DEBUG] sched.core: deployment GC: scanning before index 0 (1h0m0s)
nomad-client_1    | 2018-10-01T01:15:18.375Z [DEBUG] plugin.nomad: 2018/10/01 01:15:18 [ERR] plugin: plugin server: accept unix /tmp/plugin490947435: use of closed network connection
nomad-server-2    |     2018/10/01 01:17:13.925972 [DEBUG] sched: <Eval "b7e48b01-7b82-6df5-037d-3143c9a31188" JobID: "example-1538356486-81b8f11c3e3fc9a0371a502ab25de1609d9768c3" Namespace: "default">: setting status to complete
nomad-client_2    |     2018/10/01 01:25:42.237916 [DEBUG] client: starting task context for 'task-1538357141-bdbe37613a6b6a6a62508f78f9d6d7976f5c33c4' (alloc '25064f38-6e82-f310-feb0-2c8080b16a58')
nomad-server-1    |     2018/10/01 01:14:46.742014 [DEBUG] http: Request GET /v1/evaluations?index=69&wait=60000ms (110.5567ms)
nomad-server-3    |     2018/10/01 01:16:53.831086 [DEBUG] worker: dequeued evaluation 3ab72be1-b528-fe88-eb81-63b438946ec7
nomad-client_1    | 2018-10-01T01:15:18.377Z [DEBUG] plugin: plugin process exited: path=/usr/bin/nomad
nomad-server-2    |     2018/10/01 01:17:13.928012 [DEBUG] worker: ack for evaluation aa537623-acfd-ca89-03c9-ae402b80b5a7
nomad-client_2    | 2018-10-01T01:25:42.250Z [DEBUG] plugin: starting plugin: path=/usr/bin/nomad args="[/usr/bin/nomad executor {"LogFile":"/opt/nomad/alloc/25064f38-6e82-f310-feb0-2c8080b16a58/task-1538357141-bdbe37613a6b6a6a62508f78f9d6d7976f5c33c4/executor.out","LogLevel":"DEBUG"}]"
nomad-server-1    |     2018/10/01 01:14:46.744158 [DEBUG] http: Request GET /v1/allocations?index=67&wait=60000ms (1.0932293s)
nomad-server-3    |     2018/10/01 01:16:53.831931 [DEBUG] sched.core: job GC: scanning before index 4 (30s)
nomad-client_1    |     2018/10/01 01:15:18.377648 [INFO] client: task "task-1538356511-711f6a8759a36fbc1f042e694e810d77d7511092" for alloc "289dbf7b-456f-395e-f5af-b4229abda89b" completed successfully
nomad-server-2    |     2018/10/01 01:17:13.937588 [DEBUG] worker: updated evaluation <Eval "f62a02d8-5664-8d67-c27e-f1a1ae241402" JobID: "example-1538356352-75136e6de4536a82113023c903e36cc1eaca76a4" Namespace: "default">
nomad-client_2    | 2018-10-01T01:25:42.251Z [DEBUG] plugin: waiting for RPC address: path=/usr/bin/nomad
nomad-server-1    |     2018/10/01 01:14:46.754265 [DEBUG] http: Request GET /v1/evaluations?index=70&wait=60000ms (9.518ms)
nomad-server-3    |     2018/10/01 01:16:53.833689 [DEBUG] worker: ack for evaluation 5ba24d91-737b-743b-4c7e-1df4b0adb54e
nomad-client_1    |     2018/10/01 01:15:18.377693 [INFO] client: Not restarting task: task-1538356511-711f6a8759a36fbc1f042e694e810d77d7511092 for alloc: 289dbf7b-456f-395e-f5af-b4229abda89b 
nomad-server-2    |     2018/10/01 01:17:13.938487 [DEBUG] worker: dequeued evaluation 96f55a10-07ff-d0a5-71e0-a8a6834264d1
nomad-client_2    | 2018-10-01T01:25:42.267Z [DEBUG] plugin.nomad: plugin address: timestamp=2018-10-01T01:25:42.266Z address=/tmp/plugin811912593 network=unix
nomad-server-1    |     2018/10/01 01:14:46.848982 [DEBUG] http: Request GET /v1/allocations?index=70&wait=60000ms (95.2764ms)
nomad-server-3    |     2018/10/01 01:16:53.834041 [DEBUG] worker: ack for evaluation 3ab72be1-b528-fe88-eb81-63b438946ec7
nomad-client_1    |     2018/10/01 01:15:18.377923 [INFO] client.gc: marking allocation 289dbf7b-456f-395e-f5af-b4229abda89b for GC
nomad-server-2    |     2018/10/01 01:17:13.938747 [DEBUG] sched: <Eval "96f55a10-07ff-d0a5-71e0-a8a6834264d1" JobID: "example-1538356500-39e5945481b60bf0e6640ed3b620fb94646c3f71" Namespace: "default">: Total changes: (place 0) (destructive 0) (inplace 0) (stop 0)
nomad-client_2    |     2018/10/01 01:25:42.271737 [DEBUG] driver.raw_exec: started process with pid: 2267
nomad-server-1    |     2018/10/01 01:14:47 [DEBUG] memberlist: Initiating push/pull sync with: 172.21.0.4:4648
nomad-server-3    |     2018/10/01 01:16:53.979602 [DEBUG] worker: dequeued evaluation 11ae9cc8-a83f-3435-5fbe-a0e3a91c5610
nomad-client_1    |     2018/10/01 01:15:18.612554 [DEBUG] client: updated allocations at index 123 (total 18) (pulled 0) (filtered 18)
nomad-server-2    |     2018/10/01 01:17:13.938785 [DEBUG] sched: <Eval "96f55a10-07ff-d0a5-71e0-a8a6834264d1" JobID: "example-1538356500-39e5945481b60bf0e6640ed3b620fb94646c3f71" Namespace: "default">: setting status to complete
nomad-client_2    |     2018/10/01 01:25:42.446861 [DEBUG] client: updated allocations at index 458 (total 5) (pulled 0) (filtered 5)
nomad-server-1    |     2018/10/01 01:14:47.047563 [DEBUG] http: Request GET /v1/jobs?index=70&wait=60000ms (303.2229ms)
nomad-server-3    |     2018/10/01 01:16:54.081908 [DEBUG] sched: <Eval "11ae9cc8-a83f-3435-5fbe-a0e3a91c5610" JobID: "example-1538356613-521d721e98df150aa3781c5127118076b617c900" Namespace: "default">: Total changes: (place 1) (destructive 0) (inplace 0) (stop 0)
nomad-client_1    |     2018/10/01 01:15:18.614162 [DEBUG] client: allocs: (added 0) (removed 0) (updated 0) (ignore 18)
nomad-server-2    |     2018/10/01 01:17:13.939974 [DEBUG] worker: dequeued evaluation 2d01b12c-76e9-8cab-1f50-4411c5485356
nomad-client_2    |     2018/10/01 01:25:42.447038 [DEBUG] client: allocs: (added 0) (removed 0) (updated 0) (ignore 5)
nomad-server-1    |     2018/10/01 01:14:47.047720 [DEBUG] http: Request GET /v1/allocations?index=72&wait=60000ms (195.7208ms)
nomad-server-3    | Desired Changes for "group-1538356613-521d721e98df150aa3781c5127118076b617c900": (place 1) (inplace 0) (destructive 0) (stop 0) (migrate 0) (ignore 0) (canary 0)
nomad-client_1    |     2018/10/01 01:15:19.576094 [DEBUG] client: updated allocations at index 126 (total 19) (pulled 1) (filtered 18)
nomad-server-2    |     2018/10/01 01:17:13.940242 [DEBUG] sched: <Eval "2d01b12c-76e9-8cab-1f50-4411c5485356" JobID: "example-1538356540-33e4e258ef4630736b5cb535b51c1f0b01b29d5d" Namespace: "default">: Total changes: (place 0) (destructive 0) (inplace 0) (stop 0)
nomad-client_2    | 2018-10-01T01:25:44.619Z [DEBUG] plugin.nomad: 2018/10/01 01:25:44 [ERR] plugin: plugin server: accept unix /tmp/plugin068077586: use of closed network connection
nomad-server-1    |     2018/10/01 01:14:47.635461 [DEBUG] http: Request GET /v1/evaluation/19011549-97b7-3740-07cb-efb70f7f6c99 (559.4s)
nomad-server-3    |     2018/10/01 01:16:54.090799 [DEBUG] worker: submitted plan at index 289 for evaluation 11ae9cc8-a83f-3435-5fbe-a0e3a91c5610
nomad-client_1    |     2018/10/01 01:15:19.576327 [DEBUG] client: allocs: (added 1) (removed 0) (updated 0) (ignore 18)
nomad-server-2    |     2018/10/01 01:17:13.940270 [DEBUG] sched: <Eval "2d01b12c-76e9-8cab-1f50-4411c5485356" JobID: "example-1538356540-33e4e258ef4630736b5cb535b51c1f0b01b29d5d" Namespace: "default">: setting status to complete
nomad-client_2    | 2018-10-01T01:25:44.621Z [DEBUG] plugin: plugin process exited: path=/usr/bin/nomad
nomad-server-1    |     2018/10/01 01:14:47.639185 [DEBUG] http: Request GET /v1/evaluation/19011549-97b7-3740-07cb-efb70f7f6c99/allocations (1.6752ms)
nomad-server-3    |     2018/10/01 01:16:54.090883 [DEBUG] sched: <Eval "11ae9cc8-a83f-3435-5fbe-a0e3a91c5610" JobID: "example-1538356613-521d721e98df150aa3781c5127118076b617c900" Namespace: "default">: setting status to complete
nomad-client_1    |     2018/10/01 01:15:19.591057 [DEBUG] client: starting task runners for alloc '3420d1d3-1557-7d9a-b6c6-4ff5d3658f13'
nomad-server-2    |     2018/10/01 01:17:13.942944 [DEBUG] worker: ack for evaluation 635c79a1-14cd-c9b6-153a-d1dcd52ed78b
nomad-client_2    |     2018/10/01 01:25:44.621453 [INFO] client: task "task-1538357137-66306bb85d984c4f4caf28a2ac0d98d653242229" for alloc "9448981f-097a-8074-0da9-5cd7006180a7" completed successfully
nomad-server-1    |     2018/10/01 01:14:48.959712 [DEBUG] worker: dequeued evaluation 1e7b001b-aa10-a840-7295-71fe09003f74
nomad-server-3    |     2018/10/01 01:16:54.100228 [DEBUG] worker: updated evaluation <Eval "11ae9cc8-a83f-3435-5fbe-a0e3a91c5610" JobID: "example-1538356613-521d721e98df150aa3781c5127118076b617c900" Namespace: "default">
nomad-client_1    |     2018/10/01 01:15:19.591423 [DEBUG] client: starting task context for 'task-1538356518-5906f3849d8c39f359238cd749b74a423f076e10' (alloc '3420d1d3-1557-7d9a-b6c6-4ff5d3658f13')
nomad-server-2    |     2018/10/01 01:17:13.943110 [DEBUG] worker: ack for evaluation d8ea570d-048f-bac1-ae3c-5b437b59608b
nomad-client_2    |     2018/10/01 01:25:44.621489 [INFO] client: Not restarting task: task-1538357137-66306bb85d984c4f4caf28a2ac0d98d653242229 for alloc: 9448981f-097a-8074-0da9-5cd7006180a7 
nomad-server-1    |     2018/10/01 01:14:48.959911 [DEBUG] sched.core: eval GC: scanning before index 4 (10s)
nomad-server-3    |     2018/10/01 01:16:54.104066 [DEBUG] worker: ack for evaluation 11ae9cc8-a83f-3435-5fbe-a0e3a91c5610
nomad-client_1    | 2018-10-01T01:15:19.605Z [DEBUG] plugin: starting plugin: path=/usr/bin/nomad args="[/usr/bin/nomad executor {"LogFile":"/opt/nomad/alloc/3420d1d3-1557-7d9a-b6c6-4ff5d3658f13/task-1538356518-5906f3849d8c39f359238cd749b74a423f076e10/executor.out","LogLevel":"DEBUG"}]"
nomad-server-2    |     2018/10/01 01:17:13.958002 [DEBUG] worker: ack for evaluation f62a02d8-5664-8d67-c27e-f1a1ae241402
nomad-client_2    |     2018/10/01 01:25:44.621841 [INFO] client.gc: marking allocation 9448981f-097a-8074-0da9-5cd7006180a7 for GC
nomad-server-1    |     2018/10/01 01:14:48.960193 [DEBUG] worker: dequeued evaluation 4c635444-6e76-eb0d-9641-3130ad2a24ec
nomad-server-3    |     2018/10/01 01:16:58.785955 [DEBUG] worker: dequeued evaluation 08b8f881-dad9-dc7b-02cd-378e41aa8367
nomad-client_1    | 2018-10-01T01:15:19.606Z [DEBUG] plugin: waiting for RPC address: path=/usr/bin/nomad
nomad-server-2    |     2018/10/01 01:17:13.964001 [DEBUG] worker: updated evaluation <Eval "f9ecd02b-9db2-403b-5e8b-b41550f2569b" JobID: "example-1538356522-dea0c75483ceb78cc3183415ae15c15f68aefc14" Namespace: "default">
nomad-client_2    |     2018/10/01 01:25:44.881948 [DEBUG] client: updated allocations at index 459 (total 5) (pulled 0) (filtered 5)
nomad-server-1    |     2018/10/01 01:14:48.960435 [DEBUG] sched.core: job GC: scanning before index 4 (30s)
nomad-server-3    |     2018/10/01 01:16:58.786084 [DEBUG] sched.core: deployment GC: scanning before index 0 (1h0m0s)
nomad-client_1    | 2018-10-01T01:15:19.624Z [DEBUG] plugin.nomad: plugin address: timestamp=2018-10-01T01:15:19.623Z network=unix address=/tmp/plugin062460012
nomad-server-2    |     2018/10/01 01:17:13.964333 [DEBUG] worker: dequeued evaluation 87a26b5c-d3bb-53b2-71b2-cc8f267f13e1
nomad-client_2    |     2018/10/01 01:25:44.882214 [DEBUG] client: allocs: (added 0) (removed 0) (updated 0) (ignore 5)
nomad-server-1    |     2018/10/01 01:14:48.960480 [DEBUG] worker: ack for evaluation 1e7b001b-aa10-a840-7295-71fe09003f74
nomad-server-3    |     2018/10/01 01:16:58.786444 [DEBUG] worker: dequeued evaluation e46b69e0-42fc-dd61-6a13-ed9ac8f288a5
nomad-client_1    |     2018/10/01 01:15:19.627675 [DEBUG] driver.raw_exec: started process with pid: 520
nomad-server-2    |     2018/10/01 01:17:13.965129 [DEBUG] sched: <Eval "87a26b5c-d3bb-53b2-71b2-cc8f267f13e1" JobID: "example-1538356566-908323f6b0e4b646d2156cc939ef2a4a291e0b8a" Namespace: "default">: Total changes: (place 0) (destructive 0) (inplace 0) (stop 0)
nomad-client_2    |     2018/10/01 01:25:45.893997 [DEBUG] client: updated allocations at index 462 (total 6) (pulled 1) (filtered 5)
nomad-server-1    |     2018/10/01 01:14:48.960679 [DEBUG] worker: ack for evaluation 4c635444-6e76-eb0d-9641-3130ad2a24ec
nomad-server-3    |     2018/10/01 01:16:58.786588 [DEBUG] sched.core: job GC: scanning before index 4 (30s)
nomad-client_1    |     2018/10/01 01:15:19.888014 [DEBUG] client: updated allocations at index 128 (total 19) (pulled 0) (filtered 19)
nomad-server-2    |     2018/10/01 01:17:13.965241 [DEBUG] sched: <Eval "87a26b5c-d3bb-53b2-71b2-cc8f267f13e1" JobID: "example-1538356566-908323f6b0e4b646d2156cc939ef2a4a291e0b8a" Namespace: "default">: setting status to complete
nomad-client_2    |     2018/10/01 01:25:45.894229 [DEBUG] client: allocs: (added 1) (removed 0) (updated 0) (ignore 5)
nomad-server-1    |     2018/10/01 01:14:49.249602 [DEBUG] http: Request GET /v1/jobs?index=73&wait=60000ms (2.1987214s)
nomad-server-3    |     2018/10/01 01:16:58.786833 [DEBUG] worker: ack for evaluation 08b8f881-dad9-dc7b-02cd-378e41aa8367
nomad-client_1    |     2018/10/01 01:15:19.888325 [DEBUG] client: allocs: (added 0) (removed 0) (updated 0) (ignore 19)
nomad-server-2    |     2018/10/01 01:17:13.964460 [DEBUG] worker: dequeued evaluation 0c60b008-1934-8baa-c041-c0e719b919c2
nomad-client_2    |     2018/10/01 01:25:45.906490 [DEBUG] client: starting task runners for alloc '63422824-06c2-7cd8-0033-b24d1caead13'
nomad-server-1    |     2018/10/01 01:14:49.250073 [DEBUG] http: Request GET /v1/allocations?index=73&wait=60000ms (2.1981041s)
nomad-server-3    |     2018/10/01 01:16:58.793348 [DEBUG] worker: ack for evaluation e46b69e0-42fc-dd61-6a13-ed9ac8f288a5
nomad-client_1    | 2018-10-01T01:15:21.999Z [DEBUG] plugin.nomad: 2018/10/01 01:15:21 [ERR] plugin: plugin server: accept unix /tmp/plugin842660470: use of closed network connection
nomad-server-2    |     2018/10/01 01:17:13.965491 [DEBUG] sched: <Eval "0c60b008-1934-8baa-c041-c0e719b919c2" JobID: "example-1538356515-5058c9d166cfb909972853de14f4f82582370983" Namespace: "default">: Total changes: (place 0) (destructive 0) (inplace 0) (stop 0)
nomad-client_2    |     2018/10/01 01:25:45.906634 [DEBUG] client: starting task context for 'task-1538357145-bae234cfcbeefb0656ac1f66e1002f5f25ba83bd' (alloc '63422824-06c2-7cd8-0033-b24d1caead13')
nomad-server-1    |     2018/10/01 01:14:50.286848 [DEBUG] http: Request GET /v1/jobs?index=74&wait=60000ms (1.0351336s)
nomad-server-3    |     2018/10/01 01:17:03.782076 [DEBUG] worker: dequeued evaluation 3a5caf91-9e30-cf50-7c04-4e21aea68ae6
nomad-client_1    | 2018-10-01T01:15:22.001Z [DEBUG] plugin: plugin process exited: path=/usr/bin/nomad
nomad-server-2    |     2018/10/01 01:17:13.965539 [DEBUG] sched: <Eval "0c60b008-1934-8baa-c041-c0e719b919c2" JobID: "example-1538356515-5058c9d166cfb909972853de14f4f82582370983" Namespace: "default">: setting status to complete
nomad-client_2    | 2018-10-01T01:25:45.919Z [DEBUG] plugin: starting plugin: path=/usr/bin/nomad args="[/usr/bin/nomad executor {"LogFile":"/opt/nomad/alloc/63422824-06c2-7cd8-0033-b24d1caead13/task-1538357145-bae234cfcbeefb0656ac1f66e1002f5f25ba83bd/executor.out","LogLevel":"DEBUG"}]"
nomad-server-1    |     2018/10/01 01:14:50.293672 [DEBUG] http: Request PUT /v1/jobs (16.1512ms)
nomad-server-3    |     2018/10/01 01:17:03.782382 [DEBUG] sched.core: deployment GC: scanning before index 0 (1h0m0s)
nomad-client_1    |     2018/10/01 01:15:22.001476 [INFO] client: task "task-1538356515-5058c9d166cfb909972853de14f4f82582370983" for alloc "6aea8c4b-5f1b-7b43-0fd2-c67b3127557e" completed successfully
nomad-server-2    |     2018/10/01 01:17:13.968818 [DEBUG] worker: updated evaluation <Eval "1237446a-9583-fe0d-e20c-3e0ad5c14f3f" JobID: "example-1538356493-05a06eb1dd5cefdb3959750f1f047f65b0ff1fcc" Namespace: "default">
nomad-client_2    | 2018-10-01T01:25:45.919Z [DEBUG] plugin: waiting for RPC address: path=/usr/bin/nomad
nomad-server-1    |     2018/10/01 01:14:50.294049 [DEBUG] http: Request GET /v1/evaluations?index=71&wait=60000ms (3.5371509s)
nomad-server-3    |     2018/10/01 01:17:03.783143 [DEBUG] worker: ack for evaluation 3a5caf91-9e30-cf50-7c04-4e21aea68ae6
nomad-client_1    |     2018/10/01 01:15:22.001527 [INFO] client: Not restarting task: task-1538356515-5058c9d166cfb909972853de14f4f82582370983 for alloc: 6aea8c4b-5f1b-7b43-0fd2-c67b3127557e 
nomad-server-2    |     2018/10/01 01:17:13.970966 [DEBUG] worker: ack for evaluation f9ecd02b-9db2-403b-5e8b-b41550f2569b
nomad-client_2    | 2018-10-01T01:25:45.940Z [DEBUG] plugin.nomad: plugin address: timestamp=2018-10-01T01:25:45.940Z address=/tmp/plugin306740680 network=unix
nomad-server-1    |     2018/10/01 01:14:50.295248 [DEBUG] http: Request GET /v1/evaluation/9a86c357-e943-1c2a-0e4a-609884d803eb (238.6s)
nomad-server-3    |     2018/10/01 01:17:03.783340 [DEBUG] worker: dequeued evaluation fe02b25e-8cc8-5e88-fc7e-ebba10e79ddb
nomad-client_1    |     2018/10/01 01:15:22.001808 [INFO] client.gc: marking allocation 6aea8c4b-5f1b-7b43-0fd2-c67b3127557e for GC
nomad-server-2    |     2018/10/01 01:17:13.972320 [DEBUG] worker: ack for evaluation 1237446a-9583-fe0d-e20c-3e0ad5c14f3f
nomad-client_2    |     2018/10/01 01:25:45.943972 [DEBUG] driver.raw_exec: started process with pid: 2306
nomad-server-1    |     2018/10/01 01:14:50.307003 [DEBUG] http: Request GET /v1/evaluation/9a86c357-e943-1c2a-0e4a-609884d803eb/allocations (201.4s)
nomad-server-3    |     2018/10/01 01:17:03.783557 [DEBUG] sched.core: job GC: scanning before index 4 (30s)
nomad-client_1    |     2018/10/01 01:15:22.265395 [DEBUG] client: updated allocations at index 129 (total 19) (pulled 0) (filtered 19)
nomad-server-2    |     2018/10/01 01:17:13.972485 [DEBUG] worker: dequeued evaluation 72839991-b513-335c-d9ca-1412faa40d83
nomad-client_2    |     2018/10/01 01:25:46.041018 [DEBUG] client: updated allocations at index 464 (total 6) (pulled 0) (filtered 6)
nomad-server-1    |     2018/10/01 01:14:50.413981 [DEBUG] http: Request GET /v1/evaluations?index=76&wait=60000ms (108.6095ms)
nomad-server-3    |     2018/10/01 01:17:03.784448 [DEBUG] worker: ack for evaluation fe02b25e-8cc8-5e88-fc7e-ebba10e79ddb
nomad-client_1    |     2018/10/01 01:15:22.265766 [DEBUG] client: allocs: (added 0) (removed 0) (updated 0) (ignore 19)
nomad-server-2    |     2018/10/01 01:17:13.972848 [DEBUG] sched: <Eval "72839991-b513-335c-d9ca-1412faa40d83" JobID: "example-1538356328-52f2a4000757e6653ed4ecf751375ae5f9e7a0b1" Namespace: "default">: Total changes: (place 0) (destructive 0) (inplace 0) (stop 0)
nomad-client_2    |     2018/10/01 01:25:46.041345 [DEBUG] client: allocs: (added 0) (removed 0) (updated 0) (ignore 6)
nomad-server-1    |     2018/10/01 01:14:50.414652 [DEBUG] http: Request GET /v1/jobs?index=75&wait=60000ms (125.9206ms)
nomad-server-3    |     2018/10/01 01:17:05.980598 [DEBUG] worker: dequeued evaluation 1ebcd323-b2c5-0323-9e06-6e8e716e7bac
nomad-client_1    |     2018/10/01 01:15:23.204538 [DEBUG] client: updated allocations at index 132 (total 20) (pulled 1) (filtered 19)
nomad-server-2    |     2018/10/01 01:17:13.973611 [DEBUG] sched: <Eval "72839991-b513-335c-d9ca-1412faa40d83" JobID: "example-1538356328-52f2a4000757e6653ed4ecf751375ae5f9e7a0b1" Namespace: "default">: setting status to complete
nomad-client_2    |     2018/10/01 01:25:46.235463 [DEBUG] client: updated allocations at index 465 (total 6) (pulled 0) (filtered 6)
nomad-server-1    |     2018/10/01 01:14:50.424165 [DEBUG] http: Request GET /v1/allocations?index=74&wait=60000ms (1.1714936s)
nomad-server-3    |     2018/10/01 01:17:06.083772 [DEBUG] sched: <Eval "1ebcd323-b2c5-0323-9e06-6e8e716e7bac" JobID: "example-1538356624-1cf24249ce2ccd4d390adcff2046e19b83e5e1ec" Namespace: "default">: Total changes: (place 1) (destructive 0) (inplace 0) (stop 0)
nomad-client_1    |     2018/10/01 01:15:23.204764 [DEBUG] client: allocs: (added 1) (removed 0) (updated 0) (ignore 19)
nomad-server-2    |     2018/10/01 01:17:13.975763 [DEBUG] worker: dequeued evaluation c9c2dbf8-67a5-eb41-be2f-446f0e4fc860
nomad-client_2    |     2018/10/01 01:25:46.235854 [DEBUG] client: allocs: (added 0) (removed 0) (updated 0) (ignore 6)
nomad-server-1    |     2018/10/01 01:14:50.427172 [DEBUG] http: Request GET /v1/evaluations?index=77&wait=60000ms (514.6s)
nomad-server-3    | Desired Changes for "group-1538356624-1cf24249ce2ccd4d390adcff2046e19b83e5e1ec": (place 1) (inplace 0) (destructive 0) (stop 0) (migrate 0) (ignore 0) (canary 0)
nomad-client_1    |     2018/10/01 01:15:23.217720 [DEBUG] client: starting task runners for alloc '72107cd7-ef59-edbe-af81-459c3fafdcdb'
nomad-server-2    |     2018/10/01 01:17:13.975814 [DEBUG] worker: dequeued evaluation d08604b7-43af-fd5f-c086-af4aad97d887
nomad-server-1    |     2018/10/01 01:14:50.654368 [DEBUG] http: Request GET /v1/jobs?index=77&wait=60000ms (226.7126ms)
nomad-client_2    | 2018-10-01T01:25:48.276Z [DEBUG] plugin.nomad: 2018/10/01 01:25:48 [ERR] plugin: plugin server: accept unix /tmp/plugin811912593: use of closed network connection
nomad-server-3    |     2018/10/01 01:17:06.091678 [DEBUG] worker: submitted plan at index 307 for evaluation 1ebcd323-b2c5-0323-9e06-6e8e716e7bac
nomad-client_1    |     2018/10/01 01:15:23.218116 [DEBUG] client: starting task context for 'task-1538356522-dea0c75483ceb78cc3183415ae15c15f68aefc14' (alloc '72107cd7-ef59-edbe-af81-459c3fafdcdb')
nomad-server-2    |     2018/10/01 01:17:13.975935 [DEBUG] sched: <Eval "c9c2dbf8-67a5-eb41-be2f-446f0e4fc860" JobID: "example-1538356459-88f07cf9039a4527b3e867acbb9ebe7154d0230e" Namespace: "default">: Total changes: (place 0) (destructive 0) (inplace 0) (stop 0)
nomad-server-1    |     2018/10/01 01:14:50.657581 [DEBUG] http: Request GET /v1/allocations?index=77&wait=60000ms (228.4177ms)
nomad-client_2    | 2018-10-01T01:25:48.278Z [DEBUG] plugin: plugin process exited: path=/usr/bin/nomad
nomad-server-3    |     2018/10/01 01:17:06.091773 [DEBUG] sched: <Eval "1ebcd323-b2c5-0323-9e06-6e8e716e7bac" JobID: "example-1538356624-1cf24249ce2ccd4d390adcff2046e19b83e5e1ec" Namespace: "default">: setting status to complete
nomad-client_1    | 2018-10-01T01:15:23.231Z [DEBUG] plugin: starting plugin: path=/usr/bin/nomad args="[/usr/bin/nomad executor {"LogFile":"/opt/nomad/alloc/72107cd7-ef59-edbe-af81-459c3fafdcdb/task-1538356522-dea0c75483ceb78cc3183415ae15c15f68aefc14/executor.out","LogLevel":"DEBUG"}]"
nomad-server-2    |     2018/10/01 01:17:13.975951 [DEBUG] sched: <Eval "d08604b7-43af-fd5f-c086-af4aad97d887" JobID: "example-1538356569-c82db7ab98ff18e4fd728570894795e282a4001d" Namespace: "default">: Total changes: (place 0) (destructive 0) (inplace 0) (stop 0)
nomad-server-1    |     2018/10/01 01:14:51.310035 [DEBUG] http: Request GET /v1/evaluation/9a86c357-e943-1c2a-0e4a-609884d803eb (465.1s)
nomad-client_2    |     2018/10/01 01:25:48.278808 [INFO] client: task "task-1538357141-bdbe37613a6b6a6a62508f78f9d6d7976f5c33c4" for alloc "25064f38-6e82-f310-feb0-2c8080b16a58" completed successfully
nomad-server-3    |     2018/10/01 01:17:06.102373 [DEBUG] worker: updated evaluation <Eval "1ebcd323-b2c5-0323-9e06-6e8e716e7bac" JobID: "example-1538356624-1cf24249ce2ccd4d390adcff2046e19b83e5e1ec" Namespace: "default">
nomad-client_1    | 2018-10-01T01:15:23.232Z [DEBUG] plugin: waiting for RPC address: path=/usr/bin/nomad
nomad-server-2    |     2018/10/01 01:17:13.975968 [DEBUG] sched: <Eval "c9c2dbf8-67a5-eb41-be2f-446f0e4fc860" JobID: "example-1538356459-88f07cf9039a4527b3e867acbb9ebe7154d0230e" Namespace: "default">: setting status to complete
nomad-server-1    |     2018/10/01 01:14:51.312261 [DEBUG] http: Request GET /v1/evaluation/9a86c357-e943-1c2a-0e4a-609884d803eb/allocations (341.3s)
nomad-client_2    |     2018/10/01 01:25:48.278917 [INFO] client: Not restarting task: task-1538357141-bdbe37613a6b6a6a62508f78f9d6d7976f5c33c4 for alloc: 25064f38-6e82-f310-feb0-2c8080b16a58 
nomad-server-3    |     2018/10/01 01:17:06.103370 [DEBUG] worker: ack for evaluation 1ebcd323-b2c5-0323-9e06-6e8e716e7bac
nomad-client_1    | 2018-10-01T01:15:23.250Z [DEBUG] plugin.nomad: plugin address: timestamp=2018-10-01T01:15:23.250Z address=/tmp/plugin770001307 network=unix
